172.19.0.1 - - [09/Sep/2021:16:32:50 +0000] "POST /wp-admin/admin-ajax.php HTTP/1.1" 200 599 "http://localhost/wp-admin/plugins.php?plugin_status=all&paged=1&s" "Mozilla/5.0 (Windows NT 10.0; Win64; x64) AppleWebKit/537.36 (KHTML, like Gecko) Chrome/93.0.4577.63 Safari/537.36 Edg/93.0.961.38"
172.19.0.1 - - [09/Sep/2021:16:33:51 +0000] "POST /wp-admin/admin-ajax.php HTTP/1.1" 200 599 "http://localhost/wp-admin/plugins.php?plugin_status=all&paged=1&s" "Mozilla/5.0 (Windows NT 10.0; Win64; x64) AppleWebKit/537.36 (KHTML, like Gecko) Chrome/93.0.4577.63 Safari/537.36 Edg/93.0.961.38"
172.19.0.1 - - [09/Sep/2021:16:34:51 +0000] "POST /wp-admin/admin-ajax.php HTTP/1.1" 200 599 "http://localhost/wp-admin/plugins.php?plugin_status=all&paged=1&s" "Mozilla/5.0 (Windows NT 10.0; Win64; x64) AppleWebKit/537.36 (KHTML, like Gecko) Chrome/93.0.4577.63 Safari/537.36 Edg/93.0.961.38"
172.19.0.1 - - [09/Sep/2021:16:35:00 +0000] "GET /wp-admin/options-general.php?page=akismet-key-config HTTP/1.1" 200 8816 "http://localhost/wp-admin/plugins.php?plugin_status=all&paged=1&s" "Mozilla/5.0 (Windows NT 10.0; Win64; x64) AppleWebKit/537.36 (KHTML, like Gecko) Chrome/93.0.4577.63 Safari/537.36 Edg/93.0.961.38"
172.19.0.1 - - [09/Sep/2021:16:35:01 +0000] "GET /wp-content/plugins/akismet/_inc/img/logo-full-2x.png HTTP/1.1" 200 5338 "http://localhost/wp-admin/options-general.php?page=akismet-key-config" "Mozilla/5.0 (Windows NT 10.0; Win64; x64) AppleWebKit/537.36 (KHTML, like Gecko) Chrome/93.0.4577.63 Safari/537.36 Edg/93.0.961.38"
172.19.0.1 - - [09/Sep/2021:16:35:52 +0000] "-" 408 0 "-" "-"
172.19.0.1 - - [09/Sep/2021:16:36:08 +0000] "-" 408 0 "-" "-"
172.19.0.1 - - [09/Sep/2021:16:36:16 +0000] "POST /wp-admin/admin-ajax.php HTTP/1.1" 200 599 "http://localhost/wp-admin/plugins.php?plugin_status=all&paged=1&s" "Mozilla/5.0 (Windows NT 10.0; Win64; x64) AppleWebKit/537.36 (KHTML, like Gecko) Chrome/93.0.4577.63 Safari/537.36 Edg/93.0.961.38"
172.19.0.1 - - [09/Sep/2021:16:37:16 +0000] "POST /wp-admin/admin-ajax.php HTTP/1.1" 200 599 "http://localhost/wp-admin/plugins.php?plugin_status=all&paged=1&s" "Mozilla/5.0 (Windows NT 10.0; Win64; x64) AppleWebKit/537.36 (KHTML, like Gecko) Chrome/93.0.4577.63 Safari/537.36 Edg/93.0.961.38"
172.19.0.1 - - [09/Sep/2021:16:38:17 +0000] "POST /wp-admin/admin-ajax.php HTTP/1.1" 200 599 "http://localhost/wp-admin/plugins.php?plugin_status=all&paged=1&s" "Mozilla/5.0 (Windows NT 10.0; Win64; x64) AppleWebKit/537.36 (KHTML, like Gecko) Chrome/93.0.4577.63 Safari/537.36 Edg/93.0.961.38"
172.19.0.1 - - [09/Sep/2021:16:40:18 +0000] "POST /wp-admin/admin-ajax.php HTTP/1.1" 200 599 "http://localhost/wp-admin/plugins.php?plugin_status=all&paged=1&s" "Mozilla/5.0 (Windows NT 10.0; Win64; x64) AppleWebKit/537.36 (KHTML, like Gecko) Chrome/93.0.4577.63 Safari/537.36 Edg/93.0.961.38"
127.0.0.1 - - [09/Sep/2021:16:42:08 +0000] "POST /wp-cron.php?doing_wp_cron=1631205728.7600901126861572265625 HTTP/1.1" 200 192 "http://localhost/wp-cron.php?doing_wp_cron=1631205728.7600901126861572265625" "WordPress/5.8; http://localhost"
172.19.0.1 - - [09/Sep/2021:16:42:08 +0000] "POST /wp-admin/admin-ajax.php HTTP/1.1" 200 599 "http://localhost/wp-admin/plugins.php?plugin_status=all&paged=1&s" "Mozilla/5.0 (Windows NT 10.0; Win64; x64) AppleWebKit/537.36 (KHTML, like Gecko) Chrome/93.0.4577.63 Safari/537.36 Edg/93.0.961.38"
172.19.0.1 - - [09/Sep/2021:16:42:14 +0000] "GET / HTTP/1.1" 200 5840 "http://localhost/wp-admin/plugins.php?plugin_status=all&paged=1&s" "Mozilla/5.0 (Windows NT 10.0; Win64; x64) AppleWebKit/537.36 (KHTML, like Gecko) Chrome/93.0.4577.63 Safari/537.36 Edg/93.0.961.38"
172.19.0.1 - - [09/Sep/2021:16:42:27 +0000] "GET / HTTP/1.1" 200 5840 "http://localhost/wp-admin/plugins.php?plugin_status=all&paged=1&s" "Mozilla/5.0 (Windows NT 10.0; Win64; x64) AppleWebKit/537.36 (KHTML, like Gecko) Chrome/93.0.4577.63 Safari/537.36 Edg/93.0.961.38"
172.19.0.1 - - [09/Sep/2021:16:43:32 +0000] "POST /wp-admin/admin-ajax.php HTTP/1.1" 200 599 "http://localhost/wp-admin/plugins.php?plugin_status=all&paged=1&s" "Mozilla/5.0 (Windows NT 10.0; Win64; x64) AppleWebKit/537.36 (KHTML, like Gecko) Chrome/93.0.4577.63 Safari/537.36 Edg/93.0.961.38"
172.19.0.1 - - [09/Sep/2021:16:45:33 +0000] "POST /wp-admin/admin-ajax.php HTTP/1.1" 200 599 "http://localhost/wp-admin/plugins.php?plugin_status=all&paged=1&s" "Mozilla/5.0 (Windows NT 10.0; Win64; x64) AppleWebKit/537.36 (KHTML, like Gecko) Chrome/93.0.4577.63 Safari/537.36 Edg/93.0.961.38"
172.19.0.1 - - [09/Sep/2021:16:46:25 +0000] "GET / HTTP/1.1" 200 5840 "http://localhost/wp-admin/plugins.php?plugin_status=all&paged=1&s" "Mozilla/5.0 (Windows NT 10.0; Win64; x64) AppleWebKit/537.36 (KHTML, like Gecko) Chrome/93.0.4577.63 Safari/537.36 Edg/93.0.961.38"
172.19.0.1 - - [09/Sep/2021:16:47:46 +0000] "POST /wp-admin/admin-ajax.php HTTP/1.1" 200 599 "http://localhost/wp-admin/plugins.php?plugin_status=all&paged=1&s" "Mozilla/5.0 (Windows NT 10.0; Win64; x64) AppleWebKit/537.36 (KHTML, like Gecko) Chrome/93.0.4577.63 Safari/537.36 Edg/93.0.961.38"
172.19.0.1 - - [09/Sep/2021:16:49:47 +0000] "POST /wp-admin/admin-ajax.php HTTP/1.1" 200 599 "http://localhost/wp-admin/plugins.php?plugin_status=all&paged=1&s" "Mozilla/5.0 (Windows NT 10.0; Win64; x64) AppleWebKit/537.36 (KHTML, like Gecko) Chrome/93.0.4577.63 Safari/537.36 Edg/93.0.961.38"
172.19.0.1 - - [09/Sep/2021:16:50:48 +0000] "POST /wp-admin/admin-ajax.php HTTP/1.1" 200 599 "http://localhost/wp-admin/plugins.php?plugin_status=all&paged=1&s" "Mozilla/5.0 (Windows NT 10.0; Win64; x64) AppleWebKit/537.36 (KHTML, like Gecko) Chrome/93.0.4577.63 Safari/537.36 Edg/93.0.961.38"
172.19.0.1 - - [09/Sep/2021:16:52:49 +0000] "POST /wp-admin/admin-ajax.php HTTP/1.1" 200 599 "http://localhost/wp-admin/plugins.php?plugin_status=all&paged=1&s" "Mozilla/5.0 (Windows NT 10.0; Win64; x64) AppleWebKit/537.36 (KHTML, like Gecko) Chrome/93.0.4577.63 Safari/537.36 Edg/93.0.961.38"
172.19.0.1 - - [09/Sep/2021:16:54:50 +0000] "POST /wp-admin/admin-ajax.php HTTP/1.1" 200 599 "http://localhost/wp-admin/plugins.php?plugin_status=all&paged=1&s" "Mozilla/5.0 (Windows NT 10.0; Win64; x64) AppleWebKit/537.36 (KHTML, like Gecko) Chrome/93.0.4577.63 Safari/537.36 Edg/93.0.961.38"
172.19.0.1 - - [09/Sep/2021:16:56:51 +0000] "POST /wp-admin/admin-ajax.php HTTP/1.1" 200 599 "http://localhost/wp-admin/plugins.php?plugin_status=all&paged=1&s" "Mozilla/5.0 (Windows NT 10.0; Win64; x64) AppleWebKit/537.36 (KHTML, like Gecko) Chrome/93.0.4577.63 Safari/537.36 Edg/93.0.961.38"
172.19.0.1 - - [09/Sep/2021:16:58:52 +0000] "POST /wp-admin/admin-ajax.php HTTP/1.1" 200 599 "http://localhost/wp-admin/plugins.php?plugin_status=all&paged=1&s" "Mozilla/5.0 (Windows NT 10.0; Win64; x64) AppleWebKit/537.36 (KHTML, like Gecko) Chrome/93.0.4577.63 Safari/537.36 Edg/93.0.961.38"
172.19.0.1 - - [09/Sep/2021:17:00:44 +0000] "POST /wp-admin/admin-ajax.php HTTP/1.1" 200 599 "http://localhost/wp-admin/plugins.php?plugin_status=all&paged=1&s" "Mozilla/5.0 (Windows NT 10.0; Win64; x64) AppleWebKit/537.36 (KHTML, like Gecko) Chrome/93.0.4577.63 Safari/537.36 Edg/93.0.961.38"
172.19.0.1 - - [09/Sep/2021:17:01:44 +0000] "POST /wp-admin/admin-ajax.php HTTP/1.1" 200 599 "http://localhost/wp-admin/plugins.php?plugin_status=all&paged=1&s" "Mozilla/5.0 (Windows NT 10.0; Win64; x64) AppleWebKit/537.36 (KHTML, like Gecko) Chrome/93.0.4577.63 Safari/537.36 Edg/93.0.961.38"
172.19.0.1 - - [09/Sep/2021:17:02:13 +0000] "GET /wp-admin/plugins.php HTTP/1.1" 200 15945 "http://localhost/wp-admin/plugins.php?plugin_status=all&paged=1&s" "Mozilla/5.0 (Windows NT 10.0; Win64; x64) AppleWebKit/537.36 (KHTML, like Gecko) Chrome/93.0.4577.63 Safari/537.36 Edg/93.0.961.38"
172.19.0.1 - - [09/Sep/2021:17:03:14 +0000] "POST /wp-admin/admin-ajax.php HTTP/1.1" 200 599 "http://localhost/wp-admin/plugins.php" "Mozilla/5.0 (Windows NT 10.0; Win64; x64) AppleWebKit/537.36 (KHTML, like Gecko) Chrome/93.0.4577.63 Safari/537.36 Edg/93.0.961.38"
172.19.0.1 - - [09/Sep/2021:17:04:14 +0000] "POST /wp-admin/admin-ajax.php HTTP/1.1" 200 599 "http://localhost/wp-admin/plugins.php" "Mozilla/5.0 (Windows NT 10.0; Win64; x64) AppleWebKit/537.36 (KHTML, like Gecko) Chrome/93.0.4577.63 Safari/537.36 Edg/93.0.961.38"
172.19.0.1 - - [09/Sep/2021:17:05:14 +0000] "POST /wp-admin/admin-ajax.php HTTP/1.1" 200 599 "http://localhost/wp-admin/plugins.php" "Mozilla/5.0 (Windows NT 10.0; Win64; x64) AppleWebKit/537.36 (KHTML, like Gecko) Chrome/93.0.4577.63 Safari/537.36 Edg/93.0.961.38"
172.19.0.1 - - [09/Sep/2021:17:06:14 +0000] "POST /wp-admin/admin-ajax.php HTTP/1.1" 200 599 "http://localhost/wp-admin/plugins.php" "Mozilla/5.0 (Windows NT 10.0; Win64; x64) AppleWebKit/537.36 (KHTML, like Gecko) Chrome/93.0.4577.63 Safari/537.36 Edg/93.0.961.38"
172.19.0.1 - - [09/Sep/2021:17:07:14 +0000] "POST /wp-admin/admin-ajax.php HTTP/1.1" 200 599 "http://localhost/wp-admin/plugins.php" "Mozilla/5.0 (Windows NT 10.0; Win64; x64) AppleWebKit/537.36 (KHTML, like Gecko) Chrome/93.0.4577.63 Safari/537.36 Edg/93.0.961.38"
172.19.0.1 - - [09/Sep/2021:17:09:15 +0000] "POST /wp-admin/admin-ajax.php HTTP/1.1" 200 599 "http://localhost/wp-admin/plugins.php" "Mozilla/5.0 (Windows NT 10.0; Win64; x64) AppleWebKit/537.36 (KHTML, like Gecko) Chrome/93.0.4577.63 Safari/537.36 Edg/93.0.961.38"
172.19.0.1 - - [09/Sep/2021:17:11:16 +0000] "POST /wp-admin/admin-ajax.php HTTP/1.1" 200 599 "http://localhost/wp-admin/plugins.php" "Mozilla/5.0 (Windows NT 10.0; Win64; x64) AppleWebKit/537.36 (KHTML, like Gecko) Chrome/93.0.4577.63 Safari/537.36 Edg/93.0.961.38"
172.19.0.1 - - [09/Sep/2021:17:13:17 +0000] "POST /wp-admin/admin-ajax.php HTTP/1.1" 200 599 "http://localhost/wp-admin/plugins.php" "Mozilla/5.0 (Windows NT 10.0; Win64; x64) AppleWebKit/537.36 (KHTML, like Gecko) Chrome/93.0.4577.63 Safari/537.36 Edg/93.0.961.38"
127.0.0.1 - - [09/Sep/2021:17:15:18 +0000] "POST /wp-cron.php?doing_wp_cron=1631207718.8522639274597167968750 HTTP/1.1" 200 192 "http://localhost/wp-cron.php?doing_wp_cron=1631207718.8522639274597167968750" "WordPress/5.8; http://localhost"
172.19.0.1 - - [09/Sep/2021:17:15:18 +0000] "POST /wp-admin/admin-ajax.php HTTP/1.1" 200 599 "http://localhost/wp-admin/plugins.php" "Mozilla/5.0 (Windows NT 10.0; Win64; x64) AppleWebKit/537.36 (KHTML, like Gecko) Chrome/93.0.4577.63 Safari/537.36 Edg/93.0.961.38"
172.19.0.1 - - [09/Sep/2021:17:17:19 +0000] "POST /wp-admin/admin-ajax.php HTTP/1.1" 200 599 "http://localhost/wp-admin/plugins.php" "Mozilla/5.0 (Windows NT 10.0; Win64; x64) AppleWebKit/537.36 (KHTML, like Gecko) Chrome/93.0.4577.63 Safari/537.36 Edg/93.0.961.38"
172.19.0.1 - - [09/Sep/2021:20:44:33 +0000] "POST /wp-admin/admin-ajax.php HTTP/1.1" 200 599 "http://localhost/wp-admin/plugins.php" "Mozilla/5.0 (Windows NT 10.0; Win64; x64) AppleWebKit/537.36 (KHTML, like Gecko) Chrome/93.0.4577.63 Safari/537.36 Edg/93.0.961.38"
127.0.0.1 - - [09/Sep/2021:20:44:35 +0000] "POST /wp-cron.php?doing_wp_cron=1631220275.0188379287719726562500 HTTP/1.1" 200 192 "http://localhost/wp-cron.php?doing_wp_cron=1631220275.0188379287719726562500" "WordPress/5.8; http://localhost"
172.19.0.1 - - [09/Sep/2021:20:45:34 +0000] "POST /wp-admin/admin-ajax.php HTTP/1.1" 200 599 "http://localhost/wp-admin/plugins.php" "Mozilla/5.0 (Windows NT 10.0; Win64; x64) AppleWebKit/537.36 (KHTML, like Gecko) Chrome/93.0.4577.63 Safari/537.36 Edg/93.0.961.38"
172.19.0.1 - - [09/Sep/2021:20:46:35 +0000] "POST /wp-admin/admin-ajax.php HTTP/1.1" 200 599 "http://localhost/wp-admin/plugins.php" "Mozilla/5.0 (Windows NT 10.0; Win64; x64) AppleWebKit/537.36 (KHTML, like Gecko) Chrome/93.0.4577.63 Safari/537.36 Edg/93.0.961.38"
172.19.0.1 - - [09/Sep/2021:20:48:36 +0000] "POST /wp-admin/admin-ajax.php HTTP/1.1" 200 599 "http://localhost/wp-admin/plugins.php" "Mozilla/5.0 (Windows NT 10.0; Win64; x64) AppleWebKit/537.36 (KHTML, like Gecko) Chrome/93.0.4577.63 Safari/537.36 Edg/93.0.961.38"
172.19.0.1 - - [09/Sep/2021:20:49:07 +0000] "GET /wp-admin/plugin-install.php HTTP/1.1" 200 17641 "http://localhost/wp-admin/plugins.php" "Mozilla/5.0 (Windows NT 10.0; Win64; x64) AppleWebKit/537.36 (KHTML, like Gecko) Chrome/93.0.4577.63 Safari/537.36 Edg/93.0.961.38"
172.19.0.1 - - [09/Sep/2021:20:49:15 +0000] "POST /wp-admin/admin-ajax.php HTTP/1.1" 200 104531 "http://localhost/wp-admin/plugin-install.php?s=pay%20money&tab=search&type=term" "Mozilla/5.0 (Windows NT 10.0; Win64; x64) AppleWebKit/537.36 (KHTML, like Gecko) Chrome/93.0.4577.63 Safari/537.36 Edg/93.0.961.38"
172.19.0.1 - - [09/Sep/2021:20:49:52 +0000] "GET /wp-admin/plugin-install.php?tab=plugin-information&plugin=artiss-currency-converter&TB_iframe=true&width=600&height=550 HTTP/1.1" 200 13305 "http://localhost/wp-admin/plugin-install.php?s=pay%20money&tab=search&type=term" "Mozilla/5.0 (Windows NT 10.0; Win64; x64) AppleWebKit/537.36 (KHTML, like Gecko) Chrome/93.0.4577.63 Safari/537.36 Edg/93.0.961.38"
172.19.0.1 - - [09/Sep/2021:20:50:09 +0000] "POST /wp-admin/admin-ajax.php HTTP/1.1" 200 599 "http://localhost/wp-admin/plugin-install.php?s=pay%20money&tab=search&type=term" "Mozilla/5.0 (Windows NT 10.0; Win64; x64) AppleWebKit/537.36 (KHTML, like Gecko) Chrome/93.0.4577.63 Safari/537.36 Edg/93.0.961.38"
172.19.0.1 - - [09/Sep/2021:20:50:10 +0000] "GET /wp-admin/plugin-install.php?tab=plugin-information&plugin=artiss-currency-converter& HTTP/1.1" 200 13277 "http://localhost/wp-admin/plugin-install.php?s=pay%20money&tab=search&type=term" "Mozilla/5.0 (Windows NT 10.0; Win64; x64) AppleWebKit/537.36 (KHTML, like Gecko) Chrome/93.0.4577.63 Safari/537.36 Edg/93.0.961.38"
172.19.0.1 - - [09/Sep/2021:20:51:10 +0000] "POST /wp-admin/admin-ajax.php HTTP/1.1" 200 599 "http://localhost/wp-admin/plugin-install.php?s=pay%20money&tab=search&type=term" "Mozilla/5.0 (Windows NT 10.0; Win64; x64) AppleWebKit/537.36 (KHTML, like Gecko) Chrome/93.0.4577.63 Safari/537.36 Edg/93.0.961.38"
172.19.0.1 - - [09/Sep/2021:20:53:07 +0000] "POST /wp-admin/admin-ajax.php HTTP/1.1" 200 599 "http://localhost/wp-admin/plugin-install.php?s=pay%20money&tab=search&type=term" "Mozilla/5.0 (Windows NT 10.0; Win64; x64) AppleWebKit/537.36 (KHTML, like Gecko) Chrome/93.0.4577.63 Safari/537.36 Edg/93.0.961.38"
172.19.0.1 - - [09/Sep/2021:20:53:13 +0000] "POST /wp-admin/admin-ajax.php HTTP/1.1" 200 3645 "http://localhost/wp-admin/plugin-install.php?s=payMoney&tab=search&type=term" "Mozilla/5.0 (Windows NT 10.0; Win64; x64) AppleWebKit/537.36 (KHTML, like Gecko) Chrome/93.0.4577.63 Safari/537.36 Edg/93.0.961.38"
172.19.0.1 - - [09/Sep/2021:20:53:23 +0000] "POST /wp-admin/admin-ajax.php HTTP/1.1" 200 5624 "http://localhost/wp-admin/plugin-install.php?s=DonorBox&tab=search&type=term" "Mozilla/5.0 (Windows NT 10.0; Win64; x64) AppleWebKit/537.36 (KHTML, like Gecko) Chrome/93.0.4577.63 Safari/537.36 Edg/93.0.961.38"
172.19.0.1 - - [09/Sep/2021:20:53:27 +0000] "GET /wp-admin/plugin-install.php?tab=plugin-information&plugin=donorbox-donation-form& HTTP/1.1" 200 15421 "http://localhost/wp-admin/plugin-install.php?s=DonorBox&tab=search&type=term" "Mozilla/5.0 (Windows NT 10.0; Win64; x64) AppleWebKit/537.36 (KHTML, like Gecko) Chrome/93.0.4577.63 Safari/537.36 Edg/93.0.961.38"
172.19.0.1 - - [09/Sep/2021:20:54:07 +0000] "POST /wp-admin/admin-ajax.php HTTP/1.1" 200 599 "http://localhost/wp-admin/plugin-install.php?s=DonorBox&tab=search&type=term" "Mozilla/5.0 (Windows NT 10.0; Win64; x64) AppleWebKit/537.36 (KHTML, like Gecko) Chrome/93.0.4577.63 Safari/537.36 Edg/93.0.961.38"
172.19.0.1 - - [09/Sep/2021:20:56:08 +0000] "POST /wp-admin/admin-ajax.php HTTP/1.1" 200 599 "http://localhost/wp-admin/plugin-install.php?s=DonorBox&tab=search&type=term" "Mozilla/5.0 (Windows NT 10.0; Win64; x64) AppleWebKit/537.36 (KHTML, like Gecko) Chrome/93.0.4577.63 Safari/537.36 Edg/93.0.961.38"
172.19.0.1 - - [09/Sep/2021:20:56:40 +0000] "POST /wp-admin/admin-ajax.php HTTP/1.1" 200 67569 "http://localhost/wp-admin/plugin-install.php?s=charitable&tab=search&type=term" "Mozilla/5.0 (Windows NT 10.0; Win64; x64) AppleWebKit/537.36 (KHTML, like Gecko) Chrome/93.0.4577.63 Safari/537.36 Edg/93.0.961.38"
172.19.0.1 - - [09/Sep/2021:20:56:48 +0000] "GET /wp-admin/plugin-install.php?tab=plugin-information&plugin=charitable& HTTP/1.1" 200 40015 "http://localhost/wp-admin/plugin-install.php?s=charitable&tab=search&type=term" "Mozilla/5.0 (Windows NT 10.0; Win64; x64) AppleWebKit/537.36 (KHTML, like Gecko) Chrome/93.0.4577.63 Safari/537.36 Edg/93.0.961.38"
172.19.0.1 - - [09/Sep/2021:20:57:09 +0000] "POST /wp-admin/admin-ajax.php HTTP/1.1" 200 599 "http://localhost/wp-admin/plugin-install.php?s=charitable&tab=search&type=term" "Mozilla/5.0 (Windows NT 10.0; Win64; x64) AppleWebKit/537.36 (KHTML, like Gecko) Chrome/93.0.4577.63 Safari/537.36 Edg/93.0.961.38"
172.19.0.1 - - [09/Sep/2021:20:58:09 +0000] "POST /wp-admin/admin-ajax.php HTTP/1.1" 200 599 "http://localhost/wp-admin/plugin-install.php?s=charitable&tab=search&type=term" "Mozilla/5.0 (Windows NT 10.0; Win64; x64) AppleWebKit/537.36 (KHTML, like Gecko) Chrome/93.0.4577.63 Safari/537.36 Edg/93.0.961.38"
172.19.0.1 - - [09/Sep/2021:20:59:10 +0000] "POST /wp-admin/admin-ajax.php HTTP/1.1" 200 599 "http://localhost/wp-admin/plugin-install.php?s=charitable&tab=search&type=term" "Mozilla/5.0 (Windows NT 10.0; Win64; x64) AppleWebKit/537.36 (KHTML, like Gecko) Chrome/93.0.4577.63 Safari/537.36 Edg/93.0.961.38"
172.19.0.1 - - [09/Sep/2021:21:00:10 +0000] "POST /wp-admin/admin-ajax.php HTTP/1.1" 200 599 "http://localhost/wp-admin/plugin-install.php?s=charitable&tab=search&type=term" "Mozilla/5.0 (Windows NT 10.0; Win64; x64) AppleWebKit/537.36 (KHTML, like Gecko) Chrome/93.0.4577.63 Safari/537.36 Edg/93.0.961.38"
172.19.0.1 - - [09/Sep/2021:21:02:00 +0000] "POST /wp-admin/admin-ajax.php HTTP/1.1" 200 599 "http://localhost/wp-admin/plugin-install.php?s=charitable&tab=search&type=term" "Mozilla/5.0 (Windows NT 10.0; Win64; x64) AppleWebKit/537.36 (KHTML, like Gecko) Chrome/93.0.4577.63 Safari/537.36 Edg/93.0.961.38"
172.19.0.1 - - [09/Sep/2021:21:03:00 +0000] "POST /wp-admin/admin-ajax.php HTTP/1.1" 200 599 "http://localhost/wp-admin/plugin-install.php?s=charitable&tab=search&type=term" "Mozilla/5.0 (Windows NT 10.0; Win64; x64) AppleWebKit/537.36 (KHTML, like Gecko) Chrome/93.0.4577.63 Safari/537.36 Edg/93.0.961.38"
172.19.0.1 - - [09/Sep/2021:21:03:55 +0000] "GET /wp-admin/plugins.php HTTP/1.1" 200 16269 "http://localhost/wp-admin/plugin-install.php?s=charitable&tab=search&type=term" "Mozilla/5.0 (Windows NT 10.0; Win64; x64) AppleWebKit/537.36 (KHTML, like Gecko) Chrome/93.0.4577.63 Safari/537.36 Edg/93.0.961.38"
172.19.0.1 - - [09/Sep/2021:21:04:11 +0000] "GET /wp-admin/plugins.php?action=activate&plugin=charitable.php&plugin_status=all&paged=1&s&_wpnonce=9f4b9ea1ec HTTP/1.1" 302 536 "http://localhost/wp-admin/plugins.php" "Mozilla/5.0 (Windows NT 10.0; Win64; x64) AppleWebKit/537.36 (KHTML, like Gecko) Chrome/93.0.4577.63 Safari/537.36 Edg/93.0.961.38"
172.19.0.1 - - [09/Sep/2021:21:04:11 +0000] "GET /wp-admin/plugins.php?error=true&plugin=charitable.php&_error_nonce=a0695fcedd HTTP/1.1" 200 16399 "http://localhost/wp-admin/plugins.php" "Mozilla/5.0 (Windows NT 10.0; Win64; x64) AppleWebKit/537.36 (KHTML, like Gecko) Chrome/93.0.4577.63 Safari/537.36 Edg/93.0.961.38"
172.19.0.1 - - [09/Sep/2021:21:04:11 +0000] "GET /wp-admin/plugins.php?action=error_scrape&plugin=charitable.php&_wpnonce=a0695fcedd HTTP/1.1" 200 665 "http://localhost/wp-admin/plugins.php?plugin=charitable.php" "Mozilla/5.0 (Windows NT 10.0; Win64; x64) AppleWebKit/537.36 (KHTML, like Gecko) Chrome/93.0.4577.63 Safari/537.36 Edg/93.0.961.38"
172.19.0.1 - - [09/Sep/2021:21:04:11 +0000] "GET /wp-admin/plugins.php?action=error_scrape&plugin=charitable.php&_wpnonce=a0695fcedd HTTP/1.1" 200 665 "http://localhost/wp-admin/plugins.php?plugin=charitable.php" "Mozilla/5.0 (Windows NT 10.0; Win64; x64) AppleWebKit/537.36 (KHTML, like Gecko) Chrome/93.0.4577.63 Safari/537.36 Edg/93.0.961.38"
172.19.0.1 - - [09/Sep/2021:21:04:56 +0000] "GET /wp-admin/plugins.php?action=activate&plugin=charitable.php&plugin_status=all&paged=1&s&_wpnonce=9f4b9ea1ec HTTP/1.1" 302 536 "http://localhost/wp-admin/plugins.php?plugin=charitable.php" "Mozilla/5.0 (Windows NT 10.0; Win64; x64) AppleWebKit/537.36 (KHTML, like Gecko) Chrome/93.0.4577.63 Safari/537.36 Edg/93.0.961.38"
172.19.0.1 - - [09/Sep/2021:21:04:56 +0000] "GET /wp-admin/plugins.php?error=true&plugin=charitable.php&_error_nonce=a0695fcedd HTTP/1.1" 200 16408 "http://localhost/wp-admin/plugins.php?plugin=charitable.php" "Mozilla/5.0 (Windows NT 10.0; Win64; x64) AppleWebKit/537.36 (KHTML, like Gecko) Chrome/93.0.4577.63 Safari/537.36 Edg/93.0.961.38"
172.19.0.1 - - [09/Sep/2021:21:04:57 +0000] "GET /wp-admin/plugins.php?action=error_scrape&plugin=charitable.php&_wpnonce=a0695fcedd HTTP/1.1" 200 665 "http://localhost/wp-admin/plugins.php?plugin=charitable.php" "Mozilla/5.0 (Windows NT 10.0; Win64; x64) AppleWebKit/537.36 (KHTML, like Gecko) Chrome/93.0.4577.63 Safari/537.36 Edg/93.0.961.38"
172.19.0.1 - - [09/Sep/2021:21:04:57 +0000] "GET /wp-admin/plugins.php?action=error_scrape&plugin=charitable.php&_wpnonce=a0695fcedd HTTP/1.1" 200 665 "http://localhost/wp-admin/plugins.php?plugin=charitable.php" "Mozilla/5.0 (Windows NT 10.0; Win64; x64) AppleWebKit/537.36 (KHTML, like Gecko) Chrome/93.0.4577.63 Safari/537.36 Edg/93.0.961.38"
172.19.0.1 - - [09/Sep/2021:21:05:49 +0000] "-" 408 0 "-" "-"
172.19.0.1 - - [09/Sep/2021:21:05:57 +0000] "POST /wp-admin/admin-ajax.php HTTP/1.1" 200 599 "http://localhost/wp-admin/plugins.php?plugin=charitable.php" "Mozilla/5.0 (Windows NT 10.0; Win64; x64) AppleWebKit/537.36 (KHTML, like Gecko) Chrome/93.0.4577.63 Safari/537.36 Edg/93.0.961.38"
172.19.0.1 - - [09/Sep/2021:21:06:35 +0000] "GET /wp-admin/plugin-install.php HTTP/1.1" 200 17639 "http://localhost/wp-admin/plugins.php?plugin=charitable.php" "Mozilla/5.0 (Windows NT 10.0; Win64; x64) AppleWebKit/537.36 (KHTML, like Gecko) Chrome/93.0.4577.63 Safari/537.36 Edg/93.0.961.38"
172.19.0.1 - - [09/Sep/2021:21:06:46 +0000] "GET /wp-admin/plugins.php?plugin=charitable.php HTTP/1.1" 200 16294 "http://localhost/wp-admin/plugins.php?plugin=charitable.php" "Mozilla/5.0 (Windows NT 10.0; Win64; x64) AppleWebKit/537.36 (KHTML, like Gecko) Chrome/93.0.4577.63 Safari/537.36 Edg/93.0.961.38"
172.19.0.1 - - [09/Sep/2021:21:06:51 +0000] "POST /wp-admin/admin-ajax.php HTTP/1.1" 200 21696 "http://localhost/wp-admin/plugins.php?s=c&plugin_status=all" "Mozilla/5.0 (Windows NT 10.0; Win64; x64) AppleWebKit/537.36 (KHTML, like Gecko) Chrome/93.0.4577.63 Safari/537.36 Edg/93.0.961.38"
172.19.0.1 - - [09/Sep/2021:21:06:52 +0000] "POST /wp-admin/admin-ajax.php HTTP/1.1" 200 21673 "http://localhost/wp-admin/plugins.php?s=&plugin_status=all" "Mozilla/5.0 (Windows NT 10.0; Win64; x64) AppleWebKit/537.36 (KHTML, like Gecko) Chrome/93.0.4577.63 Safari/537.36 Edg/93.0.961.38"
172.19.0.1 - - [09/Sep/2021:21:06:56 +0000] "GET /wp-admin/plugin-install.php HTTP/1.1" 200 17652 "http://localhost/wp-admin/plugins.php?s=&plugin_status=all" "Mozilla/5.0 (Windows NT 10.0; Win64; x64) AppleWebKit/537.36 (KHTML, like Gecko) Chrome/93.0.4577.63 Safari/537.36 Edg/93.0.961.38"
172.19.0.1 - - [09/Sep/2021:21:07:05 +0000] "POST /wp-admin/admin-ajax.php HTTP/1.1" 200 102641 "http://localhost/wp-admin/plugin-install.php?s=charity&tab=search&type=term" "Mozilla/5.0 (Windows NT 10.0; Win64; x64) AppleWebKit/537.36 (KHTML, like Gecko) Chrome/93.0.4577.63 Safari/537.36 Edg/93.0.961.38"
172.19.0.1 - - [09/Sep/2021:21:07:16 +0000] "GET /wp-admin/plugin-install.php?tab=plugin-information&plugin=integrate-charitable-instamojo& HTTP/1.1" 200 9760 "http://localhost/wp-admin/plugin-install.php?s=charity&tab=search&type=term" "Mozilla/5.0 (Windows NT 10.0; Win64; x64) AppleWebKit/537.36 (KHTML, like Gecko) Chrome/93.0.4577.63 Safari/537.36 Edg/93.0.961.38"
172.19.0.1 - - [09/Sep/2021:21:07:58 +0000] "POST /wp-admin/admin-ajax.php HTTP/1.1" 200 599 "http://localhost/wp-admin/plugin-install.php?s=charity&tab=search&type=term" "Mozilla/5.0 (Windows NT 10.0; Win64; x64) AppleWebKit/537.36 (KHTML, like Gecko) Chrome/93.0.4577.63 Safari/537.36 Edg/93.0.961.38"
172.19.0.1 - - [09/Sep/2021:21:08:03 +0000] "GET /wp-admin/plugin-install.php?tab=plugin-information&plugin=lifeline-donation& HTTP/1.1" 200 11370 "http://localhost/wp-admin/plugin-install.php?s=charity&tab=search&type=term" "Mozilla/5.0 (Windows NT 10.0; Win64; x64) AppleWebKit/537.36 (KHTML, like Gecko) Chrome/93.0.4577.63 Safari/537.36 Edg/93.0.961.38"
172.19.0.1 - - [09/Sep/2021:21:08:41 +0000] "GET /wp-admin/plugin-install.php?tab=plugin-information&plugin=help-a-charity& HTTP/1.1" 200 6904 "http://localhost/wp-admin/plugin-install.php?s=charity&tab=search&type=term" "Mozilla/5.0 (Windows NT 10.0; Win64; x64) AppleWebKit/537.36 (KHTML, like Gecko) Chrome/93.0.4577.63 Safari/537.36 Edg/93.0.961.38"
172.19.0.1 - - [09/Sep/2021:21:08:58 +0000] "POST /wp-admin/admin-ajax.php HTTP/1.1" 200 599 "http://localhost/wp-admin/plugin-install.php?s=charity&tab=search&type=term" "Mozilla/5.0 (Windows NT 10.0; Win64; x64) AppleWebKit/537.36 (KHTML, like Gecko) Chrome/93.0.4577.63 Safari/537.36 Edg/93.0.961.38"
172.19.0.1 - - [09/Sep/2021:21:08:57 +0000] "GET /wp-admin/plugin-install.php?tab=plugin-information&plugin=makemydonation-imo& HTTP/1.1" 200 6975 "http://localhost/wp-admin/plugin-install.php?s=charity&tab=search&type=term" "Mozilla/5.0 (Windows NT 10.0; Win64; x64) AppleWebKit/537.36 (KHTML, like Gecko) Chrome/93.0.4577.63 Safari/537.36 Edg/93.0.961.38"
172.19.0.1 - - [09/Sep/2021:21:09:58 +0000] "POST /wp-admin/admin-ajax.php HTTP/1.1" 200 599 "http://localhost/wp-admin/plugin-install.php?s=charity&tab=search&type=term" "Mozilla/5.0 (Windows NT 10.0; Win64; x64) AppleWebKit/537.36 (KHTML, like Gecko) Chrome/93.0.4577.63 Safari/537.36 Edg/93.0.961.38"
172.19.0.1 - - [09/Sep/2021:21:10:58 +0000] "POST /wp-admin/admin-ajax.php HTTP/1.1" 200 599 "http://localhost/wp-admin/plugin-install.php?s=charity&tab=search&type=term" "Mozilla/5.0 (Windows NT 10.0; Win64; x64) AppleWebKit/537.36 (KHTML, like Gecko) Chrome/93.0.4577.63 Safari/537.36 Edg/93.0.961.38"
172.19.0.1 - - [09/Sep/2021:21:11:55 +0000] "GET /wp-admin/plugins.php HTTP/1.1" 200 16563 "http://localhost/wp-admin/plugin-install.php?s=charity&tab=search&type=term" "Mozilla/5.0 (Windows NT 10.0; Win64; x64) AppleWebKit/537.36 (KHTML, like Gecko) Chrome/93.0.4577.63 Safari/537.36 Edg/93.0.961.38"
172.19.0.1 - - [09/Sep/2021:21:12:00 +0000] "GET /wp-admin/plugins.php?action=activate&plugin=makemydonation-imo%2Fmmdimo.php&plugin_status=all&paged=1&s&_wpnonce=77cda80db4 HTTP/1.1" 302 521 "http://localhost/wp-admin/plugins.php" "Mozilla/5.0 (Windows NT 10.0; Win64; x64) AppleWebKit/537.36 (KHTML, like Gecko) Chrome/93.0.4577.63 Safari/537.36 Edg/93.0.961.38"
127.0.0.1 - - [09/Sep/2021:21:12:00 +0000] "POST /wp-cron.php?doing_wp_cron=1631221920.5020370483398437500000 HTTP/1.1" 200 192 "http://localhost/wp-cron.php?doing_wp_cron=1631221920.5020370483398437500000" "WordPress/5.8; http://localhost"
127.0.0.1 - - [09/Sep/2021:21:12:00 +0000] "POST /wp-admin/admin-ajax.php?action=mmdimo_load_donations&nonce=474371fae4 HTTP/1.1" 400 430 "http://localhost/wp-admin/admin-ajax.php?action=mmdimo_load_donations&nonce=474371fae4" "WordPress/5.8; http://localhost"
172.19.0.1 - - [09/Sep/2021:21:12:00 +0000] "GET /wp-admin/plugins.php?activate=true&plugin_status=all&paged=1&s= HTTP/1.1" 200 16606 "http://localhost/wp-admin/plugins.php" "Mozilla/5.0 (Windows NT 10.0; Win64; x64) AppleWebKit/537.36 (KHTML, like Gecko) Chrome/93.0.4577.63 Safari/537.36 Edg/93.0.961.38"
127.0.0.1 - - [09/Sep/2021:21:12:28 +0000] "POST /wp-admin/admin-ajax.php?action=mmdimo_load_donations&nonce=474371fae4 HTTP/1.1" 400 430 "http://localhost/wp-admin/admin-ajax.php?action=mmdimo_load_donations&nonce=474371fae4" "WordPress/5.8; http://localhost"
172.19.0.1 - - [09/Sep/2021:21:12:28 +0000] "GET /wp-admin/edit.php HTTP/1.1" 200 13861 "http://localhost/wp-admin/plugins.php?plugin_status=all&paged=1&s" "Mozilla/5.0 (Windows NT 10.0; Win64; x64) AppleWebKit/537.36 (KHTML, like Gecko) Chrome/93.0.4577.63 Safari/537.36 Edg/93.0.961.38"
127.0.0.1 - - [09/Sep/2021:21:12:29 +0000] "POST /wp-admin/admin-ajax.php?action=mmdimo_load_donations&nonce=474371fae4 HTTP/1.1" 400 430 "http://localhost/wp-admin/admin-ajax.php?action=mmdimo_load_donations&nonce=474371fae4" "WordPress/5.8; http://localhost"
172.19.0.1 - - [09/Sep/2021:21:12:29 +0000] "POST /wp-admin/admin-ajax.php HTTP/1.1" 200 598 "http://localhost/wp-admin/edit.php" "Mozilla/5.0 (Windows NT 10.0; Win64; x64) AppleWebKit/537.36 (KHTML, like Gecko) Chrome/93.0.4577.63 Safari/537.36 Edg/93.0.961.38"
127.0.0.1 - - [09/Sep/2021:21:12:31 +0000] "POST /wp-admin/admin-ajax.php?action=mmdimo_load_donations&nonce=474371fae4 HTTP/1.1" 400 430 "http://localhost/wp-admin/admin-ajax.php?action=mmdimo_load_donations&nonce=474371fae4" "WordPress/5.8; http://localhost"
172.19.0.1 - - [09/Sep/2021:21:12:31 +0000] "GET /wp-admin/post.php?post=1&action=edit HTTP/1.1" 200 109335 "http://localhost/wp-admin/edit.php" "Mozilla/5.0 (Windows NT 10.0; Win64; x64) AppleWebKit/537.36 (KHTML, like Gecko) Chrome/93.0.4577.63 Safari/537.36 Edg/93.0.961.38"
172.19.0.1 - - [09/Sep/2021:21:12:33 +0000] "GET /wp-content/plugins/makemydonation-imo/lib/selectize.js-0.12.3/dist/css/selectize.default.css?ver=1.13.5 HTTP/1.1" 200 2887 "http://localhost/wp-admin/post.php?post=1&action=edit" "Mozilla/5.0 (Windows NT 10.0; Win64; x64) AppleWebKit/537.36 (KHTML, like Gecko) Chrome/93.0.4577.63 Safari/537.36 Edg/93.0.961.38"
172.19.0.1 - - [09/Sep/2021:21:12:33 +0000] "GET /wp-content/plugins/makemydonation-imo/css/mmdimo.edit-form.css?ver=1.13.5 HTTP/1.1" 200 1051 "http://localhost/wp-admin/post.php?post=1&action=edit" "Mozilla/5.0 (Windows NT 10.0; Win64; x64) AppleWebKit/537.36 (KHTML, like Gecko) Chrome/93.0.4577.63 Safari/537.36 Edg/93.0.961.38"
172.19.0.1 - - [09/Sep/2021:21:12:33 +0000] "GET /wp-content/plugins/makemydonation-imo/lib/orghunter-csc/lib/chosen/chosen.min.css?ver=1.13.5 HTTP/1.1" 200 2611 "http://localhost/wp-admin/post.php?post=1&action=edit" "Mozilla/5.0 (Windows NT 10.0; Win64; x64) AppleWebKit/537.36 (KHTML, like Gecko) Chrome/93.0.4577.63 Safari/537.36 Edg/93.0.961.38"
172.19.0.1 - - [09/Sep/2021:21:12:33 +0000] "GET /wp-content/plugins/makemydonation-imo/lib/orghunter-csc/css/orghunter.csc.min.css?ver=1.13.5 HTTP/1.1" 200 1318 "http://localhost/wp-admin/post.php?post=1&action=edit" "Mozilla/5.0 (Windows NT 10.0; Win64; x64) AppleWebKit/537.36 (KHTML, like Gecko) Chrome/93.0.4577.63 Safari/537.36 Edg/93.0.961.38"
172.19.0.1 - - [09/Sep/2021:21:12:33 +0000] "GET /wp-content/plugins/makemydonation-imo/lib/orghunter-csc/lib/chosen/chosen.jquery.min.js?ver=1.13.5 HTTP/1.1" 200 7036 "http://localhost/wp-admin/post.php?post=1&action=edit" "Mozilla/5.0 (Windows NT 10.0; Win64; x64) AppleWebKit/537.36 (KHTML, like Gecko) Chrome/93.0.4577.63 Safari/537.36 Edg/93.0.961.38"
172.19.0.1 - - [09/Sep/2021:21:12:33 +0000] "GET /wp-content/plugins/makemydonation-imo/lib/orghunter-csc/lib/corejs-typeahead/typeahead.bundle.min.js?ver=1.13.5 HTTP/1.1" 200 14979 "http://localhost/wp-admin/post.php?post=1&action=edit" "Mozilla/5.0 (Windows NT 10.0; Win64; x64) AppleWebKit/537.36 (KHTML, like Gecko) Chrome/93.0.4577.63 Safari/537.36 Edg/93.0.961.38"
172.19.0.1 - - [09/Sep/2021:21:12:33 +0000] "GET /wp-content/plugins/makemydonation-imo/lib/orghunter-csc/js/orghunter.csc.min.js?ver=1.13.5 HTTP/1.1" 200 3666 "http://localhost/wp-admin/post.php?post=1&action=edit" "Mozilla/5.0 (Windows NT 10.0; Win64; x64) AppleWebKit/537.36 (KHTML, like Gecko) Chrome/93.0.4577.63 Safari/537.36 Edg/93.0.961.38"
172.19.0.1 - - [09/Sep/2021:21:12:33 +0000] "GET /wp-content/plugins/makemydonation-imo/lib/selectize.js-0.12.3/dist/js/standalone/selectize.min.js?ver=1.13.5 HTTP/1.1" 200 15888 "http://localhost/wp-admin/post.php?post=1&action=edit" "Mozilla/5.0 (Windows NT 10.0; Win64; x64) AppleWebKit/537.36 (KHTML, like Gecko) Chrome/93.0.4577.63 Safari/537.36 Edg/93.0.961.38"
172.19.0.1 - - [09/Sep/2021:21:12:33 +0000] "GET /wp-content/plugins/makemydonation-imo/js/mmdimo.edit-form.js?ver=1.13.5 HTTP/1.1" 200 1997 "http://localhost/wp-admin/post.php?post=1&action=edit" "Mozilla/5.0 (Windows NT 10.0; Win64; x64) AppleWebKit/537.36 (KHTML, like Gecko) Chrome/93.0.4577.63 Safari/537.36 Edg/93.0.961.38"
172.19.0.1 - - [09/Sep/2021:21:12:33 +0000] "GET /wp-content/plugins/wp-show-posts/admin/css/admin.css?ver=1.1.3 HTTP/1.1" 200 760 "http://localhost/wp-admin/post.php?post=1&action=edit" "Mozilla/5.0 (Windows NT 10.0; Win64; x64) AppleWebKit/537.36 (KHTML, like Gecko) Chrome/93.0.4577.63 Safari/537.36 Edg/93.0.961.38"
127.0.0.1 - - [09/Sep/2021:21:12:34 +0000] "POST /wp-admin/admin-ajax.php?action=mmdimo_load_donations&nonce=474371fae4 HTTP/1.1" 400 430 "http://localhost/wp-admin/admin-ajax.php?action=mmdimo_load_donations&nonce=474371fae4" "WordPress/5.8; http://localhost"
127.0.0.1 - - [09/Sep/2021:21:12:34 +0000] "POST /wp-admin/admin-ajax.php?action=mmdimo_load_donations&nonce=474371fae4 HTTP/1.1" 400 430 "http://localhost/wp-admin/admin-ajax.php?action=mmdimo_load_donations&nonce=474371fae4" "WordPress/5.8; http://localhost"
127.0.0.1 - - [09/Sep/2021:21:12:34 +0000] "POST /wp-admin/admin-ajax.php?action=mmdimo_load_donations&nonce=474371fae4 HTTP/1.1" 400 430 "http://localhost/wp-admin/admin-ajax.php?action=mmdimo_load_donations&nonce=474371fae4" "WordPress/5.8; http://localhost"
127.0.0.1 - - [09/Sep/2021:21:12:34 +0000] "POST /wp-admin/admin-ajax.php?action=mmdimo_load_donations&nonce=474371fae4 HTTP/1.1" 400 430 "http://localhost/wp-admin/admin-ajax.php?action=mmdimo_load_donations&nonce=474371fae4" "WordPress/5.8; http://localhost"
127.0.0.1 - - [09/Sep/2021:21:12:34 +0000] "POST /wp-admin/admin-ajax.php?action=mmdimo_load_donations&nonce=474371fae4 HTTP/1.1" 400 430 "http://localhost/wp-admin/admin-ajax.php?action=mmdimo_load_donations&nonce=474371fae4" "WordPress/5.8; http://localhost"
172.19.0.1 - - [09/Sep/2021:21:12:34 +0000] "GET /wp-json/wp/v2/blocks?context=edit&per_page=100&_locale=user HTTP/1.1" 200 695 "http://localhost/wp-admin/post.php?post=1&action=edit" "Mozilla/5.0 (Windows NT 10.0; Win64; x64) AppleWebKit/537.36 (KHTML, like Gecko) Chrome/93.0.4577.63 Safari/537.36 Edg/93.0.961.38"
172.19.0.1 - - [09/Sep/2021:21:12:34 +0000] "GET /wp-json/wp/v2/users/me?_locale=user HTTP/1.1" 200 1270 "http://localhost/wp-admin/post.php?post=1&action=edit" "Mozilla/5.0 (Windows NT 10.0; Win64; x64) AppleWebKit/537.36 (KHTML, like Gecko) Chrome/93.0.4577.63 Safari/537.36 Edg/93.0.961.38"
172.19.0.1 - - [09/Sep/2021:21:12:34 +0000] "GET /wp-json/wp/v2/templates?context=edit&per_page=100&_locale=user HTTP/1.1" 200 660 "http://localhost/wp-admin/post.php?post=1&action=edit" "Mozilla/5.0 (Windows NT 10.0; Win64; x64) AppleWebKit/537.36 (KHTML, like Gecko) Chrome/93.0.4577.63 Safari/537.36 Edg/93.0.961.38"
172.19.0.1 - - [09/Sep/2021:21:12:34 +0000] "GET /wp-json/wp/v2/posts/1?_locale=user HTTP/1.1" 200 2570 "http://localhost/wp-admin/post.php?post=1&action=edit" "Mozilla/5.0 (Windows NT 10.0; Win64; x64) AppleWebKit/537.36 (KHTML, like Gecko) Chrome/93.0.4577.63 Safari/537.36 Edg/93.0.961.38"
172.19.0.1 - - [09/Sep/2021:21:12:34 +0000] "GET /wp-json/wp/v2/users/?who=authors&per_page=100&_locale=user HTTP/1.1" 200 1287 "http://localhost/wp-admin/post.php?post=1&action=edit" "Mozilla/5.0 (Windows NT 10.0; Win64; x64) AppleWebKit/537.36 (KHTML, like Gecko) Chrome/93.0.4577.63 Safari/537.36 Edg/93.0.961.38"
127.0.0.1 - - [09/Sep/2021:21:12:37 +0000] "POST /wp-admin/admin-ajax.php?action=mmdimo_load_donations&nonce=474371fae4 HTTP/1.1" 400 430 "http://localhost/wp-admin/admin-ajax.php?action=mmdimo_load_donations&nonce=474371fae4" "WordPress/5.8; http://localhost"
172.19.0.1 - - [09/Sep/2021:21:12:37 +0000] "POST /wp-admin/admin-ajax.php HTTP/1.1" 200 544 "http://localhost/wp-admin/post.php?post=1&action=edit" "Mozilla/5.0 (Windows NT 10.0; Win64; x64) AppleWebKit/537.36 (KHTML, like Gecko) Chrome/93.0.4577.63 Safari/537.36 Edg/93.0.961.38"
127.0.0.1 - - [09/Sep/2021:21:12:37 +0000] "POST /wp-admin/admin-ajax.php?action=mmdimo_load_donations&nonce=474371fae4 HTTP/1.1" 400 430 "http://localhost/wp-admin/admin-ajax.php?action=mmdimo_load_donations&nonce=474371fae4" "WordPress/5.8; http://localhost"
172.19.0.1 - - [09/Sep/2021:21:12:37 +0000] "POST /wp-admin/admin-ajax.php HTTP/1.1" 200 598 "http://localhost/wp-admin/edit.php" "Mozilla/5.0 (Windows NT 10.0; Win64; x64) AppleWebKit/537.36 (KHTML, like Gecko) Chrome/93.0.4577.63 Safari/537.36 Edg/93.0.961.38"
127.0.0.1 - - [09/Sep/2021:21:12:39 +0000] "OPTIONS * HTTP/1.0" 200 126 "-" "Apache/2.4.48 (Debian) PHP/7.4.23 (internal dummy connection)"
127.0.0.1 - - [09/Sep/2021:21:12:40 +0000] "OPTIONS * HTTP/1.0" 200 126 "-" "Apache/2.4.48 (Debian) PHP/7.4.23 (internal dummy connection)"
127.0.0.1 - - [09/Sep/2021:21:12:41 +0000] "OPTIONS * HTTP/1.0" 200 126 "-" "Apache/2.4.48 (Debian) PHP/7.4.23 (internal dummy connection)"
127.0.0.1 - - [09/Sep/2021:21:12:42 +0000] "OPTIONS * HTTP/1.0" 200 126 "-" "Apache/2.4.48 (Debian) PHP/7.4.23 (internal dummy connection)"
127.0.0.1 - - [09/Sep/2021:21:12:52 +0000] "POST /wp-admin/admin-ajax.php?action=mmdimo_load_donations&nonce=474371fae4 HTTP/1.1" 400 430 "http://localhost/wp-admin/admin-ajax.php?action=mmdimo_load_donations&nonce=474371fae4" "WordPress/5.8; http://localhost"
172.19.0.1 - - [09/Sep/2021:21:12:52 +0000] "POST /wp-admin/admin-ajax.php HTTP/1.1" 200 599 "http://localhost/wp-admin/edit.php" "Mozilla/5.0 (Windows NT 10.0; Win64; x64) AppleWebKit/537.36 (KHTML, like Gecko) Chrome/93.0.4577.63 Safari/537.36 Edg/93.0.961.38"
127.0.0.1 - - [09/Sep/2021:21:14:44 +0000] "POST /wp-cron.php?doing_wp_cron=1631222084.4108130931854248046875 HTTP/1.1" 200 192 "http://localhost/wp-cron.php?doing_wp_cron=1631222084.4108130931854248046875" "WordPress/5.8; http://localhost"
127.0.0.1 - - [09/Sep/2021:21:14:44 +0000] "POST /wp-admin/admin-ajax.php?action=mmdimo_load_donations&nonce=474371fae4 HTTP/1.1" 400 430 "http://localhost/wp-admin/admin-ajax.php?action=mmdimo_load_donations&nonce=474371fae4" "WordPress/5.8; http://localhost"
127.0.0.1 - - [09/Sep/2021:21:14:44 +0000] "POST /wp-cron.php?doing_wp_cron=1631222084.6058509349822998046875 HTTP/1.1" 200 192 "http://localhost/wp-cron.php?doing_wp_cron=1631222084.6058509349822998046875" "WordPress/5.8; http://localhost"
172.19.0.1 - - [09/Sep/2021:21:14:44 +0000] "POST /wp-admin/admin-ajax.php HTTP/1.1" 200 599 "http://localhost/wp-admin/edit.php" "Mozilla/5.0 (Windows NT 10.0; Win64; x64) AppleWebKit/537.36 (KHTML, like Gecko) Chrome/93.0.4577.63 Safari/537.36 Edg/93.0.961.38"
127.0.0.1 - - [09/Sep/2021:21:14:46 +0000] "POST /wp-cron.php?doing_wp_cron=1631222086.5167820453643798828125 HTTP/1.1" 200 192 "http://localhost/wp-cron.php?doing_wp_cron=1631222086.5167820453643798828125" "WordPress/5.8; http://localhost"
127.0.0.1 - - [09/Sep/2021:21:14:46 +0000] "POST /wp-admin/admin-ajax.php?action=mmdimo_load_donations&nonce=474371fae4 HTTP/1.1" 400 430 "http://localhost/wp-admin/admin-ajax.php?action=mmdimo_load_donations&nonce=474371fae4" "WordPress/5.8; http://localhost"
172.19.0.1 - - [09/Sep/2021:21:14:46 +0000] "GET /wp-admin/plugins.php HTTP/1.1" 200 16559 "http://localhost/wp-admin/edit.php" "Mozilla/5.0 (Windows NT 10.0; Win64; x64) AppleWebKit/537.36 (KHTML, like Gecko) Chrome/93.0.4577.63 Safari/537.36 Edg/93.0.961.38"
127.0.0.1 - - [09/Sep/2021:21:14:51 +0000] "POST /wp-admin/admin-ajax.php?action=mmdimo_load_donations&nonce=474371fae4 HTTP/1.1" 400 430 "http://localhost/wp-admin/admin-ajax.php?action=mmdimo_load_donations&nonce=474371fae4" "WordPress/5.8; http://localhost"
172.19.0.1 - - [09/Sep/2021:21:14:51 +0000] "GET /wp-admin/plugin-install.php HTTP/1.1" 200 17692 "http://localhost/wp-admin/plugins.php" "Mozilla/5.0 (Windows NT 10.0; Win64; x64) AppleWebKit/537.36 (KHTML, like Gecko) Chrome/93.0.4577.63 Safari/537.36 Edg/93.0.961.38"
127.0.0.1 - - [09/Sep/2021:21:14:56 +0000] "POST /wp-admin/admin-ajax.php?action=mmdimo_load_donations&nonce=474371fae4 HTTP/1.1" 400 430 "http://localhost/wp-admin/admin-ajax.php?action=mmdimo_load_donations&nonce=474371fae4" "WordPress/5.8; http://localhost"
172.19.0.1 - - [09/Sep/2021:21:14:56 +0000] "POST /wp-admin/admin-ajax.php HTTP/1.1" 200 3635 "http://localhost/wp-admin/plugin-install.php?s=donorb&tab=search&type=term" "Mozilla/5.0 (Windows NT 10.0; Win64; x64) AppleWebKit/537.36 (KHTML, like Gecko) Chrome/93.0.4577.63 Safari/537.36 Edg/93.0.961.38"
127.0.0.1 - - [09/Sep/2021:21:14:59 +0000] "POST /wp-admin/admin-ajax.php?action=mmdimo_load_donations&nonce=474371fae4 HTTP/1.1" 400 430 "http://localhost/wp-admin/admin-ajax.php?action=mmdimo_load_donations&nonce=474371fae4" "WordPress/5.8; http://localhost"
172.19.0.1 - - [09/Sep/2021:21:14:59 +0000] "POST /wp-admin/admin-ajax.php HTTP/1.1" 200 5623 "http://localhost/wp-admin/plugin-install.php?s=donorbox&tab=search&type=term" "Mozilla/5.0 (Windows NT 10.0; Win64; x64) AppleWebKit/537.36 (KHTML, like Gecko) Chrome/93.0.4577.63 Safari/537.36 Edg/93.0.961.38"
127.0.0.1 - - [09/Sep/2021:21:15:02 +0000] "POST /wp-admin/admin-ajax.php?action=mmdimo_load_donations&nonce=474371fae4 HTTP/1.1" 400 430 "http://localhost/wp-admin/admin-ajax.php?action=mmdimo_load_donations&nonce=474371fae4" "WordPress/5.8; http://localhost"
172.19.0.1 - - [09/Sep/2021:21:15:02 +0000] "GET /wp-admin/plugin-install.php?tab=plugin-information&plugin=donorbox-donation-form& HTTP/1.1" 200 15421 "http://localhost/wp-admin/plugin-install.php?s=donorbox&tab=search&type=term" "Mozilla/5.0 (Windows NT 10.0; Win64; x64) AppleWebKit/537.36 (KHTML, like Gecko) Chrome/93.0.4577.63 Safari/537.36 Edg/93.0.961.38"
127.0.0.1 - - [09/Sep/2021:21:15:52 +0000] "POST /wp-cron.php?doing_wp_cron=1631222152.3594241142272949218750 HTTP/1.1" 200 192 "http://localhost/wp-cron.php?doing_wp_cron=1631222152.3594241142272949218750" "WordPress/5.8; http://localhost"
127.0.0.1 - - [09/Sep/2021:21:15:52 +0000] "POST /wp-admin/admin-ajax.php?action=mmdimo_load_donations&nonce=474371fae4 HTTP/1.1" 400 430 "http://localhost/wp-admin/admin-ajax.php?action=mmdimo_load_donations&nonce=474371fae4" "WordPress/5.8; http://localhost"
127.0.0.1 - - [09/Sep/2021:21:15:52 +0000] "POST /wp-cron.php?doing_wp_cron=1631222152.4875669479370117187500 HTTP/1.1" 200 192 "http://localhost/wp-cron.php?doing_wp_cron=1631222152.4875669479370117187500" "WordPress/5.8; http://localhost"
172.19.0.1 - - [09/Sep/2021:21:15:52 +0000] "POST /wp-admin/admin-ajax.php HTTP/1.1" 200 599 "http://localhost/wp-admin/plugin-install.php?s=donorbox&tab=search&type=term" "Mozilla/5.0 (Windows NT 10.0; Win64; x64) AppleWebKit/537.36 (KHTML, like Gecko) Chrome/93.0.4577.63 Safari/537.36 Edg/93.0.961.38"
127.0.0.1 - - [09/Sep/2021:21:16:52 +0000] "POST /wp-cron.php?doing_wp_cron=1631222212.9839119911193847656250 HTTP/1.1" 200 192 "http://localhost/wp-cron.php?doing_wp_cron=1631222212.9839119911193847656250" "WordPress/5.8; http://localhost"
127.0.0.1 - - [09/Sep/2021:21:16:52 +0000] "POST /wp-admin/admin-ajax.php?action=mmdimo_load_donations&nonce=474371fae4 HTTP/1.1" 400 430 "http://localhost/wp-admin/admin-ajax.php?action=mmdimo_load_donations&nonce=474371fae4" "WordPress/5.8; http://localhost"
127.0.0.1 - - [09/Sep/2021:21:16:53 +0000] "POST /wp-cron.php?doing_wp_cron=1631222213.0791530609130859375000 HTTP/1.1" 200 192 "http://localhost/wp-cron.php?doing_wp_cron=1631222213.0791530609130859375000" "WordPress/5.8; http://localhost"
172.19.0.1 - - [09/Sep/2021:21:16:52 +0000] "POST /wp-admin/admin-ajax.php HTTP/1.1" 200 599 "http://localhost/wp-admin/plugin-install.php?s=donorbox&tab=search&type=term" "Mozilla/5.0 (Windows NT 10.0; Win64; x64) AppleWebKit/537.36 (KHTML, like Gecko) Chrome/93.0.4577.63 Safari/537.36 Edg/93.0.961.38"
127.0.0.1 - - [09/Sep/2021:21:18:54 +0000] "POST /wp-cron.php?doing_wp_cron=1631222334.0024609565734863281250 HTTP/1.1" 200 192 "http://localhost/wp-cron.php?doing_wp_cron=1631222334.0024609565734863281250" "WordPress/5.8; http://localhost"
127.0.0.1 - - [09/Sep/2021:21:18:53 +0000] "POST /wp-admin/admin-ajax.php?action=mmdimo_load_donations&nonce=474371fae4 HTTP/1.1" 400 430 "http://localhost/wp-admin/admin-ajax.php?action=mmdimo_load_donations&nonce=474371fae4" "WordPress/5.8; http://localhost"
127.0.0.1 - - [09/Sep/2021:21:18:54 +0000] "POST /wp-cron.php?doing_wp_cron=1631222334.1181099414825439453125 HTTP/1.1" 200 192 "http://localhost/wp-cron.php?doing_wp_cron=1631222334.1181099414825439453125" "WordPress/5.8; http://localhost"
172.19.0.1 - - [09/Sep/2021:21:18:53 +0000] "POST /wp-admin/admin-ajax.php HTTP/1.1" 200 599 "http://localhost/wp-admin/plugin-install.php?s=donorbox&tab=search&type=term" "Mozilla/5.0 (Windows NT 10.0; Win64; x64) AppleWebKit/537.36 (KHTML, like Gecko) Chrome/93.0.4577.63 Safari/537.36 Edg/93.0.961.38"
127.0.0.1 - - [09/Sep/2021:21:19:11 +0000] "POST /wp-admin/admin-ajax.php?action=mmdimo_load_donations&nonce=474371fae4 HTTP/1.1" 400 430 "http://localhost/wp-admin/admin-ajax.php?action=mmdimo_load_donations&nonce=474371fae4" "WordPress/5.8; http://localhost"
172.19.0.1 - - [09/Sep/2021:21:19:11 +0000] "POST /wp-admin/admin-ajax.php HTTP/1.1" 200 106923 "http://localhost/wp-admin/plugin-install.php?s=giveWP&tab=search&type=term" "Mozilla/5.0 (Windows NT 10.0; Win64; x64) AppleWebKit/537.36 (KHTML, like Gecko) Chrome/93.0.4577.63 Safari/537.36 Edg/93.0.961.38"
127.0.0.1 - - [09/Sep/2021:21:19:16 +0000] "POST /wp-admin/admin-ajax.php?action=mmdimo_load_donations&nonce=474371fae4 HTTP/1.1" 400 430 "http://localhost/wp-admin/admin-ajax.php?action=mmdimo_load_donations&nonce=474371fae4" "WordPress/5.8; http://localhost"
172.19.0.1 - - [09/Sep/2021:21:19:16 +0000] "GET /wp-admin/plugin-install.php?tab=plugin-information&plugin=give& HTTP/1.1" 200 46504 "http://localhost/wp-admin/plugin-install.php?s=giveWP&tab=search&type=term" "Mozilla/5.0 (Windows NT 10.0; Win64; x64) AppleWebKit/537.36 (KHTML, like Gecko) Chrome/93.0.4577.63 Safari/537.36 Edg/93.0.961.38"
127.0.0.1 - - [09/Sep/2021:21:19:54 +0000] "POST /wp-cron.php?doing_wp_cron=1631222394.9729650020599365234375 HTTP/1.1" 200 192 "http://localhost/wp-cron.php?doing_wp_cron=1631222394.9729650020599365234375" "WordPress/5.8; http://localhost"
127.0.0.1 - - [09/Sep/2021:21:19:54 +0000] "POST /wp-admin/admin-ajax.php?action=mmdimo_load_donations&nonce=474371fae4 HTTP/1.1" 400 430 "http://localhost/wp-admin/admin-ajax.php?action=mmdimo_load_donations&nonce=474371fae4" "WordPress/5.8; http://localhost"
127.0.0.1 - - [09/Sep/2021:21:19:55 +0000] "POST /wp-cron.php?doing_wp_cron=1631222395.1134850978851318359375 HTTP/1.1" 200 192 "http://localhost/wp-cron.php?doing_wp_cron=1631222395.1134850978851318359375" "WordPress/5.8; http://localhost"
172.19.0.1 - - [09/Sep/2021:21:19:54 +0000] "POST /wp-admin/admin-ajax.php HTTP/1.1" 200 599 "http://localhost/wp-admin/plugin-install.php?s=giveWP&tab=search&type=term" "Mozilla/5.0 (Windows NT 10.0; Win64; x64) AppleWebKit/537.36 (KHTML, like Gecko) Chrome/93.0.4577.63 Safari/537.36 Edg/93.0.961.38"
127.0.0.1 - - [09/Sep/2021:21:20:55 +0000] "POST /wp-cron.php?doing_wp_cron=1631222455.8894269466400146484375 HTTP/1.1" 200 192 "http://localhost/wp-cron.php?doing_wp_cron=1631222455.8894269466400146484375" "WordPress/5.8; http://localhost"
127.0.0.1 - - [09/Sep/2021:21:20:55 +0000] "POST /wp-admin/admin-ajax.php?action=mmdimo_load_donations&nonce=474371fae4 HTTP/1.1" 400 430 "http://localhost/wp-admin/admin-ajax.php?action=mmdimo_load_donations&nonce=474371fae4" "WordPress/5.8; http://localhost"
127.0.0.1 - - [09/Sep/2021:21:20:55 +0000] "POST /wp-cron.php?doing_wp_cron=1631222455.9749538898468017578125 HTTP/1.1" 200 192 "http://localhost/wp-cron.php?doing_wp_cron=1631222455.9749538898468017578125" "WordPress/5.8; http://localhost"
172.19.0.1 - - [09/Sep/2021:21:20:55 +0000] "POST /wp-admin/admin-ajax.php HTTP/1.1" 200 599 "http://localhost/wp-admin/plugin-install.php?s=giveWP&tab=search&type=term" "Mozilla/5.0 (Windows NT 10.0; Win64; x64) AppleWebKit/537.36 (KHTML, like Gecko) Chrome/93.0.4577.63 Safari/537.36 Edg/93.0.961.38"
127.0.0.1 - - [09/Sep/2021:21:22:56 +0000] "POST /wp-cron.php?doing_wp_cron=1631222576.9378950595855712890625 HTTP/1.1" 200 192 "http://localhost/wp-cron.php?doing_wp_cron=1631222576.9378950595855712890625" "WordPress/5.8; http://localhost"
127.0.0.1 - - [09/Sep/2021:21:22:56 +0000] "POST /wp-admin/admin-ajax.php?action=mmdimo_load_donations&nonce=474371fae4 HTTP/1.1" 400 430 "http://localhost/wp-admin/admin-ajax.php?action=mmdimo_load_donations&nonce=474371fae4" "WordPress/5.8; http://localhost"
127.0.0.1 - - [09/Sep/2021:21:22:57 +0000] "POST /wp-cron.php?doing_wp_cron=1631222577.0537610054016113281250 HTTP/1.1" 200 192 "http://localhost/wp-cron.php?doing_wp_cron=1631222577.0537610054016113281250" "WordPress/5.8; http://localhost"
172.19.0.1 - - [09/Sep/2021:21:22:56 +0000] "POST /wp-admin/admin-ajax.php HTTP/1.1" 200 599 "http://localhost/wp-admin/plugin-install.php?s=giveWP&tab=search&type=term" "Mozilla/5.0 (Windows NT 10.0; Win64; x64) AppleWebKit/537.36 (KHTML, like Gecko) Chrome/93.0.4577.63 Safari/537.36 Edg/93.0.961.38"
127.0.0.1 - - [09/Sep/2021:21:24:58 +0000] "POST /wp-cron.php?doing_wp_cron=1631222698.0446159839630126953125 HTTP/1.1" 200 192 "http://localhost/wp-cron.php?doing_wp_cron=1631222698.0446159839630126953125" "WordPress/5.8; http://localhost"
127.0.0.1 - - [09/Sep/2021:21:24:57 +0000] "POST /wp-admin/admin-ajax.php?action=mmdimo_load_donations&nonce=474371fae4 HTTP/1.1" 400 430 "http://localhost/wp-admin/admin-ajax.php?action=mmdimo_load_donations&nonce=474371fae4" "WordPress/5.8; http://localhost"
127.0.0.1 - - [09/Sep/2021:21:24:58 +0000] "POST /wp-cron.php?doing_wp_cron=1631222698.2255220413208007812500 HTTP/1.1" 200 192 "http://localhost/wp-cron.php?doing_wp_cron=1631222698.2255220413208007812500" "WordPress/5.8; http://localhost"
