172.19.0.1 - - [10/Sep/2021:17:07:45 +0000] "POST /wp-admin/admin-ajax.php HTTP/1.1" 200 599 "http://localhost/wp-admin/admin.php?page=fullculqi_settings" "Mozilla/5.0 (Windows NT 10.0; Win64; x64) AppleWebKit/537.36 (KHTML, like Gecko) Chrome/93.0.4577.63 Safari/537.36 Edg/93.0.961.38"
172.19.0.1 - - [10/Sep/2021:17:09:46 +0000] "POST /wp-admin/admin-ajax.php HTTP/1.1" 200 599 "http://localhost/wp-admin/admin.php?page=fullculqi_settings" "Mozilla/5.0 (Windows NT 10.0; Win64; x64) AppleWebKit/537.36 (KHTML, like Gecko) Chrome/93.0.4577.63 Safari/537.36 Edg/93.0.961.38"
172.19.0.1 - - [10/Sep/2021:17:11:47 +0000] "POST /wp-admin/admin-ajax.php HTTP/1.1" 200 599 "http://localhost/wp-admin/admin.php?page=fullculqi_settings" "Mozilla/5.0 (Windows NT 10.0; Win64; x64) AppleWebKit/537.36 (KHTML, like Gecko) Chrome/93.0.4577.63 Safari/537.36 Edg/93.0.961.38"
127.0.0.1 - - [10/Sep/2021:17:13:48 +0000] "POST /wp-cron.php?doing_wp_cron=1631294028.8501861095428466796875 HTTP/1.1" 200 192 "http://localhost/wp-cron.php?doing_wp_cron=1631294028.8501861095428466796875" "WordPress/5.8; http://localhost"
172.19.0.1 - - [10/Sep/2021:17:13:48 +0000] "POST /wp-admin/admin-ajax.php HTTP/1.1" 200 599 "http://localhost/wp-admin/admin.php?page=fullculqi_settings" "Mozilla/5.0 (Windows NT 10.0; Win64; x64) AppleWebKit/537.36 (KHTML, like Gecko) Chrome/93.0.4577.63 Safari/537.36 Edg/93.0.961.38"
172.19.0.1 - - [10/Sep/2021:17:15:49 +0000] "POST /wp-admin/admin-ajax.php HTTP/1.1" 200 599 "http://localhost/wp-admin/admin.php?page=fullculqi_settings" "Mozilla/5.0 (Windows NT 10.0; Win64; x64) AppleWebKit/537.36 (KHTML, like Gecko) Chrome/93.0.4577.63 Safari/537.36 Edg/93.0.961.38"
172.19.0.1 - - [10/Sep/2021:21:41:01 +0000] "POST /wp-admin/admin-ajax.php HTTP/1.1" 200 599 "http://localhost/wp-admin/admin.php?page=fullculqi_settings" "Mozilla/5.0 (Windows NT 10.0; Win64; x64) AppleWebKit/537.36 (KHTML, like Gecko) Chrome/93.0.4577.63 Safari/537.36 Edg/93.0.961.38"
127.0.0.1 - - [10/Sep/2021:21:41:02 +0000] "POST /wp-cron.php?doing_wp_cron=1631310062.4934010505676269531250 HTTP/1.1" 200 192 "http://localhost/wp-cron.php?doing_wp_cron=1631310062.4934010505676269531250" "WordPress/5.8; http://localhost"
172.19.0.1 - - [10/Sep/2021:21:42:01 +0000] "POST /wp-admin/admin-ajax.php HTTP/1.1" 200 599 "http://localhost/wp-admin/admin.php?page=fullculqi_settings" "Mozilla/5.0 (Windows NT 10.0; Win64; x64) AppleWebKit/537.36 (KHTML, like Gecko) Chrome/93.0.4577.63 Safari/537.36 Edg/93.0.961.38"
172.19.0.1 - - [10/Sep/2021:21:43:02 +0000] "POST /wp-admin/admin-ajax.php HTTP/1.1" 200 599 "http://localhost/wp-admin/admin.php?page=fullculqi_settings" "Mozilla/5.0 (Windows NT 10.0; Win64; x64) AppleWebKit/537.36 (KHTML, like Gecko) Chrome/93.0.4577.63 Safari/537.36 Edg/93.0.961.38"
172.19.0.1 - - [10/Sep/2021:21:44:02 +0000] "POST /wp-admin/admin-ajax.php HTTP/1.1" 200 599 "http://localhost/wp-admin/admin.php?page=fullculqi_settings" "Mozilla/5.0 (Windows NT 10.0; Win64; x64) AppleWebKit/537.36 (KHTML, like Gecko) Chrome/93.0.4577.63 Safari/537.36 Edg/93.0.961.38"
172.19.0.1 - - [10/Sep/2021:21:44:07 +0000] "GET /wp-admin/plugins.php HTTP/1.1" 200 16664 "http://localhost/wp-admin/admin.php?page=fullculqi_settings" "Mozilla/5.0 (Windows NT 10.0; Win64; x64) AppleWebKit/537.36 (KHTML, like Gecko) Chrome/93.0.4577.63 Safari/537.36 Edg/93.0.961.38"
172.19.0.1 - - [10/Sep/2021:21:44:59 +0000] "-" 408 0 "-" "-"
172.19.0.1 - - [10/Sep/2021:21:45:08 +0000] "POST /wp-admin/admin-ajax.php HTTP/1.1" 200 599 "http://localhost/wp-admin/plugins.php" "Mozilla/5.0 (Windows NT 10.0; Win64; x64) AppleWebKit/537.36 (KHTML, like Gecko) Chrome/93.0.4577.63 Safari/537.36 Edg/93.0.961.38"
172.19.0.1 - - [10/Sep/2021:21:45:23 +0000] "GET /wp-admin/edit.php?post_type=culqi_charges HTTP/1.1" 200 10019 "http://localhost/wp-admin/plugins.php" "Mozilla/5.0 (Windows NT 10.0; Win64; x64) AppleWebKit/537.36 (KHTML, like Gecko) Chrome/93.0.4577.63 Safari/537.36 Edg/93.0.961.38"
172.19.0.1 - - [10/Sep/2021:21:45:24 +0000] "GET /wp-content/plugins/culqi-full-integration/resources/assets/css/admin-metaboxes.css?ver=5.8 HTTP/1.1" 200 1009 "http://localhost/wp-admin/edit.php?post_type=culqi_charges" "Mozilla/5.0 (Windows NT 10.0; Win64; x64) AppleWebKit/537.36 (KHTML, like Gecko) Chrome/93.0.4577.63 Safari/537.36 Edg/93.0.961.38"
172.19.0.1 - - [10/Sep/2021:21:45:24 +0000] "GET /wp-content/plugins/culqi-full-integration/resources/assets/js/admin-metaboxes.js?ver=5.8 HTTP/1.1" 200 1460 "http://localhost/wp-admin/edit.php?post_type=culqi_charges" "Mozilla/5.0 (Windows NT 10.0; Win64; x64) AppleWebKit/537.36 (KHTML, like Gecko) Chrome/93.0.4577.63 Safari/537.36 Edg/93.0.961.38"
172.19.0.1 - - [10/Sep/2021:21:45:24 +0000] "GET /wp-content/plugins/culqi-full-integration/resources/assets/css/tags.css?ver=5.8 HTTP/1.1" 200 673 "http://localhost/wp-admin/edit.php?post_type=culqi_charges" "Mozilla/5.0 (Windows NT 10.0; Win64; x64) AppleWebKit/537.36 (KHTML, like Gecko) Chrome/93.0.4577.63 Safari/537.36 Edg/93.0.961.38"
172.19.0.1 - - [10/Sep/2021:21:45:24 +0000] "POST /wp-admin/admin-ajax.php HTTP/1.1" 200 598 "http://localhost/wp-admin/edit.php?post_type=culqi_charges" "Mozilla/5.0 (Windows NT 10.0; Win64; x64) AppleWebKit/537.36 (KHTML, like Gecko) Chrome/93.0.4577.63 Safari/537.36 Edg/93.0.961.38"
172.19.0.1 - - [10/Sep/2021:21:45:39 +0000] "POST /wp-admin/admin-ajax.php HTTP/1.1" 200 599 "http://localhost/wp-admin/edit.php?post_type=culqi_charges" "Mozilla/5.0 (Windows NT 10.0; Win64; x64) AppleWebKit/537.36 (KHTML, like Gecko) Chrome/93.0.4577.63 Safari/537.36 Edg/93.0.961.38"
172.19.0.1 - - [10/Sep/2021:21:45:54 +0000] "POST /wp-admin/admin-ajax.php HTTP/1.1" 200 599 "http://localhost/wp-admin/edit.php?post_type=culqi_charges" "Mozilla/5.0 (Windows NT 10.0; Win64; x64) AppleWebKit/537.36 (KHTML, like Gecko) Chrome/93.0.4577.63 Safari/537.36 Edg/93.0.961.38"
172.19.0.1 - - [10/Sep/2021:21:46:09 +0000] "POST /wp-admin/admin-ajax.php HTTP/1.1" 200 599 "http://localhost/wp-admin/edit.php?post_type=culqi_charges" "Mozilla/5.0 (Windows NT 10.0; Win64; x64) AppleWebKit/537.36 (KHTML, like Gecko) Chrome/93.0.4577.63 Safari/537.36 Edg/93.0.961.38"
172.19.0.1 - - [10/Sep/2021:21:46:24 +0000] "POST /wp-admin/admin-ajax.php HTTP/1.1" 200 599 "http://localhost/wp-admin/edit.php?post_type=culqi_charges" "Mozilla/5.0 (Windows NT 10.0; Win64; x64) AppleWebKit/537.36 (KHTML, like Gecko) Chrome/93.0.4577.63 Safari/537.36 Edg/93.0.961.38"
172.19.0.1 - - [10/Sep/2021:21:46:39 +0000] "POST /wp-admin/admin-ajax.php HTTP/1.1" 200 599 "http://localhost/wp-admin/edit.php?post_type=culqi_charges" "Mozilla/5.0 (Windows NT 10.0; Win64; x64) AppleWebKit/537.36 (KHTML, like Gecko) Chrome/93.0.4577.63 Safari/537.36 Edg/93.0.961.38"
172.19.0.1 - - [10/Sep/2021:21:46:54 +0000] "POST /wp-admin/admin-ajax.php HTTP/1.1" 200 599 "http://localhost/wp-admin/edit.php?post_type=culqi_charges" "Mozilla/5.0 (Windows NT 10.0; Win64; x64) AppleWebKit/537.36 (KHTML, like Gecko) Chrome/93.0.4577.63 Safari/537.36 Edg/93.0.961.38"
172.19.0.1 - - [10/Sep/2021:21:47:03 +0000] "GET /wp-admin/options-general.php?page=donorbox-donation-form/donorbox_embed_campaign.php HTTP/1.1" 200 8052 "http://localhost/wp-admin/edit.php?post_type=culqi_charges" "Mozilla/5.0 (Windows NT 10.0; Win64; x64) AppleWebKit/537.36 (KHTML, like Gecko) Chrome/93.0.4577.63 Safari/537.36 Edg/93.0.961.38"
172.19.0.1 - - [10/Sep/2021:21:47:55 +0000] "-" 408 0 "-" "-"
172.19.0.1 - - [10/Sep/2021:21:48:05 +0000] "POST /wp-admin/admin-ajax.php HTTP/1.1" 200 599 "http://localhost/wp-admin/options-general.php?page=donorbox-donation-form%2Fdonorbox_embed_campaign.php" "Mozilla/5.0 (Windows NT 10.0; Win64; x64) AppleWebKit/537.36 (KHTML, like Gecko) Chrome/93.0.4577.63 Safari/537.36 Edg/93.0.961.38"
172.19.0.1 - - [10/Sep/2021:21:49:05 +0000] "POST /wp-admin/admin-ajax.php HTTP/1.1" 200 599 "http://localhost/wp-admin/options-general.php?page=donorbox-donation-form%2Fdonorbox_embed_campaign.php" "Mozilla/5.0 (Windows NT 10.0; Win64; x64) AppleWebKit/537.36 (KHTML, like Gecko) Chrome/93.0.4577.63 Safari/537.36 Edg/93.0.961.38"
172.19.0.1 - - [10/Sep/2021:21:51:05 +0000] "POST /wp-admin/admin-ajax.php HTTP/1.1" 200 599 "http://localhost/wp-admin/options-general.php?page=donorbox-donation-form%2Fdonorbox_embed_campaign.php" "Mozilla/5.0 (Windows NT 10.0; Win64; x64) AppleWebKit/537.36 (KHTML, like Gecko) Chrome/93.0.4577.63 Safari/537.36 Edg/93.0.961.38"
172.19.0.1 - - [10/Sep/2021:21:53:06 +0000] "POST /wp-admin/admin-ajax.php HTTP/1.1" 200 599 "http://localhost/wp-admin/options-general.php?page=donorbox-donation-form%2Fdonorbox_embed_campaign.php" "Mozilla/5.0 (Windows NT 10.0; Win64; x64) AppleWebKit/537.36 (KHTML, like Gecko) Chrome/93.0.4577.63 Safari/537.36 Edg/93.0.961.38"
172.19.0.1 - - [10/Sep/2021:21:55:07 +0000] "POST /wp-admin/admin-ajax.php HTTP/1.1" 200 599 "http://localhost/wp-admin/options-general.php?page=donorbox-donation-form%2Fdonorbox_embed_campaign.php" "Mozilla/5.0 (Windows NT 10.0; Win64; x64) AppleWebKit/537.36 (KHTML, like Gecko) Chrome/93.0.4577.63 Safari/537.36 Edg/93.0.961.38"
172.19.0.1 - - [10/Sep/2021:21:57:08 +0000] "POST /wp-admin/admin-ajax.php HTTP/1.1" 200 599 "http://localhost/wp-admin/options-general.php?page=donorbox-donation-form%2Fdonorbox_embed_campaign.php" "Mozilla/5.0 (Windows NT 10.0; Win64; x64) AppleWebKit/537.36 (KHTML, like Gecko) Chrome/93.0.4577.63 Safari/537.36 Edg/93.0.961.38"
172.19.0.1 - - [10/Sep/2021:22:03:39 +0000] "POST /wp-admin/admin-ajax.php HTTP/1.1" 200 599 "http://localhost/wp-admin/options-general.php?page=donorbox-donation-form%2Fdonorbox_embed_campaign.php" "Mozilla/5.0 (Windows NT 10.0; Win64; x64) AppleWebKit/537.36 (KHTML, like Gecko) Chrome/93.0.4577.63 Safari/537.36 Edg/93.0.961.38"
172.19.0.1 - - [10/Sep/2021:22:04:40 +0000] "POST /wp-admin/admin-ajax.php HTTP/1.1" 200 599 "http://localhost/wp-admin/options-general.php?page=donorbox-donation-form%2Fdonorbox_embed_campaign.php" "Mozilla/5.0 (Windows NT 10.0; Win64; x64) AppleWebKit/537.36 (KHTML, like Gecko) Chrome/93.0.4577.63 Safari/537.36 Edg/93.0.961.38"
172.19.0.1 - - [10/Sep/2021:22:06:41 +0000] "POST /wp-admin/admin-ajax.php HTTP/1.1" 200 599 "http://localhost/wp-admin/options-general.php?page=donorbox-donation-form%2Fdonorbox_embed_campaign.php" "Mozilla/5.0 (Windows NT 10.0; Win64; x64) AppleWebKit/537.36 (KHTML, like Gecko) Chrome/93.0.4577.63 Safari/537.36 Edg/93.0.961.38"
172.19.0.1 - - [10/Sep/2021:22:08:42 +0000] "POST /wp-admin/admin-ajax.php HTTP/1.1" 200 599 "http://localhost/wp-admin/options-general.php?page=donorbox-donation-form%2Fdonorbox_embed_campaign.php" "Mozilla/5.0 (Windows NT 10.0; Win64; x64) AppleWebKit/537.36 (KHTML, like Gecko) Chrome/93.0.4577.63 Safari/537.36 Edg/93.0.961.38"
172.19.0.1 - - [10/Sep/2021:22:10:43 +0000] "POST /wp-admin/admin-ajax.php HTTP/1.1" 200 599 "http://localhost/wp-admin/options-general.php?page=donorbox-donation-form%2Fdonorbox_embed_campaign.php" "Mozilla/5.0 (Windows NT 10.0; Win64; x64) AppleWebKit/537.36 (KHTML, like Gecko) Chrome/93.0.4577.63 Safari/537.36 Edg/93.0.961.38"
172.19.0.1 - - [10/Sep/2021:22:12:44 +0000] "POST /wp-admin/admin-ajax.php HTTP/1.1" 200 599 "http://localhost/wp-admin/options-general.php?page=donorbox-donation-form%2Fdonorbox_embed_campaign.php" "Mozilla/5.0 (Windows NT 10.0; Win64; x64) AppleWebKit/537.36 (KHTML, like Gecko) Chrome/93.0.4577.63 Safari/537.36 Edg/93.0.961.38"
127.0.0.1 - - [10/Sep/2021:22:14:45 +0000] "POST /wp-cron.php?doing_wp_cron=1631312085.6766180992126464843750 HTTP/1.1" 200 192 "http://localhost/wp-cron.php?doing_wp_cron=1631312085.6766180992126464843750" "WordPress/5.8; http://localhost"
172.19.0.1 - - [10/Sep/2021:22:14:45 +0000] "POST /wp-admin/admin-ajax.php HTTP/1.1" 200 599 "http://localhost/wp-admin/options-general.php?page=donorbox-donation-form%2Fdonorbox_embed_campaign.php" "Mozilla/5.0 (Windows NT 10.0; Win64; x64) AppleWebKit/537.36 (KHTML, like Gecko) Chrome/93.0.4577.63 Safari/537.36 Edg/93.0.961.38"
172.19.0.1 - - [10/Sep/2021:22:31:02 +0000] "POST /wp-admin/admin-ajax.php HTTP/1.1" 200 599 "http://localhost/wp-admin/options-general.php?page=donorbox-donation-form%2Fdonorbox_embed_campaign.php" "Mozilla/5.0 (Windows NT 10.0; Win64; x64) AppleWebKit/537.36 (KHTML, like Gecko) Chrome/93.0.4577.63 Safari/537.36 Edg/93.0.961.38"
172.19.0.1 - - [10/Sep/2021:22:32:02 +0000] "POST /wp-admin/admin-ajax.php HTTP/1.1" 200 599 "http://localhost/wp-admin/options-general.php?page=donorbox-donation-form%2Fdonorbox_embed_campaign.php" "Mozilla/5.0 (Windows NT 10.0; Win64; x64) AppleWebKit/537.36 (KHTML, like Gecko) Chrome/93.0.4577.63 Safari/537.36 Edg/93.0.961.38"
172.19.0.1 - - [10/Sep/2021:22:34:03 +0000] "POST /wp-admin/admin-ajax.php HTTP/1.1" 200 599 "http://localhost/wp-admin/options-general.php?page=donorbox-donation-form%2Fdonorbox_embed_campaign.php" "Mozilla/5.0 (Windows NT 10.0; Win64; x64) AppleWebKit/537.36 (KHTML, like Gecko) Chrome/93.0.4577.63 Safari/537.36 Edg/93.0.961.38"
172.19.0.1 - - [10/Sep/2021:22:36:04 +0000] "POST /wp-admin/admin-ajax.php HTTP/1.1" 200 599 "http://localhost/wp-admin/options-general.php?page=donorbox-donation-form%2Fdonorbox_embed_campaign.php" "Mozilla/5.0 (Windows NT 10.0; Win64; x64) AppleWebKit/537.36 (KHTML, like Gecko) Chrome/93.0.4577.63 Safari/537.36 Edg/93.0.961.38"
172.19.0.1 - - [10/Sep/2021:22:38:05 +0000] "POST /wp-admin/admin-ajax.php HTTP/1.1" 200 599 "http://localhost/wp-admin/options-general.php?page=donorbox-donation-form%2Fdonorbox_embed_campaign.php" "Mozilla/5.0 (Windows NT 10.0; Win64; x64) AppleWebKit/537.36 (KHTML, like Gecko) Chrome/93.0.4577.63 Safari/537.36 Edg/93.0.961.38"
172.19.0.1 - - [10/Sep/2021:22:40:06 +0000] "POST /wp-admin/admin-ajax.php HTTP/1.1" 200 599 "http://localhost/wp-admin/options-general.php?page=donorbox-donation-form%2Fdonorbox_embed_campaign.php" "Mozilla/5.0 (Windows NT 10.0; Win64; x64) AppleWebKit/537.36 (KHTML, like Gecko) Chrome/93.0.4577.63 Safari/537.36 Edg/93.0.961.38"
127.0.0.1 - - [10/Sep/2021:23:14:34 +0000] "POST /wp-cron.php?doing_wp_cron=1631315674.0695319175720214843750 HTTP/1.1" 200 192 "http://localhost/wp-cron.php?doing_wp_cron=1631315674.0695319175720214843750" "WordPress/5.8; http://localhost"
172.19.0.1 - - [10/Sep/2021:23:14:33 +0000] "POST /wp-admin/admin-ajax.php HTTP/1.1" 200 599 "http://localhost/wp-admin/options-general.php?page=donorbox-donation-form%2Fdonorbox_embed_campaign.php" "Mozilla/5.0 (Windows NT 10.0; Win64; x64) AppleWebKit/537.36 (KHTML, like Gecko) Chrome/93.0.4577.63 Safari/537.36 Edg/93.0.961.38"
172.19.0.1 - - [10/Sep/2021:23:15:34 +0000] "POST /wp-admin/admin-ajax.php HTTP/1.1" 200 599 "http://localhost/wp-admin/options-general.php?page=donorbox-donation-form%2Fdonorbox_embed_campaign.php" "Mozilla/5.0 (Windows NT 10.0; Win64; x64) AppleWebKit/537.36 (KHTML, like Gecko) Chrome/93.0.4577.63 Safari/537.36 Edg/93.0.961.38"
172.19.0.1 - - [10/Sep/2021:23:17:35 +0000] "POST /wp-admin/admin-ajax.php HTTP/1.1" 200 599 "http://localhost/wp-admin/options-general.php?page=donorbox-donation-form%2Fdonorbox_embed_campaign.php" "Mozilla/5.0 (Windows NT 10.0; Win64; x64) AppleWebKit/537.36 (KHTML, like Gecko) Chrome/93.0.4577.63 Safari/537.36 Edg/93.0.961.38"
172.19.0.1 - - [10/Sep/2021:23:19:36 +0000] "POST /wp-admin/admin-ajax.php HTTP/1.1" 200 599 "http://localhost/wp-admin/options-general.php?page=donorbox-donation-form%2Fdonorbox_embed_campaign.php" "Mozilla/5.0 (Windows NT 10.0; Win64; x64) AppleWebKit/537.36 (KHTML, like Gecko) Chrome/93.0.4577.63 Safari/537.36 Edg/93.0.961.38"
172.19.0.1 - - [10/Sep/2021:23:21:37 +0000] "POST /wp-admin/admin-ajax.php HTTP/1.1" 200 599 "http://localhost/wp-admin/options-general.php?page=donorbox-donation-form%2Fdonorbox_embed_campaign.php" "Mozilla/5.0 (Windows NT 10.0; Win64; x64) AppleWebKit/537.36 (KHTML, like Gecko) Chrome/93.0.4577.63 Safari/537.36 Edg/93.0.961.38"
172.19.0.1 - - [10/Sep/2021:23:23:38 +0000] "POST /wp-admin/admin-ajax.php HTTP/1.1" 200 599 "http://localhost/wp-admin/options-general.php?page=donorbox-donation-form%2Fdonorbox_embed_campaign.php" "Mozilla/5.0 (Windows NT 10.0; Win64; x64) AppleWebKit/537.36 (KHTML, like Gecko) Chrome/93.0.4577.63 Safari/537.36 Edg/93.0.961.38"
127.0.0.1 - - [13/Sep/2021:00:51:59 +0000] "POST /wp-cron.php?doing_wp_cron=1631494319.8192210197448730468750 HTTP/1.1" 200 192 "http://localhost/wp-cron.php?doing_wp_cron=1631494319.8192210197448730468750" "WordPress/5.8; http://localhost"
172.19.0.1 - - [13/Sep/2021:00:51:58 +0000] "GET /wp-admin/user-new.php HTTP/1.1" 200 10248 "-" "Mozilla/5.0 (Windows NT 10.0; Win64; x64) AppleWebKit/537.36 (KHTML, like Gecko) Chrome/93.0.4577.63 Safari/537.36 Edg/93.0.961.44"
172.19.0.1 - - [13/Sep/2021:00:52:03 +0000] "GET /wp-admin/js/password-strength-meter.min.js?ver=5.8 HTTP/1.1" 200 971 "http://localhost/wp-admin/user-new.php" "Mozilla/5.0 (Windows NT 10.0; Win64; x64) AppleWebKit/537.36 (KHTML, like Gecko) Chrome/93.0.4577.63 Safari/537.36 Edg/93.0.961.44"
172.19.0.1 - - [13/Sep/2021:00:52:03 +0000] "GET /wp-admin/load-scripts.php?c=0&load%5Bchunk_0%5D=jquery-core,jquery-migrate,utils,zxcvbn-async&ver=5.8 HTTP/1.1" 200 35409 "http://localhost/wp-admin/user-new.php" "Mozilla/5.0 (Windows NT 10.0; Win64; x64) AppleWebKit/537.36 (KHTML, like Gecko) Chrome/93.0.4577.63 Safari/537.36 Edg/93.0.961.44"
172.19.0.1 - - [13/Sep/2021:00:52:03 +0000] "GET /wp-admin/js/user-profile.min.js?ver=5.8 HTTP/1.1" 200 2638 "http://localhost/wp-admin/user-new.php" "Mozilla/5.0 (Windows NT 10.0; Win64; x64) AppleWebKit/537.36 (KHTML, like Gecko) Chrome/93.0.4577.63 Safari/537.36 Edg/93.0.961.44"
172.19.0.1 - - [13/Sep/2021:00:52:03 +0000] "GET /wp-includes/js/zxcvbn.min.js HTTP/1.1" 200 400400 "http://localhost/wp-admin/user-new.php" "Mozilla/5.0 (Windows NT 10.0; Win64; x64) AppleWebKit/537.36 (KHTML, like Gecko) Chrome/93.0.4577.63 Safari/537.36 Edg/93.0.961.44"
172.19.0.1 - - [13/Sep/2021:00:53:03 +0000] "POST /wp-admin/admin-ajax.php HTTP/1.1" 200 599 "http://localhost/wp-admin/user-new.php" "Mozilla/5.0 (Windows NT 10.0; Win64; x64) AppleWebKit/537.36 (KHTML, like Gecko) Chrome/93.0.4577.63 Safari/537.36 Edg/93.0.961.44"
172.19.0.1 - - [13/Sep/2021:00:55:04 +0000] "POST /wp-admin/admin-ajax.php HTTP/1.1" 200 599 "http://localhost/wp-admin/user-new.php" "Mozilla/5.0 (Windows NT 10.0; Win64; x64) AppleWebKit/537.36 (KHTML, like Gecko) Chrome/93.0.4577.63 Safari/537.36 Edg/93.0.961.44"
172.19.0.1 - - [13/Sep/2021:00:57:05 +0000] "POST /wp-admin/admin-ajax.php HTTP/1.1" 200 599 "http://localhost/wp-admin/user-new.php" "Mozilla/5.0 (Windows NT 10.0; Win64; x64) AppleWebKit/537.36 (KHTML, like Gecko) Chrome/93.0.4577.63 Safari/537.36 Edg/93.0.961.44"
172.19.0.1 - - [13/Sep/2021:00:59:06 +0000] "POST /wp-admin/admin-ajax.php HTTP/1.1" 200 599 "http://localhost/wp-admin/user-new.php" "Mozilla/5.0 (Windows NT 10.0; Win64; x64) AppleWebKit/537.36 (KHTML, like Gecko) Chrome/93.0.4577.63 Safari/537.36 Edg/93.0.961.44"
172.19.0.1 - - [13/Sep/2021:01:01:07 +0000] "POST /wp-admin/admin-ajax.php HTTP/1.1" 200 599 "http://localhost/wp-admin/user-new.php" "Mozilla/5.0 (Windows NT 10.0; Win64; x64) AppleWebKit/537.36 (KHTML, like Gecko) Chrome/93.0.4577.63 Safari/537.36 Edg/93.0.961.44"
172.19.0.1 - - [13/Sep/2021:01:03:08 +0000] "POST /wp-admin/admin-ajax.php HTTP/1.1" 200 599 "http://localhost/wp-admin/user-new.php" "Mozilla/5.0 (Windows NT 10.0; Win64; x64) AppleWebKit/537.36 (KHTML, like Gecko) Chrome/93.0.4577.63 Safari/537.36 Edg/93.0.961.44"
172.19.0.1 - - [13/Sep/2021:01:03:55 +0000] "GET /wp-admin/edit.php?post_type=culqi_charges HTTP/1.1" 200 10017 "http://localhost/wp-admin/user-new.php" "Mozilla/5.0 (Windows NT 10.0; Win64; x64) AppleWebKit/537.36 (KHTML, like Gecko) Chrome/93.0.4577.63 Safari/537.36 Edg/93.0.961.44"
172.19.0.1 - - [13/Sep/2021:01:03:55 +0000] "GET /wp-content/plugins/culqi-full-integration/resources/assets/css/tags.css?ver=5.8 HTTP/1.1" 200 672 "http://localhost/wp-admin/edit.php?post_type=culqi_charges" "Mozilla/5.0 (Windows NT 10.0; Win64; x64) AppleWebKit/537.36 (KHTML, like Gecko) Chrome/93.0.4577.63 Safari/537.36 Edg/93.0.961.44"
172.19.0.1 - - [13/Sep/2021:01:03:55 +0000] "GET /wp-content/plugins/culqi-full-integration/resources/assets/css/admin-metaboxes.css?ver=5.8 HTTP/1.1" 200 1010 "http://localhost/wp-admin/edit.php?post_type=culqi_charges" "Mozilla/5.0 (Windows NT 10.0; Win64; x64) AppleWebKit/537.36 (KHTML, like Gecko) Chrome/93.0.4577.63 Safari/537.36 Edg/93.0.961.44"
172.19.0.1 - - [13/Sep/2021:01:03:55 +0000] "GET /wp-content/plugins/culqi-full-integration/resources/assets/js/admin-metaboxes.js?ver=5.8 HTTP/1.1" 200 1461 "http://localhost/wp-admin/edit.php?post_type=culqi_charges" "Mozilla/5.0 (Windows NT 10.0; Win64; x64) AppleWebKit/537.36 (KHTML, like Gecko) Chrome/93.0.4577.63 Safari/537.36 Edg/93.0.961.44"
172.19.0.1 - - [13/Sep/2021:01:03:55 +0000] "POST /wp-admin/admin-ajax.php HTTP/1.1" 200 598 "http://localhost/wp-admin/edit.php?post_type=culqi_charges" "Mozilla/5.0 (Windows NT 10.0; Win64; x64) AppleWebKit/537.36 (KHTML, like Gecko) Chrome/93.0.4577.63 Safari/537.36 Edg/93.0.961.44"
172.19.0.1 - - [13/Sep/2021:01:04:10 +0000] "POST /wp-admin/admin-ajax.php HTTP/1.1" 200 599 "http://localhost/wp-admin/edit.php?post_type=culqi_charges" "Mozilla/5.0 (Windows NT 10.0; Win64; x64) AppleWebKit/537.36 (KHTML, like Gecko) Chrome/93.0.4577.63 Safari/537.36 Edg/93.0.961.44"
172.19.0.1 - - [13/Sep/2021:01:04:25 +0000] "POST /wp-admin/admin-ajax.php HTTP/1.1" 200 599 "http://localhost/wp-admin/edit.php?post_type=culqi_charges" "Mozilla/5.0 (Windows NT 10.0; Win64; x64) AppleWebKit/537.36 (KHTML, like Gecko) Chrome/93.0.4577.63 Safari/537.36 Edg/93.0.961.44"
172.19.0.1 - - [13/Sep/2021:01:06:26 +0000] "POST /wp-admin/admin-ajax.php HTTP/1.1" 200 599 "http://localhost/wp-admin/edit.php?post_type=culqi_charges" "Mozilla/5.0 (Windows NT 10.0; Win64; x64) AppleWebKit/537.36 (KHTML, like Gecko) Chrome/93.0.4577.63 Safari/537.36 Edg/93.0.961.44"
172.19.0.1 - - [13/Sep/2021:01:06:42 +0000] "POST /wp-admin/admin-ajax.php HTTP/1.1" 200 599 "http://localhost/wp-admin/edit.php?post_type=culqi_charges" "Mozilla/5.0 (Windows NT 10.0; Win64; x64) AppleWebKit/537.36 (KHTML, like Gecko) Chrome/93.0.4577.63 Safari/537.36 Edg/93.0.961.44"
172.19.0.1 - - [13/Sep/2021:01:08:43 +0000] "POST /wp-admin/admin-ajax.php HTTP/1.1" 200 599 "http://localhost/wp-admin/edit.php?post_type=culqi_charges" "Mozilla/5.0 (Windows NT 10.0; Win64; x64) AppleWebKit/537.36 (KHTML, like Gecko) Chrome/93.0.4577.63 Safari/537.36 Edg/93.0.961.44"
172.19.0.1 - - [13/Sep/2021:01:10:44 +0000] "POST /wp-admin/admin-ajax.php HTTP/1.1" 200 599 "http://localhost/wp-admin/edit.php?post_type=culqi_charges" "Mozilla/5.0 (Windows NT 10.0; Win64; x64) AppleWebKit/537.36 (KHTML, like Gecko) Chrome/93.0.4577.63 Safari/537.36 Edg/93.0.961.44"
172.19.0.1 - - [13/Sep/2021:01:12:45 +0000] "POST /wp-admin/admin-ajax.php HTTP/1.1" 200 599 "http://localhost/wp-admin/edit.php?post_type=culqi_charges" "Mozilla/5.0 (Windows NT 10.0; Win64; x64) AppleWebKit/537.36 (KHTML, like Gecko) Chrome/93.0.4577.63 Safari/537.36 Edg/93.0.961.44"
127.0.0.1 - - [13/Sep/2021:01:14:47 +0000] "POST /wp-cron.php?doing_wp_cron=1631495686.9920940399169921875000 HTTP/1.1" 200 192 "http://localhost/wp-cron.php?doing_wp_cron=1631495686.9920940399169921875000" "WordPress/5.8; http://localhost"
172.19.0.1 - - [13/Sep/2021:01:14:46 +0000] "POST /wp-admin/admin-ajax.php HTTP/1.1" 200 599 "http://localhost/wp-admin/edit.php?post_type=culqi_charges" "Mozilla/5.0 (Windows NT 10.0; Win64; x64) AppleWebKit/537.36 (KHTML, like Gecko) Chrome/93.0.4577.63 Safari/537.36 Edg/93.0.961.44"
172.19.0.1 - - [13/Sep/2021:01:23:14 +0000] "POST /wp-admin/admin-ajax.php HTTP/1.1" 200 599 "http://localhost/wp-admin/edit.php?post_type=culqi_charges" "Mozilla/5.0 (Windows NT 10.0; Win64; x64) AppleWebKit/537.36 (KHTML, like Gecko) Chrome/93.0.4577.63 Safari/537.36 Edg/93.0.961.44"
172.19.0.1 - - [13/Sep/2021:01:23:29 +0000] "POST /wp-admin/admin-ajax.php HTTP/1.1" 200 599 "http://localhost/wp-admin/edit.php?post_type=culqi_charges" "Mozilla/5.0 (Windows NT 10.0; Win64; x64) AppleWebKit/537.36 (KHTML, like Gecko) Chrome/93.0.4577.63 Safari/537.36 Edg/93.0.961.44"
172.19.0.1 - - [13/Sep/2021:01:25:30 +0000] "POST /wp-admin/admin-ajax.php HTTP/1.1" 200 599 "http://localhost/wp-admin/edit.php?post_type=culqi_charges" "Mozilla/5.0 (Windows NT 10.0; Win64; x64) AppleWebKit/537.36 (KHTML, like Gecko) Chrome/93.0.4577.63 Safari/537.36 Edg/93.0.961.44"
172.19.0.1 - - [13/Sep/2021:01:26:01 +0000] "POST /wp-admin/admin-ajax.php HTTP/1.1" 200 599 "http://localhost/wp-admin/edit.php?post_type=culqi_charges" "Mozilla/5.0 (Windows NT 10.0; Win64; x64) AppleWebKit/537.36 (KHTML, like Gecko) Chrome/93.0.4577.63 Safari/537.36 Edg/93.0.961.44"
172.19.0.1 - - [13/Sep/2021:01:26:16 +0000] "POST /wp-admin/admin-ajax.php HTTP/1.1" 200 599 "http://localhost/wp-admin/edit.php?post_type=culqi_charges" "Mozilla/5.0 (Windows NT 10.0; Win64; x64) AppleWebKit/537.36 (KHTML, like Gecko) Chrome/93.0.4577.63 Safari/537.36 Edg/93.0.961.44"
172.19.0.1 - - [13/Sep/2021:01:28:17 +0000] "POST /wp-admin/admin-ajax.php HTTP/1.1" 200 599 "http://localhost/wp-admin/edit.php?post_type=culqi_charges" "Mozilla/5.0 (Windows NT 10.0; Win64; x64) AppleWebKit/537.36 (KHTML, like Gecko) Chrome/93.0.4577.63 Safari/537.36 Edg/93.0.961.44"
172.19.0.1 - - [13/Sep/2021:01:30:18 +0000] "POST /wp-admin/admin-ajax.php HTTP/1.1" 200 599 "http://localhost/wp-admin/edit.php?post_type=culqi_charges" "Mozilla/5.0 (Windows NT 10.0; Win64; x64) AppleWebKit/537.36 (KHTML, like Gecko) Chrome/93.0.4577.63 Safari/537.36 Edg/93.0.961.44"
172.19.0.1 - - [13/Sep/2021:01:32:19 +0000] "POST /wp-admin/admin-ajax.php HTTP/1.1" 200 599 "http://localhost/wp-admin/edit.php?post_type=culqi_charges" "Mozilla/5.0 (Windows NT 10.0; Win64; x64) AppleWebKit/537.36 (KHTML, like Gecko) Chrome/93.0.4577.63 Safari/537.36 Edg/93.0.961.44"
172.19.0.1 - - [13/Sep/2021:01:34:20 +0000] "POST /wp-admin/admin-ajax.php HTTP/1.1" 200 599 "http://localhost/wp-admin/edit.php?post_type=culqi_charges" "Mozilla/5.0 (Windows NT 10.0; Win64; x64) AppleWebKit/537.36 (KHTML, like Gecko) Chrome/93.0.4577.63 Safari/537.36 Edg/93.0.961.44"
172.19.0.1 - - [13/Sep/2021:01:36:21 +0000] "POST /wp-admin/admin-ajax.php HTTP/1.1" 200 599 "http://localhost/wp-admin/edit.php?post_type=culqi_charges" "Mozilla/5.0 (Windows NT 10.0; Win64; x64) AppleWebKit/537.36 (KHTML, like Gecko) Chrome/93.0.4577.63 Safari/537.36 Edg/93.0.961.44"
172.18.0.1 - - [13/Sep/2021:14:39:36 +0000] "GET / HTTP/1.1" 200 5903 "-" "Mozilla/5.0 (Windows NT 10.0; Win64; x64) AppleWebKit/537.36 (KHTML, like Gecko) Chrome/93.0.4577.63 Safari/537.36 Edg/93.0.961.47"
172.18.0.1 - - [13/Sep/2021:14:39:38 +0000] "GET /wp-includes/css/admin-bar.min.css?ver=5.8 HTTP/1.1" 200 4095 "http://localhost/" "Mozilla/5.0 (Windows NT 10.0; Win64; x64) AppleWebKit/537.36 (KHTML, like Gecko) Chrome/93.0.4577.63 Safari/537.36 Edg/93.0.961.47"
172.18.0.1 - - [13/Sep/2021:14:39:38 +0000] "GET /wp-includes/css/dist/block-library/style.min.css?ver=5.8 HTTP/1.1" 200 10863 "http://localhost/" "Mozilla/5.0 (Windows NT 10.0; Win64; x64) AppleWebKit/537.36 (KHTML, like Gecko) Chrome/93.0.4577.63 Safari/537.36 Edg/93.0.961.47"
172.18.0.1 - - [13/Sep/2021:14:39:38 +0000] "GET /wp-content/themes/twentytwentyone/style.css?ver=1.4 HTTP/1.1" 200 23143 "http://localhost/" "Mozilla/5.0 (Windows NT 10.0; Win64; x64) AppleWebKit/537.36 (KHTML, like Gecko) Chrome/93.0.4577.63 Safari/537.36 Edg/93.0.961.47"
127.0.0.1 - - [13/Sep/2021:14:39:37 +0000] "POST /wp-cron.php?doing_wp_cron=1631543977.6781840324401855468750 HTTP/1.1" 200 192 "http://localhost/wp-cron.php?doing_wp_cron=1631543977.6781840324401855468750" "WordPress/5.8; http://localhost"
127.0.0.1 - - [13/Sep/2021:14:39:44 +0000] "OPTIONS * HTTP/1.0" 200 126 "-" "Apache/2.4.48 (Debian) PHP/7.4.23 (internal dummy connection)"
127.0.0.1 - - [13/Sep/2021:14:39:45 +0000] "OPTIONS * HTTP/1.0" 200 126 "-" "Apache/2.4.48 (Debian) PHP/7.4.23 (internal dummy connection)"
172.18.0.1 - - [13/Sep/2021:14:39:47 +0000] "GET / HTTP/1.1" 200 843 "-" "Mozilla/5.0 (Windows NT 10.0; Win64; x64) AppleWebKit/537.36 (KHTML, like Gecko) Chrome/93.0.4577.63 Safari/537.36 Edg/93.0.961.47"
172.18.0.1 - - [13/Sep/2021:14:39:47 +0000] "GET /favicon.ico HTTP/1.1" 404 489 "http://localhost:8080/" "Mozilla/5.0 (Windows NT 10.0; Win64; x64) AppleWebKit/537.36 (KHTML, like Gecko) Chrome/93.0.4577.63 Safari/537.36 Edg/93.0.961.47"
172.18.0.1 - - [13/Sep/2021:14:40:19 +0000] "GET /wp-admin/plugins.php?plugin_status=all&paged=1&s HTTP/1.1" 200 16689 "-" "Mozilla/5.0 (Windows NT 10.0; Win64; x64) AppleWebKit/537.36 (KHTML, like Gecko) Chrome/93.0.4577.63 Safari/537.36 Edg/93.0.961.47"
172.18.0.1 - - [13/Sep/2021:14:40:30 +0000] "GET /wp-admin/plugins.php?plugin_status=all&paged=1&s HTTP/1.1" 200 16689 "-" "Mozilla/5.0 (Windows NT 10.0; Win64; x64) AppleWebKit/537.36 (KHTML, like Gecko) Chrome/93.0.4577.63 Safari/537.36 Edg/93.0.961.47"
172.18.0.1 - - [13/Sep/2021:14:40:35 +0000] "GET / HTTP/1.1" 200 5902 "http://localhost/wp-admin/plugins.php?plugin_status=all&paged=1&s" "Mozilla/5.0 (Windows NT 10.0; Win64; x64) AppleWebKit/537.36 (KHTML, like Gecko) Chrome/93.0.4577.63 Safari/537.36 Edg/93.0.961.47"
172.18.0.1 - - [13/Sep/2021:14:40:40 +0000] "GET /wp-admin/about.php HTTP/1.1" 200 10405 "http://localhost/" "Mozilla/5.0 (Windows NT 10.0; Win64; x64) AppleWebKit/537.36 (KHTML, like Gecko) Chrome/93.0.4577.63 Safari/537.36 Edg/93.0.961.47"
172.18.0.1 - - [13/Sep/2021:14:40:40 +0000] "GET /wp-admin/images/about-header-about.svg HTTP/1.1" 200 45557 "http://localhost/wp-admin/load-styles.php?c=0&dir=ltr&load%5Bchunk_0%5D=dashicons,admin-bar,common,forms,admin-menu,dashboard,list-tables,edit,revisions,media,themes,about,nav-menus,wp-pointer,widgets&load%5Bchunk_1%5D=,site-icon,l10n,buttons,wp-auth-check&ver=5.8" "Mozilla/5.0 (Windows NT 10.0; Win64; x64) AppleWebKit/537.36 (KHTML, like Gecko) Chrome/93.0.4577.63 Safari/537.36 Edg/93.0.961.47"
127.0.0.1 - - [13/Sep/2021:15:05:09 +0000] "POST /wp-cron.php?doing_wp_cron=1631545509.5404510498046875000000 HTTP/1.1" 200 192 "http://localhost/wp-cron.php?doing_wp_cron=1631545509.5404510498046875000000" "WordPress/5.8; http://localhost"
172.18.0.1 - - [13/Sep/2021:15:05:09 +0000] "GET /wp-admin/about.php HTTP/1.1" 200 10409 "http://localhost/" "Mozilla/5.0 (Windows NT 10.0; Win64; x64) AppleWebKit/537.36 (KHTML, like Gecko) Chrome/93.0.4577.63 Safari/537.36 Edg/93.0.961.47"
172.18.0.1 - - [13/Sep/2021:15:06:10 +0000] "POST /wp-admin/admin-ajax.php HTTP/1.1" 200 599 "http://localhost/wp-admin/about.php" "Mozilla/5.0 (Windows NT 10.0; Win64; x64) AppleWebKit/537.36 (KHTML, like Gecko) Chrome/93.0.4577.63 Safari/537.36 Edg/93.0.961.47"
172.18.0.1 - - [13/Sep/2021:15:07:10 +0000] "POST /wp-admin/admin-ajax.php HTTP/1.1" 200 599 "http://localhost/wp-admin/about.php" "Mozilla/5.0 (Windows NT 10.0; Win64; x64) AppleWebKit/537.36 (KHTML, like Gecko) Chrome/93.0.4577.63 Safari/537.36 Edg/93.0.961.47"
172.18.0.1 - - [13/Sep/2021:15:08:10 +0000] "POST /wp-admin/admin-ajax.php HTTP/1.1" 200 599 "http://localhost/wp-admin/about.php" "Mozilla/5.0 (Windows NT 10.0; Win64; x64) AppleWebKit/537.36 (KHTML, like Gecko) Chrome/93.0.4577.63 Safari/537.36 Edg/93.0.961.47"
172.18.0.1 - - [13/Sep/2021:15:08:52 +0000] "GET /wp-admin/edit.php?post_type=culqi_charges HTTP/1.1" 200 10022 "http://localhost/wp-admin/about.php" "Mozilla/5.0 (Windows NT 10.0; Win64; x64) AppleWebKit/537.36 (KHTML, like Gecko) Chrome/93.0.4577.63 Safari/537.36 Edg/93.0.961.47"
172.18.0.1 - - [13/Sep/2021:15:08:53 +0000] "GET /wp-content/plugins/culqi-full-integration/resources/assets/css/admin-metaboxes.css?ver=5.8 HTTP/1.1" 200 1009 "http://localhost/wp-admin/edit.php?post_type=culqi_charges" "Mozilla/5.0 (Windows NT 10.0; Win64; x64) AppleWebKit/537.36 (KHTML, like Gecko) Chrome/93.0.4577.63 Safari/537.36 Edg/93.0.961.47"
172.18.0.1 - - [13/Sep/2021:15:08:53 +0000] "GET /wp-content/plugins/culqi-full-integration/resources/assets/css/tags.css?ver=5.8 HTTP/1.1" 200 673 "http://localhost/wp-admin/edit.php?post_type=culqi_charges" "Mozilla/5.0 (Windows NT 10.0; Win64; x64) AppleWebKit/537.36 (KHTML, like Gecko) Chrome/93.0.4577.63 Safari/537.36 Edg/93.0.961.47"
172.18.0.1 - - [13/Sep/2021:15:08:53 +0000] "GET /wp-content/plugins/culqi-full-integration/resources/assets/js/admin-metaboxes.js?ver=5.8 HTTP/1.1" 200 1461 "http://localhost/wp-admin/edit.php?post_type=culqi_charges" "Mozilla/5.0 (Windows NT 10.0; Win64; x64) AppleWebKit/537.36 (KHTML, like Gecko) Chrome/93.0.4577.63 Safari/537.36 Edg/93.0.961.47"
172.18.0.1 - - [13/Sep/2021:15:08:53 +0000] "POST /wp-admin/admin-ajax.php HTTP/1.1" 200 598 "http://localhost/wp-admin/edit.php?post_type=culqi_charges" "Mozilla/5.0 (Windows NT 10.0; Win64; x64) AppleWebKit/537.36 (KHTML, like Gecko) Chrome/93.0.4577.63 Safari/537.36 Edg/93.0.961.47"
172.18.0.1 - - [13/Sep/2021:15:08:57 +0000] "GET /wp-admin/edit.php?post_type=culqi_orders HTTP/1.1" 200 10065 "http://localhost/wp-admin/edit.php?post_type=culqi_charges" "Mozilla/5.0 (Windows NT 10.0; Win64; x64) AppleWebKit/537.36 (KHTML, like Gecko) Chrome/93.0.4577.63 Safari/537.36 Edg/93.0.961.47"
172.18.0.1 - - [13/Sep/2021:15:08:58 +0000] "POST /wp-admin/admin-ajax.php HTTP/1.1" 200 598 "http://localhost/wp-admin/edit.php?post_type=culqi_orders" "Mozilla/5.0 (Windows NT 10.0; Win64; x64) AppleWebKit/537.36 (KHTML, like Gecko) Chrome/93.0.4577.63 Safari/537.36 Edg/93.0.961.47"
172.18.0.1 - - [13/Sep/2021:15:09:02 +0000] "GET /wp-admin/edit.php?post_type=culqi_customers HTTP/1.1" 200 9959 "http://localhost/wp-admin/edit.php?post_type=culqi_orders" "Mozilla/5.0 (Windows NT 10.0; Win64; x64) AppleWebKit/537.36 (KHTML, like Gecko) Chrome/93.0.4577.63 Safari/537.36 Edg/93.0.961.47"
172.18.0.1 - - [13/Sep/2021:15:09:03 +0000] "POST /wp-admin/admin-ajax.php HTTP/1.1" 200 598 "http://localhost/wp-admin/edit.php?post_type=culqi_customers" "Mozilla/5.0 (Windows NT 10.0; Win64; x64) AppleWebKit/537.36 (KHTML, like Gecko) Chrome/93.0.4577.63 Safari/537.36 Edg/93.0.961.47"
172.18.0.1 - - [13/Sep/2021:15:09:18 +0000] "POST /wp-admin/admin-ajax.php HTTP/1.1" 200 599 "http://localhost/wp-admin/edit.php?post_type=culqi_customers" "Mozilla/5.0 (Windows NT 10.0; Win64; x64) AppleWebKit/537.36 (KHTML, like Gecko) Chrome/93.0.4577.63 Safari/537.36 Edg/93.0.961.47"
172.18.0.1 - - [13/Sep/2021:15:09:33 +0000] "POST /wp-admin/admin-ajax.php HTTP/1.1" 200 599 "http://localhost/wp-admin/edit.php?post_type=culqi_customers" "Mozilla/5.0 (Windows NT 10.0; Win64; x64) AppleWebKit/537.36 (KHTML, like Gecko) Chrome/93.0.4577.63 Safari/537.36 Edg/93.0.961.47"
172.18.0.1 - - [13/Sep/2021:15:09:46 +0000] "GET /wp-admin/edit.php?post_type=culqi_orders HTTP/1.1" 200 10049 "http://localhost/wp-admin/edit.php?post_type=culqi_customers" "Mozilla/5.0 (Windows NT 10.0; Win64; x64) AppleWebKit/537.36 (KHTML, like Gecko) Chrome/93.0.4577.63 Safari/537.36 Edg/93.0.961.47"
172.18.0.1 - - [13/Sep/2021:15:09:46 +0000] "POST /wp-admin/admin-ajax.php HTTP/1.1" 200 598 "http://localhost/wp-admin/edit.php?post_type=culqi_orders" "Mozilla/5.0 (Windows NT 10.0; Win64; x64) AppleWebKit/537.36 (KHTML, like Gecko) Chrome/93.0.4577.63 Safari/537.36 Edg/93.0.961.47"
172.18.0.1 - - [13/Sep/2021:15:10:02 +0000] "POST /wp-admin/admin-ajax.php HTTP/1.1" 200 599 "http://localhost/wp-admin/edit.php?post_type=culqi_orders" "Mozilla/5.0 (Windows NT 10.0; Win64; x64) AppleWebKit/537.36 (KHTML, like Gecko) Chrome/93.0.4577.63 Safari/537.36 Edg/93.0.961.47"
172.18.0.1 - - [13/Sep/2021:15:12:03 +0000] "POST /wp-admin/admin-ajax.php HTTP/1.1" 200 599 "http://localhost/wp-admin/edit.php?post_type=culqi_orders" "Mozilla/5.0 (Windows NT 10.0; Win64; x64) AppleWebKit/537.36 (KHTML, like Gecko) Chrome/93.0.4577.63 Safari/537.36 Edg/93.0.961.47"
172.18.0.1 - - [13/Sep/2021:15:12:59 +0000] "POST /wp-admin/admin-ajax.php HTTP/1.1" 200 599 "http://localhost/wp-admin/edit.php?post_type=culqi_orders" "Mozilla/5.0 (Windows NT 10.0; Win64; x64) AppleWebKit/537.36 (KHTML, like Gecko) Chrome/93.0.4577.63 Safari/537.36 Edg/93.0.961.47"
172.18.0.1 - - [13/Sep/2021:15:13:15 +0000] "POST /wp-admin/admin-ajax.php HTTP/1.1" 200 599 "http://localhost/wp-admin/edit.php?post_type=culqi_orders" "Mozilla/5.0 (Windows NT 10.0; Win64; x64) AppleWebKit/537.36 (KHTML, like Gecko) Chrome/93.0.4577.63 Safari/537.36 Edg/93.0.961.47"
127.0.0.1 - - [13/Sep/2021:15:15:17 +0000] "POST /wp-cron.php?doing_wp_cron=1631546116.9785280227661132812500 HTTP/1.1" 200 192 "http://localhost/wp-cron.php?doing_wp_cron=1631546116.9785280227661132812500" "WordPress/5.8; http://localhost"
172.18.0.1 - - [13/Sep/2021:15:15:16 +0000] "POST /wp-admin/admin-ajax.php HTTP/1.1" 200 599 "http://localhost/wp-admin/edit.php?post_type=culqi_orders" "Mozilla/5.0 (Windows NT 10.0; Win64; x64) AppleWebKit/537.36 (KHTML, like Gecko) Chrome/93.0.4577.63 Safari/537.36 Edg/93.0.961.47"
172.18.0.1 - - [13/Sep/2021:15:17:17 +0000] "POST /wp-admin/admin-ajax.php HTTP/1.1" 200 599 "http://localhost/wp-admin/edit.php?post_type=culqi_orders" "Mozilla/5.0 (Windows NT 10.0; Win64; x64) AppleWebKit/537.36 (KHTML, like Gecko) Chrome/93.0.4577.63 Safari/537.36 Edg/93.0.961.47"
172.18.0.1 - - [13/Sep/2021:15:19:18 +0000] "POST /wp-admin/admin-ajax.php HTTP/1.1" 200 599 "http://localhost/wp-admin/edit.php?post_type=culqi_orders" "Mozilla/5.0 (Windows NT 10.0; Win64; x64) AppleWebKit/537.36 (KHTML, like Gecko) Chrome/93.0.4577.63 Safari/537.36 Edg/93.0.961.47"
172.18.0.1 - - [13/Sep/2021:15:21:19 +0000] "POST /wp-admin/admin-ajax.php HTTP/1.1" 200 599 "http://localhost/wp-admin/edit.php?post_type=culqi_orders" "Mozilla/5.0 (Windows NT 10.0; Win64; x64) AppleWebKit/537.36 (KHTML, like Gecko) Chrome/93.0.4577.63 Safari/537.36 Edg/93.0.961.47"
172.18.0.1 - - [13/Sep/2021:15:23:20 +0000] "POST /wp-admin/admin-ajax.php HTTP/1.1" 200 599 "http://localhost/wp-admin/edit.php?post_type=culqi_orders" "Mozilla/5.0 (Windows NT 10.0; Win64; x64) AppleWebKit/537.36 (KHTML, like Gecko) Chrome/93.0.4577.63 Safari/537.36 Edg/93.0.961.47"
172.18.0.1 - - [13/Sep/2021:15:37:30 +0000] "POST /wp-admin/admin-ajax.php HTTP/1.1" 200 599 "http://localhost/wp-admin/edit.php?post_type=culqi_orders" "Mozilla/5.0 (Windows NT 10.0; Win64; x64) AppleWebKit/537.36 (KHTML, like Gecko) Chrome/93.0.4577.63 Safari/537.36 Edg/93.0.961.47"
172.18.0.1 - - [13/Sep/2021:15:37:46 +0000] "POST /wp-admin/admin-ajax.php HTTP/1.1" 200 599 "http://localhost/wp-admin/edit.php?post_type=culqi_orders" "Mozilla/5.0 (Windows NT 10.0; Win64; x64) AppleWebKit/537.36 (KHTML, like Gecko) Chrome/93.0.4577.63 Safari/537.36 Edg/93.0.961.47"
172.18.0.1 - - [13/Sep/2021:15:38:01 +0000] "POST /wp-admin/admin-ajax.php HTTP/1.1" 200 599 "http://localhost/wp-admin/edit.php?post_type=culqi_orders" "Mozilla/5.0 (Windows NT 10.0; Win64; x64) AppleWebKit/537.36 (KHTML, like Gecko) Chrome/93.0.4577.63 Safari/537.36 Edg/93.0.961.47"
172.18.0.1 - - [13/Sep/2021:15:38:17 +0000] "POST /wp-admin/admin-ajax.php HTTP/1.1" 200 599 "http://localhost/wp-admin/edit.php?post_type=culqi_orders" "Mozilla/5.0 (Windows NT 10.0; Win64; x64) AppleWebKit/537.36 (KHTML, like Gecko) Chrome/93.0.4577.63 Safari/537.36 Edg/93.0.961.47"
172.18.0.1 - - [13/Sep/2021:15:38:56 +0000] "POST /wp-admin/admin-ajax.php HTTP/1.1" 200 599 "http://localhost/wp-admin/edit.php?post_type=culqi_orders" "Mozilla/5.0 (Windows NT 10.0; Win64; x64) AppleWebKit/537.36 (KHTML, like Gecko) Chrome/93.0.4577.63 Safari/537.36 Edg/93.0.961.47"
172.18.0.1 - - [13/Sep/2021:15:39:11 +0000] "POST /wp-admin/admin-ajax.php HTTP/1.1" 200 599 "http://localhost/wp-admin/edit.php?post_type=culqi_orders" "Mozilla/5.0 (Windows NT 10.0; Win64; x64) AppleWebKit/537.36 (KHTML, like Gecko) Chrome/93.0.4577.63 Safari/537.36 Edg/93.0.961.47"
172.18.0.1 - - [13/Sep/2021:15:39:26 +0000] "POST /wp-admin/admin-ajax.php HTTP/1.1" 200 599 "http://localhost/wp-admin/edit.php?post_type=culqi_orders" "Mozilla/5.0 (Windows NT 10.0; Win64; x64) AppleWebKit/537.36 (KHTML, like Gecko) Chrome/93.0.4577.63 Safari/537.36 Edg/93.0.961.47"
172.18.0.1 - - [13/Sep/2021:15:39:41 +0000] "POST /wp-admin/admin-ajax.php HTTP/1.1" 200 599 "http://localhost/wp-admin/edit.php?post_type=culqi_orders" "Mozilla/5.0 (Windows NT 10.0; Win64; x64) AppleWebKit/537.36 (KHTML, like Gecko) Chrome/93.0.4577.63 Safari/537.36 Edg/93.0.961.47"
172.18.0.1 - - [13/Sep/2021:15:39:56 +0000] "POST /wp-admin/admin-ajax.php HTTP/1.1" 200 599 "http://localhost/wp-admin/edit.php?post_type=culqi_orders" "Mozilla/5.0 (Windows NT 10.0; Win64; x64) AppleWebKit/537.36 (KHTML, like Gecko) Chrome/93.0.4577.63 Safari/537.36 Edg/93.0.961.47"
172.18.0.1 - - [13/Sep/2021:15:40:11 +0000] "POST /wp-admin/admin-ajax.php HTTP/1.1" 200 599 "http://localhost/wp-admin/edit.php?post_type=culqi_orders" "Mozilla/5.0 (Windows NT 10.0; Win64; x64) AppleWebKit/537.36 (KHTML, like Gecko) Chrome/93.0.4577.63 Safari/537.36 Edg/93.0.961.47"
172.18.0.1 - - [13/Sep/2021:15:40:26 +0000] "POST /wp-admin/admin-ajax.php HTTP/1.1" 200 599 "http://localhost/wp-admin/edit.php?post_type=culqi_orders" "Mozilla/5.0 (Windows NT 10.0; Win64; x64) AppleWebKit/537.36 (KHTML, like Gecko) Chrome/93.0.4577.63 Safari/537.36 Edg/93.0.961.47"
127.0.0.1 - - [13/Sep/2021:15:42:27 +0000] "POST /wp-cron.php?doing_wp_cron=1631547747.9032819271087646484375 HTTP/1.1" 200 192 "http://localhost/wp-cron.php?doing_wp_cron=1631547747.9032819271087646484375" "WordPress/5.8; http://localhost"
172.18.0.1 - - [13/Sep/2021:15:42:27 +0000] "POST /wp-admin/admin-ajax.php HTTP/1.1" 200 599 "http://localhost/wp-admin/edit.php?post_type=culqi_orders" "Mozilla/5.0 (Windows NT 10.0; Win64; x64) AppleWebKit/537.36 (KHTML, like Gecko) Chrome/93.0.4577.63 Safari/537.36 Edg/93.0.961.47"
172.18.0.1 - - [13/Sep/2021:15:44:28 +0000] "POST /wp-admin/admin-ajax.php HTTP/1.1" 200 599 "http://localhost/wp-admin/edit.php?post_type=culqi_orders" "Mozilla/5.0 (Windows NT 10.0; Win64; x64) AppleWebKit/537.36 (KHTML, like Gecko) Chrome/93.0.4577.63 Safari/537.36 Edg/93.0.961.47"
172.18.0.1 - - [13/Sep/2021:15:46:29 +0000] "POST /wp-admin/admin-ajax.php HTTP/1.1" 200 599 "http://localhost/wp-admin/edit.php?post_type=culqi_orders" "Mozilla/5.0 (Windows NT 10.0; Win64; x64) AppleWebKit/537.36 (KHTML, like Gecko) Chrome/93.0.4577.63 Safari/537.36 Edg/93.0.961.47"
172.18.0.1 - - [13/Sep/2021:15:48:30 +0000] "POST /wp-admin/admin-ajax.php HTTP/1.1" 200 599 "http://localhost/wp-admin/edit.php?post_type=culqi_orders" "Mozilla/5.0 (Windows NT 10.0; Win64; x64) AppleWebKit/537.36 (KHTML, like Gecko) Chrome/93.0.4577.63 Safari/537.36 Edg/93.0.961.47"
172.18.0.1 - - [13/Sep/2021:21:58:28 +0000] "POST /wp-admin/admin-ajax.php HTTP/1.1" 200 599 "http://localhost/wp-admin/edit.php?post_type=culqi_orders" "Mozilla/5.0 (Windows NT 10.0; Win64; x64) AppleWebKit/537.36 (KHTML, like Gecko) Chrome/93.0.4577.63 Safari/537.36 Edg/93.0.961.47"
172.18.0.1 - - [13/Sep/2021:21:58:29 +0000] "GET /wp-admin/edit.php?post_type=culqi_orders HTTP/1.1" 200 10046 "http://localhost/wp-admin/edit.php?post_type=culqi_customers" "Mozilla/5.0 (Windows NT 10.0; Win64; x64) AppleWebKit/537.36 (KHTML, like Gecko) Chrome/93.0.4577.63 Safari/537.36 Edg/93.0.961.47"
172.18.0.1 - - [13/Sep/2021:21:58:30 +0000] "POST /wp-admin/admin-ajax.php HTTP/1.1" 200 598 "http://localhost/wp-admin/edit.php?post_type=culqi_orders" "Mozilla/5.0 (Windows NT 10.0; Win64; x64) AppleWebKit/537.36 (KHTML, like Gecko) Chrome/93.0.4577.63 Safari/537.36 Edg/93.0.961.47"
172.18.0.1 - - [13/Sep/2021:21:58:30 +0000] "GET /favicon.ico HTTP/1.1" 302 483 "http://localhost/wp-admin/edit.php?post_type=culqi_orders" "Mozilla/5.0 (Windows NT 10.0; Win64; x64) AppleWebKit/537.36 (KHTML, like Gecko) Chrome/93.0.4577.63 Safari/537.36 Edg/93.0.961.47"
172.18.0.1 - - [13/Sep/2021:21:58:30 +0000] "GET /wp-includes/images/w-logo-blue-white-bg.png HTTP/1.1" 200 4405 "http://localhost/wp-admin/edit.php?post_type=culqi_orders" "Mozilla/5.0 (Windows NT 10.0; Win64; x64) AppleWebKit/537.36 (KHTML, like Gecko) Chrome/93.0.4577.63 Safari/537.36 Edg/93.0.961.47"
127.0.0.1 - - [13/Sep/2021:21:58:29 +0000] "POST /wp-cron.php?doing_wp_cron=1631570308.9739630222320556640625 HTTP/1.1" 200 192 "http://localhost/wp-cron.php?doing_wp_cron=1631570308.9739630222320556640625" "WordPress/5.8; http://localhost"
172.18.0.1 - - [13/Sep/2021:21:58:32 +0000] "GET /wp-admin/plugins.php HTTP/1.1" 200 15859 "http://localhost/wp-admin/edit.php?post_type=culqi_orders" "Mozilla/5.0 (Windows NT 10.0; Win64; x64) AppleWebKit/537.36 (KHTML, like Gecko) Chrome/93.0.4577.63 Safari/537.36 Edg/93.0.961.47"
172.18.0.1 - - [13/Sep/2021:21:59:58 +0000] "POST /wp-admin/admin-ajax.php HTTP/1.1" 200 599 "http://localhost/wp-admin/plugins.php" "Mozilla/5.0 (Windows NT 10.0; Win64; x64) AppleWebKit/537.36 (KHTML, like Gecko) Chrome/93.0.4577.63 Safari/537.36 Edg/93.0.961.47"
172.18.0.1 - - [13/Sep/2021:22:00:57 +0000] "GET /wp-admin/plugins.php HTTP/1.1" 200 15822 "http://localhost/wp-admin/edit.php?post_type=culqi_orders" "Mozilla/5.0 (Windows NT 10.0; Win64; x64) AppleWebKit/537.36 (KHTML, like Gecko) Chrome/93.0.4577.63 Safari/537.36 Edg/93.0.961.47"
172.18.0.1 - - [13/Sep/2021:22:00:57 +0000] "GET /favicon.ico HTTP/1.1" 302 483 "http://localhost/wp-admin/plugins.php" "Mozilla/5.0 (Windows NT 10.0; Win64; x64) AppleWebKit/537.36 (KHTML, like Gecko) Chrome/93.0.4577.63 Safari/537.36 Edg/93.0.961.47"
172.18.0.1 - - [13/Sep/2021:22:00:58 +0000] "GET /wp-includes/images/w-logo-blue-white-bg.png HTTP/1.1" 200 4405 "http://localhost/wp-admin/plugins.php" "Mozilla/5.0 (Windows NT 10.0; Win64; x64) AppleWebKit/537.36 (KHTML, like Gecko) Chrome/93.0.4577.63 Safari/537.36 Edg/93.0.961.47"
172.18.0.1 - - [13/Sep/2021:22:01:58 +0000] "POST /wp-admin/admin-ajax.php HTTP/1.1" 200 599 "http://localhost/wp-admin/plugins.php" "Mozilla/5.0 (Windows NT 10.0; Win64; x64) AppleWebKit/537.36 (KHTML, like Gecko) Chrome/93.0.4577.63 Safari/537.36 Edg/93.0.961.47"
172.18.0.1 - - [13/Sep/2021:22:03:59 +0000] "POST /wp-admin/admin-ajax.php HTTP/1.1" 200 599 "http://localhost/wp-admin/plugins.php" "Mozilla/5.0 (Windows NT 10.0; Win64; x64) AppleWebKit/537.36 (KHTML, like Gecko) Chrome/93.0.4577.63 Safari/537.36 Edg/93.0.961.47"
172.18.0.1 - - [13/Sep/2021:22:05:00 +0000] "POST /wp-admin/admin-ajax.php HTTP/1.1" 200 599 "http://localhost/wp-admin/plugins.php" "Mozilla/5.0 (Windows NT 10.0; Win64; x64) AppleWebKit/537.36 (KHTML, like Gecko) Chrome/93.0.4577.63 Safari/537.36 Edg/93.0.961.47"
172.18.0.1 - - [13/Sep/2021:22:07:02 +0000] "POST /wp-admin/admin-ajax.php HTTP/1.1" 200 599 "http://localhost/wp-admin/plugins.php" "Mozilla/5.0 (Windows NT 10.0; Win64; x64) AppleWebKit/537.36 (KHTML, like Gecko) Chrome/93.0.4577.63 Safari/537.36 Edg/93.0.961.47"
172.18.0.1 - - [13/Sep/2021:22:09:02 +0000] "POST /wp-admin/admin-ajax.php HTTP/1.1" 200 599 "http://localhost/wp-admin/plugins.php" "Mozilla/5.0 (Windows NT 10.0; Win64; x64) AppleWebKit/537.36 (KHTML, like Gecko) Chrome/93.0.4577.63 Safari/537.36 Edg/93.0.961.47"
172.18.0.1 - - [13/Sep/2021:22:10:03 +0000] "POST /wp-admin/admin-ajax.php HTTP/1.1" 200 599 "http://localhost/wp-admin/plugins.php" "Mozilla/5.0 (Windows NT 10.0; Win64; x64) AppleWebKit/537.36 (KHTML, like Gecko) Chrome/93.0.4577.63 Safari/537.36 Edg/93.0.961.47"
172.18.0.1 - - [13/Sep/2021:22:12:04 +0000] "POST /wp-admin/admin-ajax.php HTTP/1.1" 200 599 "http://localhost/wp-admin/plugins.php" "Mozilla/5.0 (Windows NT 10.0; Win64; x64) AppleWebKit/537.36 (KHTML, like Gecko) Chrome/93.0.4577.63 Safari/537.36 Edg/93.0.961.47"
172.18.0.1 - - [13/Sep/2021:22:13:04 +0000] "POST /wp-admin/admin-ajax.php HTTP/1.1" 200 599 "http://localhost/wp-admin/plugins.php" "Mozilla/5.0 (Windows NT 10.0; Win64; x64) AppleWebKit/537.36 (KHTML, like Gecko) Chrome/93.0.4577.63 Safari/537.36 Edg/93.0.961.47"
127.0.0.1 - - [13/Sep/2021:22:14:05 +0000] "POST /wp-cron.php?doing_wp_cron=1631571245.8208289146423339843750 HTTP/1.1" 200 192 "http://localhost/wp-cron.php?doing_wp_cron=1631571245.8208289146423339843750" "WordPress/5.8; http://localhost"
172.18.0.1 - - [13/Sep/2021:22:14:05 +0000] "POST /wp-admin/admin-ajax.php HTTP/1.1" 200 599 "http://localhost/wp-admin/plugins.php" "Mozilla/5.0 (Windows NT 10.0; Win64; x64) AppleWebKit/537.36 (KHTML, like Gecko) Chrome/93.0.4577.63 Safari/537.36 Edg/93.0.961.47"
172.18.0.1 - - [13/Sep/2021:22:15:05 +0000] "POST /wp-admin/admin-ajax.php HTTP/1.1" 200 599 "http://localhost/wp-admin/plugins.php" "Mozilla/5.0 (Windows NT 10.0; Win64; x64) AppleWebKit/537.36 (KHTML, like Gecko) Chrome/93.0.4577.63 Safari/537.36 Edg/93.0.961.47"
172.18.0.1 - - [13/Sep/2021:22:16:06 +0000] "POST /wp-admin/admin-ajax.php HTTP/1.1" 200 599 "http://localhost/wp-admin/plugins.php" "Mozilla/5.0 (Windows NT 10.0; Win64; x64) AppleWebKit/537.36 (KHTML, like Gecko) Chrome/93.0.4577.63 Safari/537.36 Edg/93.0.961.47"
172.18.0.1 - - [13/Sep/2021:22:17:06 +0000] "POST /wp-admin/admin-ajax.php HTTP/1.1" 200 599 "http://localhost/wp-admin/plugins.php" "Mozilla/5.0 (Windows NT 10.0; Win64; x64) AppleWebKit/537.36 (KHTML, like Gecko) Chrome/93.0.4577.63 Safari/537.36 Edg/93.0.961.47"
172.18.0.1 - - [13/Sep/2021:22:18:07 +0000] "POST /wp-admin/admin-ajax.php HTTP/1.1" 200 599 "http://localhost/wp-admin/plugins.php" "Mozilla/5.0 (Windows NT 10.0; Win64; x64) AppleWebKit/537.36 (KHTML, like Gecko) Chrome/93.0.4577.63 Safari/537.36 Edg/93.0.961.47"
172.18.0.1 - - [13/Sep/2021:22:19:07 +0000] "POST /wp-admin/admin-ajax.php HTTP/1.1" 200 599 "http://localhost/wp-admin/plugins.php" "Mozilla/5.0 (Windows NT 10.0; Win64; x64) AppleWebKit/537.36 (KHTML, like Gecko) Chrome/93.0.4577.63 Safari/537.36 Edg/93.0.961.47"
172.18.0.1 - - [13/Sep/2021:22:20:08 +0000] "POST /wp-admin/admin-ajax.php HTTP/1.1" 200 599 "http://localhost/wp-admin/plugins.php" "Mozilla/5.0 (Windows NT 10.0; Win64; x64) AppleWebKit/537.36 (KHTML, like Gecko) Chrome/93.0.4577.63 Safari/537.36 Edg/93.0.961.47"
