172.19.0.1 - - [09/Sep/2021:21:24:57 +0000] "POST /wp-admin/admin-ajax.php HTTP/1.1" 200 599 "http://localhost/wp-admin/plugin-install.php?s=giveWP&tab=search&type=term" "Mozilla/5.0 (Windows NT 10.0; Win64; x64) AppleWebKit/537.36 (KHTML, like Gecko) Chrome/93.0.4577.63 Safari/537.36 Edg/93.0.961.38"
127.0.0.1 - - [09/Sep/2021:21:25:12 +0000] "POST /wp-admin/admin-ajax.php?action=mmdimo_load_donations&nonce=474371fae4 HTTP/1.1" 400 430 "http://localhost/wp-admin/admin-ajax.php?action=mmdimo_load_donations&nonce=474371fae4" "WordPress/5.8; http://localhost"
172.19.0.1 - - [09/Sep/2021:21:25:12 +0000] "GET /wp-admin/plugins.php HTTP/1.1" 200 16912 "http://localhost/wp-admin/plugin-install.php?s=giveWP&tab=search&type=term" "Mozilla/5.0 (Windows NT 10.0; Win64; x64) AppleWebKit/537.36 (KHTML, like Gecko) Chrome/93.0.4577.63 Safari/537.36 Edg/93.0.961.38"
127.0.0.1 - - [09/Sep/2021:21:25:19 +0000] "POST /wp-admin/admin-ajax.php?action=mmdimo_load_donations&nonce=474371fae4 HTTP/1.1" 400 430 "http://localhost/wp-admin/admin-ajax.php?action=mmdimo_load_donations&nonce=474371fae4" "WordPress/5.8; http://localhost"
172.19.0.1 - - [09/Sep/2021:21:25:19 +0000] "GET /wp-admin/plugins.php?action=activate&plugin=donorbox-donation-form%2Fdonorbox_embed_campaign.php&plugin_status=all&paged=1&s&_wpnonce=cd4dc2772e HTTP/1.1" 302 522 "http://localhost/wp-admin/plugins.php" "Mozilla/5.0 (Windows NT 10.0; Win64; x64) AppleWebKit/537.36 (KHTML, like Gecko) Chrome/93.0.4577.63 Safari/537.36 Edg/93.0.961.38"
127.0.0.1 - - [09/Sep/2021:21:25:19 +0000] "POST /wp-admin/admin-ajax.php?action=mmdimo_load_donations&nonce=474371fae4 HTTP/1.1" 400 430 "http://localhost/wp-admin/admin-ajax.php?action=mmdimo_load_donations&nonce=474371fae4" "WordPress/5.8; http://localhost"
172.19.0.1 - - [09/Sep/2021:21:25:19 +0000] "GET /wp-admin/plugins.php?activate=true&plugin_status=all&paged=1&s= HTTP/1.1" 200 16990 "http://localhost/wp-admin/plugins.php" "Mozilla/5.0 (Windows NT 10.0; Win64; x64) AppleWebKit/537.36 (KHTML, like Gecko) Chrome/93.0.4577.63 Safari/537.36 Edg/93.0.961.38"
127.0.0.1 - - [09/Sep/2021:21:25:23 +0000] "POST /wp-admin/admin-ajax.php?action=mmdimo_load_donations&nonce=474371fae4 HTTP/1.1" 400 430 "http://localhost/wp-admin/admin-ajax.php?action=mmdimo_load_donations&nonce=474371fae4" "WordPress/5.8; http://localhost"
172.19.0.1 - - [09/Sep/2021:21:25:23 +0000] "GET /wp-admin/plugins.php?plugin_status=all&paged=1&s HTTP/1.1" 200 16973 "http://localhost/wp-admin/plugins.php" "Mozilla/5.0 (Windows NT 10.0; Win64; x64) AppleWebKit/537.36 (KHTML, like Gecko) Chrome/93.0.4577.63 Safari/537.36 Edg/93.0.961.38"
127.0.0.1 - - [09/Sep/2021:21:25:23 +0000] "POST /wp-admin/admin-ajax.php?action=mmdimo_load_donations&nonce=474371fae4 HTTP/1.1" 400 430 "http://localhost/wp-admin/admin-ajax.php?action=mmdimo_load_donations&nonce=474371fae4" "WordPress/5.8; http://localhost"
172.19.0.1 - - [09/Sep/2021:21:25:23 +0000] "GET /favicon.ico HTTP/1.1" 302 483 "http://localhost/wp-admin/plugins.php?plugin_status=all&paged=1&s" "Mozilla/5.0 (Windows NT 10.0; Win64; x64) AppleWebKit/537.36 (KHTML, like Gecko) Chrome/93.0.4577.63 Safari/537.36 Edg/93.0.961.38"
172.19.0.1 - - [09/Sep/2021:21:25:24 +0000] "GET /wp-includes/images/w-logo-blue-white-bg.png HTTP/1.1" 200 4405 "http://localhost/wp-admin/plugins.php?plugin_status=all&paged=1&s" "Mozilla/5.0 (Windows NT 10.0; Win64; x64) AppleWebKit/537.36 (KHTML, like Gecko) Chrome/93.0.4577.63 Safari/537.36 Edg/93.0.961.38"
127.0.0.1 - - [09/Sep/2021:21:25:43 +0000] "POST /wp-admin/admin-ajax.php?action=mmdimo_load_donations&nonce=474371fae4 HTTP/1.1" 400 430 "http://localhost/wp-admin/admin-ajax.php?action=mmdimo_load_donations&nonce=474371fae4" "WordPress/5.8; http://localhost"
172.19.0.1 - - [09/Sep/2021:21:25:43 +0000] "GET /wp-admin/plugins.php?action=deactivate&plugin=makemydonation-imo%2Fmmdimo.php&plugin_status=all&paged=1&s&_wpnonce=e5c1990ea9 HTTP/1.1" 302 524 "http://localhost/wp-admin/plugins.php?plugin_status=all&paged=1&s" "Mozilla/5.0 (Windows NT 10.0; Win64; x64) AppleWebKit/537.36 (KHTML, like Gecko) Chrome/93.0.4577.63 Safari/537.36 Edg/93.0.961.38"
172.19.0.1 - - [09/Sep/2021:21:25:43 +0000] "GET /wp-admin/plugins.php?deactivate=true&plugin_status=all&paged=1&s= HTTP/1.1" 200 17066 "http://localhost/wp-admin/plugins.php?plugin_status=all&paged=1&s" "Mozilla/5.0 (Windows NT 10.0; Win64; x64) AppleWebKit/537.36 (KHTML, like Gecko) Chrome/93.0.4577.63 Safari/537.36 Edg/93.0.961.38"
127.0.0.1 - - [09/Sep/2021:21:26:44 +0000] "POST /wp-cron.php?doing_wp_cron=1631222804.8333740234375000000000 HTTP/1.1" 200 192 "http://localhost/wp-cron.php?doing_wp_cron=1631222804.8333740234375000000000" "WordPress/5.8; http://localhost"
172.19.0.1 - - [09/Sep/2021:21:26:44 +0000] "POST /wp-admin/admin-ajax.php HTTP/1.1" 200 599 "http://localhost/wp-admin/plugins.php?plugin_status=all&paged=1&s" "Mozilla/5.0 (Windows NT 10.0; Win64; x64) AppleWebKit/537.36 (KHTML, like Gecko) Chrome/93.0.4577.63 Safari/537.36 Edg/93.0.961.38"
172.19.0.1 - - [09/Sep/2021:21:27:52 +0000] "POST /wp-admin/admin-ajax.php HTTP/1.1" 200 599 "http://localhost/wp-admin/plugins.php?plugin_status=all&paged=1&s" "Mozilla/5.0 (Windows NT 10.0; Win64; x64) AppleWebKit/537.36 (KHTML, like Gecko) Chrome/93.0.4577.63 Safari/537.36 Edg/93.0.961.38"
172.19.0.1 - - [09/Sep/2021:21:27:53 +0000] "GET /wp-admin/tools.php HTTP/1.1" 200 8113 "http://localhost/wp-admin/plugins.php?plugin_status=all&paged=1&s" "Mozilla/5.0 (Windows NT 10.0; Win64; x64) AppleWebKit/537.36 (KHTML, like Gecko) Chrome/93.0.4577.63 Safari/537.36 Edg/93.0.961.38"
172.19.0.1 - - [09/Sep/2021:21:28:00 +0000] "GET /wp-admin/edit.php?post_type=wp-rest-api-log HTTP/1.1" 200 12770 "http://localhost/wp-admin/tools.php" "Mozilla/5.0 (Windows NT 10.0; Win64; x64) AppleWebKit/537.36 (KHTML, like Gecko) Chrome/93.0.4577.63 Safari/537.36 Edg/93.0.961.38"
172.19.0.1 - - [09/Sep/2021:21:28:00 +0000] "GET /wp-content/plugins/wp-rest-api-log-1.6.7/admin/js/wp-rest-api-log-admin.min.js?ver=1.6.6 HTTP/1.1" 404 18410 "http://localhost/wp-admin/edit.php?post_type=wp-rest-api-log" "Mozilla/5.0 (Windows NT 10.0; Win64; x64) AppleWebKit/537.36 (KHTML, like Gecko) Chrome/93.0.4577.63 Safari/537.36 Edg/93.0.961.38"
172.19.0.1 - - [09/Sep/2021:21:28:00 +0000] "GET /wp-content/plugins/wp-rest-api-log-1.6.7/admin/css/wp-rest-api-log-admin.min.css?ver=1.6.6 HTTP/1.1" 404 18411 "http://localhost/wp-admin/edit.php?post_type=wp-rest-api-log" "Mozilla/5.0 (Windows NT 10.0; Win64; x64) AppleWebKit/537.36 (KHTML, like Gecko) Chrome/93.0.4577.63 Safari/537.36 Edg/93.0.961.38"
172.19.0.1 - - [09/Sep/2021:21:28:01 +0000] "GET /wp-content/plugins/wp-rest-api-log-1.6.7/admin/js/wp-rest-api-log-admin.min.js?ver=1.6.6 HTTP/1.1" 404 18410 "http://localhost/wp-admin/edit.php?post_type=wp-rest-api-log" "Mozilla/5.0 (Windows NT 10.0; Win64; x64) AppleWebKit/537.36 (KHTML, like Gecko) Chrome/93.0.4577.63 Safari/537.36 Edg/93.0.961.38"
172.19.0.1 - - [09/Sep/2021:21:28:01 +0000] "POST /wp-admin/admin-ajax.php HTTP/1.1" 200 599 "http://localhost/wp-admin/edit.php?post_type=wp-rest-api-log" "Mozilla/5.0 (Windows NT 10.0; Win64; x64) AppleWebKit/537.36 (KHTML, like Gecko) Chrome/93.0.4577.63 Safari/537.36 Edg/93.0.961.38"
172.19.0.1 - - [09/Sep/2021:21:28:16 +0000] "POST /wp-admin/admin-ajax.php HTTP/1.1" 200 599 "http://localhost/wp-admin/edit.php?post_type=wp-rest-api-log" "Mozilla/5.0 (Windows NT 10.0; Win64; x64) AppleWebKit/537.36 (KHTML, like Gecko) Chrome/93.0.4577.63 Safari/537.36 Edg/93.0.961.38"
172.19.0.1 - - [09/Sep/2021:21:28:17 +0000] "GET /wp-admin/options-general.php HTTP/1.1" 200 16369 "http://localhost/wp-admin/edit.php?post_type=wp-rest-api-log" "Mozilla/5.0 (Windows NT 10.0; Win64; x64) AppleWebKit/537.36 (KHTML, like Gecko) Chrome/93.0.4577.63 Safari/537.36 Edg/93.0.961.38"
172.19.0.1 - - [09/Sep/2021:21:28:24 +0000] "GET /wp-admin/options-general.php?page=donorbox-donation-form/donorbox_embed_campaign.php HTTP/1.1" 200 8052 "http://localhost/wp-admin/options-general.php" "Mozilla/5.0 (Windows NT 10.0; Win64; x64) AppleWebKit/537.36 (KHTML, like Gecko) Chrome/93.0.4577.63 Safari/537.36 Edg/93.0.961.38"
172.19.0.1 - - [09/Sep/2021:21:29:25 +0000] "POST /wp-admin/admin-ajax.php HTTP/1.1" 200 599 "http://localhost/wp-admin/options-general.php?page=donorbox-donation-form%2Fdonorbox_embed_campaign.php" "Mozilla/5.0 (Windows NT 10.0; Win64; x64) AppleWebKit/537.36 (KHTML, like Gecko) Chrome/93.0.4577.63 Safari/537.36 Edg/93.0.961.38"
172.19.0.1 - - [09/Sep/2021:21:31:26 +0000] "POST /wp-admin/admin-ajax.php HTTP/1.1" 200 599 "http://localhost/wp-admin/options-general.php?page=donorbox-donation-form%2Fdonorbox_embed_campaign.php" "Mozilla/5.0 (Windows NT 10.0; Win64; x64) AppleWebKit/537.36 (KHTML, like Gecko) Chrome/93.0.4577.63 Safari/537.36 Edg/93.0.961.38"
172.19.0.1 - - [09/Sep/2021:21:33:27 +0000] "POST /wp-admin/admin-ajax.php HTTP/1.1" 200 599 "http://localhost/wp-admin/options-general.php?page=donorbox-donation-form%2Fdonorbox_embed_campaign.php" "Mozilla/5.0 (Windows NT 10.0; Win64; x64) AppleWebKit/537.36 (KHTML, like Gecko) Chrome/93.0.4577.63 Safari/537.36 Edg/93.0.961.38"
172.19.0.1 - - [09/Sep/2021:21:34:28 +0000] "POST /wp-admin/admin-ajax.php HTTP/1.1" 200 599 "http://localhost/wp-admin/options-general.php?page=donorbox-donation-form%2Fdonorbox_embed_campaign.php" "Mozilla/5.0 (Windows NT 10.0; Win64; x64) AppleWebKit/537.36 (KHTML, like Gecko) Chrome/93.0.4577.63 Safari/537.36 Edg/93.0.961.38"
172.19.0.1 - - [09/Sep/2021:21:35:29 +0000] "POST /wp-admin/admin-ajax.php HTTP/1.1" 200 599 "http://localhost/wp-admin/options-general.php?page=donorbox-donation-form%2Fdonorbox_embed_campaign.php" "Mozilla/5.0 (Windows NT 10.0; Win64; x64) AppleWebKit/537.36 (KHTML, like Gecko) Chrome/93.0.4577.63 Safari/537.36 Edg/93.0.961.38"
172.19.0.1 - - [09/Sep/2021:21:37:30 +0000] "POST /wp-admin/admin-ajax.php HTTP/1.1" 200 599 "http://localhost/wp-admin/options-general.php?page=donorbox-donation-form%2Fdonorbox_embed_campaign.php" "Mozilla/5.0 (Windows NT 10.0; Win64; x64) AppleWebKit/537.36 (KHTML, like Gecko) Chrome/93.0.4577.63 Safari/537.36 Edg/93.0.961.38"
172.19.0.1 - - [09/Sep/2021:21:39:31 +0000] "POST /wp-admin/admin-ajax.php HTTP/1.1" 200 599 "http://localhost/wp-admin/options-general.php?page=donorbox-donation-form%2Fdonorbox_embed_campaign.php" "Mozilla/5.0 (Windows NT 10.0; Win64; x64) AppleWebKit/537.36 (KHTML, like Gecko) Chrome/93.0.4577.63 Safari/537.36 Edg/93.0.961.38"
127.0.0.1 - - [09/Sep/2021:21:41:32 +0000] "POST /wp-cron.php?doing_wp_cron=1631223692.8820669651031494140625 HTTP/1.1" 200 192 "http://localhost/wp-cron.php?doing_wp_cron=1631223692.8820669651031494140625" "WordPress/5.8; http://localhost"
172.19.0.1 - - [09/Sep/2021:21:41:32 +0000] "POST /wp-admin/admin-ajax.php HTTP/1.1" 200 599 "http://localhost/wp-admin/options-general.php?page=donorbox-donation-form%2Fdonorbox_embed_campaign.php" "Mozilla/5.0 (Windows NT 10.0; Win64; x64) AppleWebKit/537.36 (KHTML, like Gecko) Chrome/93.0.4577.63 Safari/537.36 Edg/93.0.961.38"
172.19.0.1 - - [09/Sep/2021:21:43:33 +0000] "POST /wp-admin/admin-ajax.php HTTP/1.1" 200 599 "http://localhost/wp-admin/options-general.php?page=donorbox-donation-form%2Fdonorbox_embed_campaign.php" "Mozilla/5.0 (Windows NT 10.0; Win64; x64) AppleWebKit/537.36 (KHTML, like Gecko) Chrome/93.0.4577.63 Safari/537.36 Edg/93.0.961.38"
172.19.0.1 - - [09/Sep/2021:21:45:34 +0000] "POST /wp-admin/admin-ajax.php HTTP/1.1" 200 599 "http://localhost/wp-admin/options-general.php?page=donorbox-donation-form%2Fdonorbox_embed_campaign.php" "Mozilla/5.0 (Windows NT 10.0; Win64; x64) AppleWebKit/537.36 (KHTML, like Gecko) Chrome/93.0.4577.63 Safari/537.36 Edg/93.0.961.38"
127.0.0.1 - - [09/Sep/2021:22:30:52 +0000] "POST /wp-cron.php?doing_wp_cron=1631226652.5472009181976318359375 HTTP/1.1" 200 192 "http://localhost/wp-cron.php?doing_wp_cron=1631226652.5472009181976318359375" "WordPress/5.8; http://localhost"
172.19.0.1 - - [09/Sep/2021:22:30:52 +0000] "POST /wp-admin/admin-ajax.php HTTP/1.1" 200 599 "http://localhost/wp-admin/options-general.php?page=donorbox-donation-form%2Fdonorbox_embed_campaign.php" "Mozilla/5.0 (Windows NT 10.0; Win64; x64) AppleWebKit/537.36 (KHTML, like Gecko) Chrome/93.0.4577.63 Safari/537.36 Edg/93.0.961.38"
172.19.0.1 - - [09/Sep/2021:22:31:52 +0000] "POST /wp-admin/admin-ajax.php HTTP/1.1" 200 599 "http://localhost/wp-admin/options-general.php?page=donorbox-donation-form%2Fdonorbox_embed_campaign.php" "Mozilla/5.0 (Windows NT 10.0; Win64; x64) AppleWebKit/537.36 (KHTML, like Gecko) Chrome/93.0.4577.63 Safari/537.36 Edg/93.0.961.38"
172.19.0.1 - - [09/Sep/2021:22:33:46 +0000] "POST /wp-admin/admin-ajax.php HTTP/1.1" 200 599 "http://localhost/wp-admin/options-general.php?page=donorbox-donation-form%2Fdonorbox_embed_campaign.php" "Mozilla/5.0 (Windows NT 10.0; Win64; x64) AppleWebKit/537.36 (KHTML, like Gecko) Chrome/93.0.4577.63 Safari/537.36 Edg/93.0.961.38"
172.19.0.1 - - [09/Sep/2021:22:34:46 +0000] "POST /wp-admin/admin-ajax.php HTTP/1.1" 200 599 "http://localhost/wp-admin/options-general.php?page=donorbox-donation-form%2Fdonorbox_embed_campaign.php" "Mozilla/5.0 (Windows NT 10.0; Win64; x64) AppleWebKit/537.36 (KHTML, like Gecko) Chrome/93.0.4577.63 Safari/537.36 Edg/93.0.961.38"
172.19.0.1 - - [09/Sep/2021:22:36:47 +0000] "POST /wp-admin/admin-ajax.php HTTP/1.1" 200 599 "http://localhost/wp-admin/options-general.php?page=donorbox-donation-form%2Fdonorbox_embed_campaign.php" "Mozilla/5.0 (Windows NT 10.0; Win64; x64) AppleWebKit/537.36 (KHTML, like Gecko) Chrome/93.0.4577.63 Safari/537.36 Edg/93.0.961.38"
172.19.0.1 - - [09/Sep/2021:22:38:48 +0000] "POST /wp-admin/admin-ajax.php HTTP/1.1" 200 599 "http://localhost/wp-admin/options-general.php?page=donorbox-donation-form%2Fdonorbox_embed_campaign.php" "Mozilla/5.0 (Windows NT 10.0; Win64; x64) AppleWebKit/537.36 (KHTML, like Gecko) Chrome/93.0.4577.63 Safari/537.36 Edg/93.0.961.38"
172.19.0.1 - - [09/Sep/2021:22:40:49 +0000] "POST /wp-admin/admin-ajax.php HTTP/1.1" 200 599 "http://localhost/wp-admin/options-general.php?page=donorbox-donation-form%2Fdonorbox_embed_campaign.php" "Mozilla/5.0 (Windows NT 10.0; Win64; x64) AppleWebKit/537.36 (KHTML, like Gecko) Chrome/93.0.4577.63 Safari/537.36 Edg/93.0.961.38"
127.0.0.1 - - [09/Sep/2021:22:42:51 +0000] "POST /wp-cron.php?doing_wp_cron=1631227371.2362821102142333984375 HTTP/1.1" 200 192 "http://localhost/wp-cron.php?doing_wp_cron=1631227371.2362821102142333984375" "WordPress/5.8; http://localhost"
172.19.0.1 - - [09/Sep/2021:22:42:50 +0000] "POST /wp-admin/admin-ajax.php HTTP/1.1" 200 599 "http://localhost/wp-admin/options-general.php?page=donorbox-donation-form%2Fdonorbox_embed_campaign.php" "Mozilla/5.0 (Windows NT 10.0; Win64; x64) AppleWebKit/537.36 (KHTML, like Gecko) Chrome/93.0.4577.63 Safari/537.36 Edg/93.0.961.38"
172.19.0.1 - - [09/Sep/2021:22:44:00 +0000] "POST /wp-admin/admin-ajax.php HTTP/1.1" 200 599 "http://localhost/wp-admin/options-general.php?page=donorbox-donation-form%2Fdonorbox_embed_campaign.php" "Mozilla/5.0 (Windows NT 10.0; Win64; x64) AppleWebKit/537.36 (KHTML, like Gecko) Chrome/93.0.4577.63 Safari/537.36 Edg/93.0.961.38"
172.19.0.1 - - [09/Sep/2021:22:45:00 +0000] "POST /wp-admin/admin-ajax.php HTTP/1.1" 200 599 "http://localhost/wp-admin/options-general.php?page=donorbox-donation-form%2Fdonorbox_embed_campaign.php" "Mozilla/5.0 (Windows NT 10.0; Win64; x64) AppleWebKit/537.36 (KHTML, like Gecko) Chrome/93.0.4577.63 Safari/537.36 Edg/93.0.961.38"
172.19.0.1 - - [09/Sep/2021:22:46:21 +0000] "POST /wp-admin/admin-ajax.php HTTP/1.1" 200 599 "http://localhost/wp-admin/options-general.php?page=donorbox-donation-form%2Fdonorbox_embed_campaign.php" "Mozilla/5.0 (Windows NT 10.0; Win64; x64) AppleWebKit/537.36 (KHTML, like Gecko) Chrome/93.0.4577.63 Safari/537.36 Edg/93.0.961.38"
172.19.0.1 - - [09/Sep/2021:22:47:21 +0000] "POST /wp-admin/admin-ajax.php HTTP/1.1" 200 599 "http://localhost/wp-admin/options-general.php?page=donorbox-donation-form%2Fdonorbox_embed_campaign.php" "Mozilla/5.0 (Windows NT 10.0; Win64; x64) AppleWebKit/537.36 (KHTML, like Gecko) Chrome/93.0.4577.63 Safari/537.36 Edg/93.0.961.38"
172.19.0.1 - - [09/Sep/2021:22:49:22 +0000] "POST /wp-admin/admin-ajax.php HTTP/1.1" 200 599 "http://localhost/wp-admin/options-general.php?page=donorbox-donation-form%2Fdonorbox_embed_campaign.php" "Mozilla/5.0 (Windows NT 10.0; Win64; x64) AppleWebKit/537.36 (KHTML, like Gecko) Chrome/93.0.4577.63 Safari/537.36 Edg/93.0.961.38"
172.19.0.1 - - [09/Sep/2021:22:50:54 +0000] "POST /wp-admin/admin-ajax.php HTTP/1.1" 200 599 "http://localhost/wp-admin/options-general.php?page=donorbox-donation-form%2Fdonorbox_embed_campaign.php" "Mozilla/5.0 (Windows NT 10.0; Win64; x64) AppleWebKit/537.36 (KHTML, like Gecko) Chrome/93.0.4577.63 Safari/537.36 Edg/93.0.961.38"
172.19.0.1 - - [09/Sep/2021:22:51:06 +0000] "GET /wp-admin/edit.php?post_type=page HTTP/1.1" 200 12838 "http://localhost/wp-admin/options-general.php?page=donorbox-donation-form%2Fdonorbox_embed_campaign.php" "Mozilla/5.0 (Windows NT 10.0; Win64; x64) AppleWebKit/537.36 (KHTML, like Gecko) Chrome/93.0.4577.63 Safari/537.36 Edg/93.0.961.38"
172.19.0.1 - - [09/Sep/2021:22:51:07 +0000] "POST /wp-admin/admin-ajax.php HTTP/1.1" 200 598 "http://localhost/wp-admin/edit.php?post_type=page" "Mozilla/5.0 (Windows NT 10.0; Win64; x64) AppleWebKit/537.36 (KHTML, like Gecko) Chrome/93.0.4577.63 Safari/537.36 Edg/93.0.961.38"
172.19.0.1 - - [09/Sep/2021:22:51:12 +0000] "GET /wp-admin/post.php?post=2&action=edit HTTP/1.1" 200 108778 "http://localhost/wp-admin/edit.php?post_type=page" "Mozilla/5.0 (Windows NT 10.0; Win64; x64) AppleWebKit/537.36 (KHTML, like Gecko) Chrome/93.0.4577.63 Safari/537.36 Edg/93.0.961.38"
172.19.0.1 - - [09/Sep/2021:22:51:15 +0000] "GET /wp-json/wp/v2/blocks?context=edit&per_page=100&_locale=user HTTP/1.1" 200 695 "http://localhost/wp-admin/post.php?post=2&action=edit" "Mozilla/5.0 (Windows NT 10.0; Win64; x64) AppleWebKit/537.36 (KHTML, like Gecko) Chrome/93.0.4577.63 Safari/537.36 Edg/93.0.961.38"
172.19.0.1 - - [09/Sep/2021:22:51:15 +0000] "GET /wp-json/wp/v2/users/me?_locale=user HTTP/1.1" 200 1271 "http://localhost/wp-admin/post.php?post=2&action=edit" "Mozilla/5.0 (Windows NT 10.0; Win64; x64) AppleWebKit/537.36 (KHTML, like Gecko) Chrome/93.0.4577.63 Safari/537.36 Edg/93.0.961.38"
172.19.0.1 - - [09/Sep/2021:22:51:15 +0000] "GET /wp-json/wp/v2/users/?who=authors&per_page=100&_locale=user HTTP/1.1" 200 1288 "http://localhost/wp-admin/post.php?post=2&action=edit" "Mozilla/5.0 (Windows NT 10.0; Win64; x64) AppleWebKit/537.36 (KHTML, like Gecko) Chrome/93.0.4577.63 Safari/537.36 Edg/93.0.961.38"
172.19.0.1 - - [09/Sep/2021:22:51:16 +0000] "GET /wp-json/wp/v2/pages/2?_locale=user HTTP/1.1" 200 3719 "http://localhost/wp-admin/post.php?post=2&action=edit" "Mozilla/5.0 (Windows NT 10.0; Win64; x64) AppleWebKit/537.36 (KHTML, like Gecko) Chrome/93.0.4577.63 Safari/537.36 Edg/93.0.961.38"
172.19.0.1 - - [09/Sep/2021:22:51:15 +0000] "GET /wp-json/wp/v2/templates?context=edit&per_page=100&_locale=user HTTP/1.1" 200 661 "http://localhost/wp-admin/post.php?post=2&action=edit" "Mozilla/5.0 (Windows NT 10.0; Win64; x64) AppleWebKit/537.36 (KHTML, like Gecko) Chrome/93.0.4577.63 Safari/537.36 Edg/93.0.961.38"
172.19.0.1 - - [09/Sep/2021:22:52:15 +0000] "POST /wp-admin/admin-ajax.php HTTP/1.1" 200 650 "http://localhost/wp-admin/post.php?post=2&action=edit" "Mozilla/5.0 (Windows NT 10.0; Win64; x64) AppleWebKit/537.36 (KHTML, like Gecko) Chrome/93.0.4577.63 Safari/537.36 Edg/93.0.961.38"
172.19.0.1 - - [09/Sep/2021:22:54:16 +0000] "POST /wp-admin/admin-ajax.php HTTP/1.1" 200 650 "http://localhost/wp-admin/post.php?post=2&action=edit" "Mozilla/5.0 (Windows NT 10.0; Win64; x64) AppleWebKit/537.36 (KHTML, like Gecko) Chrome/93.0.4577.63 Safari/537.36 Edg/93.0.961.38"
172.19.0.1 - - [09/Sep/2021:22:56:17 +0000] "POST /wp-admin/admin-ajax.php HTTP/1.1" 200 650 "http://localhost/wp-admin/post.php?post=2&action=edit" "Mozilla/5.0 (Windows NT 10.0; Win64; x64) AppleWebKit/537.36 (KHTML, like Gecko) Chrome/93.0.4577.63 Safari/537.36 Edg/93.0.961.38"
172.19.0.1 - - [09/Sep/2021:22:58:18 +0000] "POST /wp-admin/admin-ajax.php HTTP/1.1" 200 650 "http://localhost/wp-admin/post.php?post=2&action=edit" "Mozilla/5.0 (Windows NT 10.0; Win64; x64) AppleWebKit/537.36 (KHTML, like Gecko) Chrome/93.0.4577.63 Safari/537.36 Edg/93.0.961.38"
172.19.0.1 - - [09/Sep/2021:22:59:38 +0000] "POST /wp-admin/admin-ajax.php HTTP/1.1" 200 650 "http://localhost/wp-admin/post.php?post=2&action=edit" "Mozilla/5.0 (Windows NT 10.0; Win64; x64) AppleWebKit/537.36 (KHTML, like Gecko) Chrome/93.0.4577.63 Safari/537.36 Edg/93.0.961.38"
172.19.0.1 - - [09/Sep/2021:22:59:40 +0000] "POST /wp-admin/admin-ajax.php HTTP/1.1" 200 544 "http://localhost/wp-admin/post.php?post=2&action=edit" "Mozilla/5.0 (Windows NT 10.0; Win64; x64) AppleWebKit/537.36 (KHTML, like Gecko) Chrome/93.0.4577.63 Safari/537.36 Edg/93.0.961.38"
172.19.0.1 - - [09/Sep/2021:22:59:40 +0000] "POST /wp-admin/admin-ajax.php HTTP/1.1" 200 598 "http://localhost/wp-admin/edit.php?post_type=page" "Mozilla/5.0 (Windows NT 10.0; Win64; x64) AppleWebKit/537.36 (KHTML, like Gecko) Chrome/93.0.4577.63 Safari/537.36 Edg/93.0.961.38"
172.19.0.1 - - [09/Sep/2021:22:59:43 +0000] "GET /wp-admin/plugins.php HTTP/1.1" 200 16986 "http://localhost/wp-admin/edit.php?post_type=page" "Mozilla/5.0 (Windows NT 10.0; Win64; x64) AppleWebKit/537.36 (KHTML, like Gecko) Chrome/93.0.4577.63 Safari/537.36 Edg/93.0.961.38"
172.19.0.1 - - [09/Sep/2021:23:00:45 +0000] "POST /wp-admin/admin-ajax.php HTTP/1.1" 200 599 "http://localhost/wp-admin/plugins.php" "Mozilla/5.0 (Windows NT 10.0; Win64; x64) AppleWebKit/537.36 (KHTML, like Gecko) Chrome/93.0.4577.63 Safari/537.36 Edg/93.0.961.38"
172.19.0.1 - - [09/Sep/2021:23:01:45 +0000] "POST /wp-admin/admin-ajax.php HTTP/1.1" 200 599 "http://localhost/wp-admin/plugins.php" "Mozilla/5.0 (Windows NT 10.0; Win64; x64) AppleWebKit/537.36 (KHTML, like Gecko) Chrome/93.0.4577.63 Safari/537.36 Edg/93.0.961.38"
172.19.0.1 - - [09/Sep/2021:23:02:26 +0000] "GET /wp-admin/options-general.php HTTP/1.1" 200 16348 "http://localhost/wp-admin/plugins.php" "Mozilla/5.0 (Windows NT 10.0; Win64; x64) AppleWebKit/537.36 (KHTML, like Gecko) Chrome/93.0.4577.63 Safari/537.36 Edg/93.0.961.38"
172.19.0.1 - - [09/Sep/2021:23:02:31 +0000] "GET /wp-admin/options-general.php?page=donorbox-donation-form/donorbox_embed_campaign.php HTTP/1.1" 200 8059 "http://localhost/wp-admin/options-general.php" "Mozilla/5.0 (Windows NT 10.0; Win64; x64) AppleWebKit/537.36 (KHTML, like Gecko) Chrome/93.0.4577.63 Safari/537.36 Edg/93.0.961.38"
172.19.0.1 - - [09/Sep/2021:23:03:31 +0000] "POST /wp-admin/admin-ajax.php HTTP/1.1" 200 599 "http://localhost/wp-admin/options-general.php?page=donorbox-donation-form%2Fdonorbox_embed_campaign.php" "Mozilla/5.0 (Windows NT 10.0; Win64; x64) AppleWebKit/537.36 (KHTML, like Gecko) Chrome/93.0.4577.63 Safari/537.36 Edg/93.0.961.38"
172.19.0.1 - - [09/Sep/2021:23:04:31 +0000] "POST /wp-admin/admin-ajax.php HTTP/1.1" 200 599 "http://localhost/wp-admin/options-general.php?page=donorbox-donation-form%2Fdonorbox_embed_campaign.php" "Mozilla/5.0 (Windows NT 10.0; Win64; x64) AppleWebKit/537.36 (KHTML, like Gecko) Chrome/93.0.4577.63 Safari/537.36 Edg/93.0.961.38"
172.19.0.1 - - [09/Sep/2021:23:05:32 +0000] "POST /wp-admin/admin-ajax.php HTTP/1.1" 200 599 "http://localhost/wp-admin/options-general.php?page=donorbox-donation-form%2Fdonorbox_embed_campaign.php" "Mozilla/5.0 (Windows NT 10.0; Win64; x64) AppleWebKit/537.36 (KHTML, like Gecko) Chrome/93.0.4577.63 Safari/537.36 Edg/93.0.961.38"
172.19.0.1 - - [09/Sep/2021:23:06:33 +0000] "POST /wp-admin/admin-ajax.php HTTP/1.1" 200 599 "http://localhost/wp-admin/options-general.php?page=donorbox-donation-form%2Fdonorbox_embed_campaign.php" "Mozilla/5.0 (Windows NT 10.0; Win64; x64) AppleWebKit/537.36 (KHTML, like Gecko) Chrome/93.0.4577.63 Safari/537.36 Edg/93.0.961.38"
172.19.0.1 - - [09/Sep/2021:23:08:26 +0000] "POST /wp-admin/admin-ajax.php HTTP/1.1" 200 599 "http://localhost/wp-admin/options-general.php?page=donorbox-donation-form%2Fdonorbox_embed_campaign.php" "Mozilla/5.0 (Windows NT 10.0; Win64; x64) AppleWebKit/537.36 (KHTML, like Gecko) Chrome/93.0.4577.63 Safari/537.36 Edg/93.0.961.38"
172.19.0.1 - - [09/Sep/2021:23:09:27 +0000] "POST /wp-admin/admin-ajax.php HTTP/1.1" 200 599 "http://localhost/wp-admin/options-general.php?page=donorbox-donation-form%2Fdonorbox_embed_campaign.php" "Mozilla/5.0 (Windows NT 10.0; Win64; x64) AppleWebKit/537.36 (KHTML, like Gecko) Chrome/93.0.4577.63 Safari/537.36 Edg/93.0.961.38"
172.19.0.1 - - [09/Sep/2021:23:11:28 +0000] "POST /wp-admin/admin-ajax.php HTTP/1.1" 200 599 "http://localhost/wp-admin/options-general.php?page=donorbox-donation-form%2Fdonorbox_embed_campaign.php" "Mozilla/5.0 (Windows NT 10.0; Win64; x64) AppleWebKit/537.36 (KHTML, like Gecko) Chrome/93.0.4577.63 Safari/537.36 Edg/93.0.961.38"
172.19.0.1 - - [09/Sep/2021:23:12:56 +0000] "POST /wp-admin/admin-ajax.php HTTP/1.1" 200 599 "http://localhost/wp-admin/options-general.php?page=donorbox-donation-form%2Fdonorbox_embed_campaign.php" "Mozilla/5.0 (Windows NT 10.0; Win64; x64) AppleWebKit/537.36 (KHTML, like Gecko) Chrome/93.0.4577.63 Safari/537.36 Edg/93.0.961.38"
172.19.0.1 - - [09/Sep/2021:23:13:03 +0000] "GET /wp-admin/plugins.php HTTP/1.1" 200 16987 "http://localhost/wp-admin/options-general.php?page=donorbox-donation-form%2Fdonorbox_embed_campaign.php" "Mozilla/5.0 (Windows NT 10.0; Win64; x64) AppleWebKit/537.36 (KHTML, like Gecko) Chrome/93.0.4577.63 Safari/537.36 Edg/93.0.961.38"
172.19.0.1 - - [09/Sep/2021:23:13:04 +0000] "GET /wp-admin/plugins.php HTTP/1.1" 200 16987 "http://localhost/wp-admin/options-general.php?page=donorbox-donation-form%2Fdonorbox_embed_campaign.php" "Mozilla/5.0 (Windows NT 10.0; Win64; x64) AppleWebKit/537.36 (KHTML, like Gecko) Chrome/93.0.4577.63 Safari/537.36 Edg/93.0.961.38"
127.0.0.1 - - [09/Sep/2021:23:13:21 +0000] "POST /wp-cron.php?doing_wp_cron=1631229201.0083000659942626953125 HTTP/1.1" 200 192 "http://localhost/wp-cron.php?doing_wp_cron=1631229201.0083000659942626953125" "WordPress/5.8; http://localhost"
172.19.0.1 - - [09/Sep/2021:23:13:20 +0000] "GET /wp-admin/plugins.php?action=deactivate&plugin=donorbox-donation-form%2Fdonorbox_embed_campaign.php&plugin_status=all&paged=1&s&_wpnonce=6259c08d44 HTTP/1.1" 302 524 "http://localhost/wp-admin/plugins.php" "Mozilla/5.0 (Windows NT 10.0; Win64; x64) AppleWebKit/537.36 (KHTML, like Gecko) Chrome/93.0.4577.63 Safari/537.36 Edg/93.0.961.38"
172.19.0.1 - - [09/Sep/2021:23:13:21 +0000] "GET /wp-admin/plugins.php?deactivate=true&plugin_status=all&paged=1&s= HTTP/1.1" 200 17060 "http://localhost/wp-admin/plugins.php" "Mozilla/5.0 (Windows NT 10.0; Win64; x64) AppleWebKit/537.36 (KHTML, like Gecko) Chrome/93.0.4577.63 Safari/537.36 Edg/93.0.961.38"
172.19.0.1 - - [09/Sep/2021:23:13:27 +0000] "GET /wp-admin/plugins.php?action=activate&plugin=makemydonation-imo%2Fmmdimo.php&plugin_status=all&paged=1&s&_wpnonce=77cda80db4 HTTP/1.1" 302 522 "http://localhost/wp-admin/plugins.php?plugin_status=all&paged=1&s" "Mozilla/5.0 (Windows NT 10.0; Win64; x64) AppleWebKit/537.36 (KHTML, like Gecko) Chrome/93.0.4577.63 Safari/537.36 Edg/93.0.961.38"
127.0.0.1 - - [09/Sep/2021:23:13:27 +0000] "POST /wp-cron.php?doing_wp_cron=1631229207.4933450222015380859375 HTTP/1.1" 200 192 "http://localhost/wp-cron.php?doing_wp_cron=1631229207.4933450222015380859375" "WordPress/5.8; http://localhost"
127.0.0.1 - - [09/Sep/2021:23:13:27 +0000] "POST /wp-admin/admin-ajax.php?action=mmdimo_load_donations&nonce=474371fae4 HTTP/1.1" 400 430 "http://localhost/wp-admin/admin-ajax.php?action=mmdimo_load_donations&nonce=474371fae4" "WordPress/5.8; http://localhost"
172.19.0.1 - - [09/Sep/2021:23:13:27 +0000] "GET /wp-admin/plugins.php?activate=true&plugin_status=all&paged=1&s= HTTP/1.1" 200 17032 "http://localhost/wp-admin/plugins.php?plugin_status=all&paged=1&s" "Mozilla/5.0 (Windows NT 10.0; Win64; x64) AppleWebKit/537.36 (KHTML, like Gecko) Chrome/93.0.4577.63 Safari/537.36 Edg/93.0.961.38"
127.0.0.1 - - [09/Sep/2021:23:13:32 +0000] "POST /wp-admin/admin-ajax.php?action=mmdimo_load_donations&nonce=474371fae4 HTTP/1.1" 400 430 "http://localhost/wp-admin/admin-ajax.php?action=mmdimo_load_donations&nonce=474371fae4" "WordPress/5.8; http://localhost"
172.19.0.1 - - [09/Sep/2021:23:13:32 +0000] "GET /wp-admin/tools.php HTTP/1.1" 200 8111 "http://localhost/wp-admin/plugins.php?plugin_status=all&paged=1&s" "Mozilla/5.0 (Windows NT 10.0; Win64; x64) AppleWebKit/537.36 (KHTML, like Gecko) Chrome/93.0.4577.63 Safari/537.36 Edg/93.0.961.38"
127.0.0.1 - - [09/Sep/2021:23:13:36 +0000] "POST /wp-admin/admin-ajax.php?action=mmdimo_load_donations&nonce=474371fae4 HTTP/1.1" 400 430 "http://localhost/wp-admin/admin-ajax.php?action=mmdimo_load_donations&nonce=474371fae4" "WordPress/5.8; http://localhost"
172.19.0.1 - - [09/Sep/2021:23:13:36 +0000] "GET /wp-admin/edit.php?post_type=wp-rest-api-log HTTP/1.1" 200 13362 "http://localhost/wp-admin/tools.php" "Mozilla/5.0 (Windows NT 10.0; Win64; x64) AppleWebKit/537.36 (KHTML, like Gecko) Chrome/93.0.4577.63 Safari/537.36 Edg/93.0.961.38"
127.0.0.1 - - [09/Sep/2021:23:13:37 +0000] "POST /wp-admin/admin-ajax.php?action=mmdimo_load_donations&nonce=474371fae4 HTTP/1.1" 400 430 "http://localhost/wp-admin/admin-ajax.php?action=mmdimo_load_donations&nonce=474371fae4" "WordPress/5.8; http://localhost"
127.0.0.1 - - [09/Sep/2021:23:13:37 +0000] "POST /wp-admin/admin-ajax.php?action=mmdimo_load_donations&nonce=474371fae4 HTTP/1.1" 400 430 "http://localhost/wp-admin/admin-ajax.php?action=mmdimo_load_donations&nonce=474371fae4" "WordPress/5.8; http://localhost"
172.19.0.1 - - [09/Sep/2021:23:13:37 +0000] "GET /wp-content/plugins/wp-rest-api-log-1.6.7/admin/css/wp-rest-api-log-admin.min.css?ver=1.6.6 HTTP/1.1" 404 18579 "http://localhost/wp-admin/edit.php?post_type=wp-rest-api-log" "Mozilla/5.0 (Windows NT 10.0; Win64; x64) AppleWebKit/537.36 (KHTML, like Gecko) Chrome/93.0.4577.63 Safari/537.36 Edg/93.0.961.38"
172.19.0.1 - - [09/Sep/2021:23:13:37 +0000] "GET /wp-content/plugins/wp-rest-api-log-1.6.7/admin/js/wp-rest-api-log-admin.min.js?ver=1.6.6 HTTP/1.1" 404 18578 "http://localhost/wp-admin/edit.php?post_type=wp-rest-api-log" "Mozilla/5.0 (Windows NT 10.0; Win64; x64) AppleWebKit/537.36 (KHTML, like Gecko) Chrome/93.0.4577.63 Safari/537.36 Edg/93.0.961.38"
127.0.0.1 - - [09/Sep/2021:23:13:37 +0000] "POST /wp-admin/admin-ajax.php?action=mmdimo_load_donations&nonce=474371fae4 HTTP/1.1" 400 430 "http://localhost/wp-admin/admin-ajax.php?action=mmdimo_load_donations&nonce=474371fae4" "WordPress/5.8; http://localhost"
172.19.0.1 - - [09/Sep/2021:23:13:37 +0000] "POST /wp-admin/admin-ajax.php HTTP/1.1" 200 598 "http://localhost/wp-admin/edit.php?post_type=wp-rest-api-log" "Mozilla/5.0 (Windows NT 10.0; Win64; x64) AppleWebKit/537.36 (KHTML, like Gecko) Chrome/93.0.4577.63 Safari/537.36 Edg/93.0.961.38"
127.0.0.1 - - [09/Sep/2021:23:13:47 +0000] "POST /wp-admin/admin-ajax.php?action=mmdimo_load_donations&nonce=474371fae4 HTTP/1.1" 400 430 "http://localhost/wp-admin/admin-ajax.php?action=mmdimo_load_donations&nonce=474371fae4" "WordPress/5.8; http://localhost"
172.19.0.1 - - [09/Sep/2021:23:13:47 +0000] "GET /wp-admin/options-general.php?page=mmdimo HTTP/1.1" 200 9232 "http://localhost/wp-admin/edit.php?post_type=wp-rest-api-log" "Mozilla/5.0 (Windows NT 10.0; Win64; x64) AppleWebKit/537.36 (KHTML, like Gecko) Chrome/93.0.4577.63 Safari/537.36 Edg/93.0.961.38"
172.19.0.1 - - [09/Sep/2021:23:13:48 +0000] "GET /wp-content/plugins/makemydonation-imo/css/mmdimo.options-form.css?ver=1.13.5 HTTP/1.1" 200 562 "http://localhost/wp-admin/options-general.php?page=mmdimo" "Mozilla/5.0 (Windows NT 10.0; Win64; x64) AppleWebKit/537.36 (KHTML, like Gecko) Chrome/93.0.4577.63 Safari/537.36 Edg/93.0.961.38"
172.19.0.1 - - [09/Sep/2021:23:13:48 +0000] "GET /wp-content/plugins/makemydonation-imo/js/mmdimo.update-check.js?ver=1.13.5 HTTP/1.1" 200 684 "http://localhost/wp-admin/options-general.php?page=mmdimo" "Mozilla/5.0 (Windows NT 10.0; Win64; x64) AppleWebKit/537.36 (KHTML, like Gecko) Chrome/93.0.4577.63 Safari/537.36 Edg/93.0.961.38"
172.19.0.1 - - [09/Sep/2021:23:13:48 +0000] "GET /wp-content/plugins/makemydonation-imo/js/mmdimo.options-form.js?ver=1.13.5 HTTP/1.1" 200 1137 "http://localhost/wp-admin/options-general.php?page=mmdimo" "Mozilla/5.0 (Windows NT 10.0; Win64; x64) AppleWebKit/537.36 (KHTML, like Gecko) Chrome/93.0.4577.63 Safari/537.36 Edg/93.0.961.38"
127.0.0.1 - - [09/Sep/2021:23:13:48 +0000] "POST /wp-admin/admin-ajax.php?action=mmdimo_load_donations&nonce=474371fae4 HTTP/1.1" 400 430 "http://localhost/wp-admin/admin-ajax.php?action=mmdimo_load_donations&nonce=474371fae4" "WordPress/5.8; http://localhost"
172.19.0.1 - - [09/Sep/2021:23:13:48 +0000] "GET /wp-admin/admin-ajax.php?action=mmdimo_check_update HTTP/1.1" 200 457 "http://localhost/wp-admin/options-general.php?page=mmdimo" "Mozilla/5.0 (Windows NT 10.0; Win64; x64) AppleWebKit/537.36 (KHTML, like Gecko) Chrome/93.0.4577.63 Safari/537.36 Edg/93.0.961.38"
127.0.0.1 - - [09/Sep/2021:23:14:48 +0000] "POST /wp-cron.php?doing_wp_cron=1631229288.8914680480957031250000 HTTP/1.1" 200 192 "http://localhost/wp-cron.php?doing_wp_cron=1631229288.8914680480957031250000" "WordPress/5.8; http://localhost"
127.0.0.1 - - [09/Sep/2021:23:14:48 +0000] "POST /wp-admin/admin-ajax.php?action=mmdimo_load_donations&nonce=474371fae4 HTTP/1.1" 400 430 "http://localhost/wp-admin/admin-ajax.php?action=mmdimo_load_donations&nonce=474371fae4" "WordPress/5.8; http://localhost"
127.0.0.1 - - [09/Sep/2021:23:14:49 +0000] "POST /wp-cron.php?doing_wp_cron=1631229289.0456120967864990234375 HTTP/1.1" 200 192 "http://localhost/wp-cron.php?doing_wp_cron=1631229289.0456120967864990234375" "WordPress/5.8; http://localhost"
172.19.0.1 - - [09/Sep/2021:23:14:48 +0000] "POST /wp-admin/admin-ajax.php HTTP/1.1" 200 599 "http://localhost/wp-admin/options-general.php?page=mmdimo" "Mozilla/5.0 (Windows NT 10.0; Win64; x64) AppleWebKit/537.36 (KHTML, like Gecko) Chrome/93.0.4577.63 Safari/537.36 Edg/93.0.961.38"
127.0.0.1 - - [09/Sep/2021:23:15:48 +0000] "POST /wp-admin/admin-ajax.php?action=mmdimo_load_donations&nonce=474371fae4 HTTP/1.1" 400 430 "http://localhost/wp-admin/admin-ajax.php?action=mmdimo_load_donations&nonce=474371fae4" "WordPress/5.8; http://localhost"
172.19.0.1 - - [09/Sep/2021:23:15:48 +0000] "POST /wp-admin/admin-ajax.php HTTP/1.1" 200 599 "http://localhost/wp-admin/options-general.php?page=mmdimo" "Mozilla/5.0 (Windows NT 10.0; Win64; x64) AppleWebKit/537.36 (KHTML, like Gecko) Chrome/93.0.4577.63 Safari/537.36 Edg/93.0.961.38"
127.0.0.1 - - [09/Sep/2021:23:16:50 +0000] "POST /wp-cron.php?doing_wp_cron=1631229410.0177290439605712890625 HTTP/1.1" 200 192 "http://localhost/wp-cron.php?doing_wp_cron=1631229410.0177290439605712890625" "WordPress/5.8; http://localhost"
127.0.0.1 - - [09/Sep/2021:23:16:49 +0000] "POST /wp-admin/admin-ajax.php?action=mmdimo_load_donations&nonce=474371fae4 HTTP/1.1" 400 430 "http://localhost/wp-admin/admin-ajax.php?action=mmdimo_load_donations&nonce=474371fae4" "WordPress/5.8; http://localhost"
127.0.0.1 - - [09/Sep/2021:23:16:50 +0000] "POST /wp-cron.php?doing_wp_cron=1631229410.1656360626220703125000 HTTP/1.1" 200 192 "http://localhost/wp-cron.php?doing_wp_cron=1631229410.1656360626220703125000" "WordPress/5.8; http://localhost"
172.19.0.1 - - [09/Sep/2021:23:16:49 +0000] "POST /wp-admin/admin-ajax.php HTTP/1.1" 200 599 "http://localhost/wp-admin/options-general.php?page=mmdimo" "Mozilla/5.0 (Windows NT 10.0; Win64; x64) AppleWebKit/537.36 (KHTML, like Gecko) Chrome/93.0.4577.63 Safari/537.36 Edg/93.0.961.38"
127.0.0.1 - - [09/Sep/2021:23:17:50 +0000] "POST /wp-cron.php?doing_wp_cron=1631229470.9285280704498291015625 HTTP/1.1" 200 192 "http://localhost/wp-cron.php?doing_wp_cron=1631229470.9285280704498291015625" "WordPress/5.8; http://localhost"
127.0.0.1 - - [09/Sep/2021:23:17:50 +0000] "POST /wp-admin/admin-ajax.php?action=mmdimo_load_donations&nonce=474371fae4 HTTP/1.1" 400 430 "http://localhost/wp-admin/admin-ajax.php?action=mmdimo_load_donations&nonce=474371fae4" "WordPress/5.8; http://localhost"
127.0.0.1 - - [09/Sep/2021:23:17:51 +0000] "POST /wp-cron.php?doing_wp_cron=1631229471.0497400760650634765625 HTTP/1.1" 200 192 "http://localhost/wp-cron.php?doing_wp_cron=1631229471.0497400760650634765625" "WordPress/5.8; http://localhost"
172.19.0.1 - - [09/Sep/2021:23:17:50 +0000] "POST /wp-admin/admin-ajax.php HTTP/1.1" 200 599 "http://localhost/wp-admin/options-general.php?page=mmdimo" "Mozilla/5.0 (Windows NT 10.0; Win64; x64) AppleWebKit/537.36 (KHTML, like Gecko) Chrome/93.0.4577.63 Safari/537.36 Edg/93.0.961.38"
127.0.0.1 - - [09/Sep/2021:23:18:52 +0000] "POST /wp-cron.php?doing_wp_cron=1631229532.0733380317687988281250 HTTP/1.1" 200 192 "http://localhost/wp-cron.php?doing_wp_cron=1631229532.0733380317687988281250" "WordPress/5.8; http://localhost"
127.0.0.1 - - [09/Sep/2021:23:18:51 +0000] "POST /wp-admin/admin-ajax.php?action=mmdimo_load_donations&nonce=474371fae4 HTTP/1.1" 400 430 "http://localhost/wp-admin/admin-ajax.php?action=mmdimo_load_donations&nonce=474371fae4" "WordPress/5.8; http://localhost"
127.0.0.1 - - [09/Sep/2021:23:18:52 +0000] "POST /wp-cron.php?doing_wp_cron=1631229532.2880530357360839843750 HTTP/1.1" 200 192 "http://localhost/wp-cron.php?doing_wp_cron=1631229532.2880530357360839843750" "WordPress/5.8; http://localhost"
172.19.0.1 - - [09/Sep/2021:23:18:51 +0000] "POST /wp-admin/admin-ajax.php HTTP/1.1" 200 599 "http://localhost/wp-admin/options-general.php?page=mmdimo" "Mozilla/5.0 (Windows NT 10.0; Win64; x64) AppleWebKit/537.36 (KHTML, like Gecko) Chrome/93.0.4577.63 Safari/537.36 Edg/93.0.961.38"
127.0.0.1 - - [09/Sep/2021:23:19:52 +0000] "POST /wp-cron.php?doing_wp_cron=1631229592.9589710235595703125000 HTTP/1.1" 200 192 "http://localhost/wp-cron.php?doing_wp_cron=1631229592.9589710235595703125000" "WordPress/5.8; http://localhost"
127.0.0.1 - - [09/Sep/2021:23:19:52 +0000] "POST /wp-admin/admin-ajax.php?action=mmdimo_load_donations&nonce=474371fae4 HTTP/1.1" 400 430 "http://localhost/wp-admin/admin-ajax.php?action=mmdimo_load_donations&nonce=474371fae4" "WordPress/5.8; http://localhost"
127.0.0.1 - - [09/Sep/2021:23:19:53 +0000] "POST /wp-cron.php?doing_wp_cron=1631229593.1175029277801513671875 HTTP/1.1" 200 192 "http://localhost/wp-cron.php?doing_wp_cron=1631229593.1175029277801513671875" "WordPress/5.8; http://localhost"
172.19.0.1 - - [09/Sep/2021:23:19:52 +0000] "POST /wp-admin/admin-ajax.php HTTP/1.1" 200 599 "http://localhost/wp-admin/options-general.php?page=mmdimo" "Mozilla/5.0 (Windows NT 10.0; Win64; x64) AppleWebKit/537.36 (KHTML, like Gecko) Chrome/93.0.4577.63 Safari/537.36 Edg/93.0.961.38"
127.0.0.1 - - [09/Sep/2021:23:20:31 +0000] "POST /wp-admin/admin-ajax.php?action=mmdimo_load_donations&nonce=474371fae4 HTTP/1.1" 400 430 "http://localhost/wp-admin/admin-ajax.php?action=mmdimo_load_donations&nonce=474371fae4" "WordPress/5.8; http://localhost"
172.19.0.1 - - [09/Sep/2021:23:20:31 +0000] "GET /wp-admin/plugins.php HTTP/1.1" 200 16961 "http://localhost/wp-admin/options-general.php?page=mmdimo" "Mozilla/5.0 (Windows NT 10.0; Win64; x64) AppleWebKit/537.36 (KHTML, like Gecko) Chrome/93.0.4577.63 Safari/537.36 Edg/93.0.961.38"
127.0.0.1 - - [09/Sep/2021:23:20:44 +0000] "POST /wp-admin/admin-ajax.php?action=mmdimo_load_donations&nonce=474371fae4 HTTP/1.1" 400 430 "http://localhost/wp-admin/admin-ajax.php?action=mmdimo_load_donations&nonce=474371fae4" "WordPress/5.8; http://localhost"
172.19.0.1 - - [09/Sep/2021:23:20:44 +0000] "GET /wp-admin/options-general.php?page=mmdimo HTTP/1.1" 200 9222 "http://localhost/wp-admin/plugins.php" "Mozilla/5.0 (Windows NT 10.0; Win64; x64) AppleWebKit/537.36 (KHTML, like Gecko) Chrome/93.0.4577.63 Safari/537.36 Edg/93.0.961.38"
127.0.0.1 - - [09/Sep/2021:23:20:45 +0000] "POST /wp-admin/admin-ajax.php?action=mmdimo_load_donations&nonce=474371fae4 HTTP/1.1" 400 430 "http://localhost/wp-admin/admin-ajax.php?action=mmdimo_load_donations&nonce=474371fae4" "WordPress/5.8; http://localhost"
172.19.0.1 - - [09/Sep/2021:23:20:45 +0000] "GET /wp-admin/admin-ajax.php?action=mmdimo_check_update HTTP/1.1" 200 457 "http://localhost/wp-admin/options-general.php?page=mmdimo" "Mozilla/5.0 (Windows NT 10.0; Win64; x64) AppleWebKit/537.36 (KHTML, like Gecko) Chrome/93.0.4577.63 Safari/537.36 Edg/93.0.961.38"
127.0.0.1 - - [09/Sep/2021:23:21:45 +0000] "POST /wp-cron.php?doing_wp_cron=1631229705.9536950588226318359375 HTTP/1.1" 200 192 "http://localhost/wp-cron.php?doing_wp_cron=1631229705.9536950588226318359375" "WordPress/5.8; http://localhost"
127.0.0.1 - - [09/Sep/2021:23:21:45 +0000] "POST /wp-admin/admin-ajax.php?action=mmdimo_load_donations&nonce=474371fae4 HTTP/1.1" 400 430 "http://localhost/wp-admin/admin-ajax.php?action=mmdimo_load_donations&nonce=474371fae4" "WordPress/5.8; http://localhost"
127.0.0.1 - - [09/Sep/2021:23:21:46 +0000] "POST /wp-cron.php?doing_wp_cron=1631229706.0449879169464111328125 HTTP/1.1" 200 192 "http://localhost/wp-cron.php?doing_wp_cron=1631229706.0449879169464111328125" "WordPress/5.8; http://localhost"
172.19.0.1 - - [09/Sep/2021:23:21:45 +0000] "POST /wp-admin/admin-ajax.php HTTP/1.1" 200 599 "http://localhost/wp-admin/options-general.php?page=mmdimo" "Mozilla/5.0 (Windows NT 10.0; Win64; x64) AppleWebKit/537.36 (KHTML, like Gecko) Chrome/93.0.4577.63 Safari/537.36 Edg/93.0.961.38"
127.0.0.1 - - [09/Sep/2021:23:22:45 +0000] "POST /wp-admin/admin-ajax.php?action=mmdimo_load_donations&nonce=474371fae4 HTTP/1.1" 400 430 "http://localhost/wp-admin/admin-ajax.php?action=mmdimo_load_donations&nonce=474371fae4" "WordPress/5.8; http://localhost"
172.19.0.1 - - [09/Sep/2021:23:22:45 +0000] "POST /wp-admin/admin-ajax.php HTTP/1.1" 200 599 "http://localhost/wp-admin/options-general.php?page=mmdimo" "Mozilla/5.0 (Windows NT 10.0; Win64; x64) AppleWebKit/537.36 (KHTML, like Gecko) Chrome/93.0.4577.63 Safari/537.36 Edg/93.0.961.38"
127.0.0.1 - - [09/Sep/2021:23:24:31 +0000] "POST /wp-cron.php?doing_wp_cron=1631229871.5585510730743408203125 HTTP/1.1" 200 192 "http://localhost/wp-cron.php?doing_wp_cron=1631229871.5585510730743408203125" "WordPress/5.8; http://localhost"
127.0.0.1 - - [09/Sep/2021:23:24:31 +0000] "POST /wp-admin/admin-ajax.php?action=mmdimo_load_donations&nonce=474371fae4 HTTP/1.1" 400 430 "http://localhost/wp-admin/admin-ajax.php?action=mmdimo_load_donations&nonce=474371fae4" "WordPress/5.8; http://localhost"
127.0.0.1 - - [09/Sep/2021:23:24:31 +0000] "POST /wp-cron.php?doing_wp_cron=1631229871.6489610671997070312500 HTTP/1.1" 200 192 "http://localhost/wp-cron.php?doing_wp_cron=1631229871.6489610671997070312500" "WordPress/5.8; http://localhost"
172.19.0.1 - - [09/Sep/2021:23:24:31 +0000] "POST /wp-admin/admin-ajax.php HTTP/1.1" 200 599 "http://localhost/wp-admin/options-general.php?page=mmdimo" "Mozilla/5.0 (Windows NT 10.0; Win64; x64) AppleWebKit/537.36 (KHTML, like Gecko) Chrome/93.0.4577.63 Safari/537.36 Edg/93.0.961.38"
127.0.0.1 - - [09/Sep/2021:23:24:33 +0000] "POST /wp-admin/admin-ajax.php?action=mmdimo_load_donations&nonce=474371fae4 HTTP/1.1" 400 430 "http://localhost/wp-admin/admin-ajax.php?action=mmdimo_load_donations&nonce=474371fae4" "WordPress/5.8; http://localhost"
172.19.0.1 - - [09/Sep/2021:23:24:33 +0000] "GET /wp-admin/plugins.php HTTP/1.1" 200 16960 "http://localhost/wp-admin/options-general.php?page=mmdimo" "Mozilla/5.0 (Windows NT 10.0; Win64; x64) AppleWebKit/537.36 (KHTML, like Gecko) Chrome/93.0.4577.63 Safari/537.36 Edg/93.0.961.38"
127.0.0.1 - - [09/Sep/2021:23:24:38 +0000] "POST /wp-admin/admin-ajax.php?action=mmdimo_load_donations&nonce=474371fae4 HTTP/1.1" 400 430 "http://localhost/wp-admin/admin-ajax.php?action=mmdimo_load_donations&nonce=474371fae4" "WordPress/5.8; http://localhost"
172.19.0.1 - - [09/Sep/2021:23:24:38 +0000] "POST /wp-admin/admin-ajax.php HTTP/1.1" 200 4671 "http://localhost/wp-admin/plugins.php?s=mercado&plugin_status=all" "Mozilla/5.0 (Windows NT 10.0; Win64; x64) AppleWebKit/537.36 (KHTML, like Gecko) Chrome/93.0.4577.63 Safari/537.36 Edg/93.0.961.38"
127.0.0.1 - - [09/Sep/2021:23:24:41 +0000] "POST /wp-admin/admin-ajax.php?action=mmdimo_load_donations&nonce=474371fae4 HTTP/1.1" 400 430 "http://localhost/wp-admin/admin-ajax.php?action=mmdimo_load_donations&nonce=474371fae4" "WordPress/5.8; http://localhost"
172.19.0.1 - - [09/Sep/2021:23:24:41 +0000] "POST /wp-admin/admin-ajax.php HTTP/1.1" 200 4705 "http://localhost/wp-admin/plugins.php?s=mercado%20pago&plugin_status=all" "Mozilla/5.0 (Windows NT 10.0; Win64; x64) AppleWebKit/537.36 (KHTML, like Gecko) Chrome/93.0.4577.63 Safari/537.36 Edg/93.0.961.38"
127.0.0.1 - - [09/Sep/2021:23:24:44 +0000] "POST /wp-admin/admin-ajax.php?action=mmdimo_load_donations&nonce=474371fae4 HTTP/1.1" 400 430 "http://localhost/wp-admin/admin-ajax.php?action=mmdimo_load_donations&nonce=474371fae4" "WordPress/5.8; http://localhost"
172.19.0.1 - - [09/Sep/2021:23:24:44 +0000] "GET /wp-admin/plugin-install.php HTTP/1.1" 200 17711 "http://localhost/wp-admin/plugins.php?s=mercado%20pago&plugin_status=all" "Mozilla/5.0 (Windows NT 10.0; Win64; x64) AppleWebKit/537.36 (KHTML, like Gecko) Chrome/93.0.4577.63 Safari/537.36 Edg/93.0.961.38"
127.0.0.1 - - [09/Sep/2021:23:24:52 +0000] "POST /wp-admin/admin-ajax.php?action=mmdimo_load_donations&nonce=474371fae4 HTTP/1.1" 400 430 "http://localhost/wp-admin/admin-ajax.php?action=mmdimo_load_donations&nonce=474371fae4" "WordPress/5.8; http://localhost"
172.19.0.1 - - [09/Sep/2021:23:24:52 +0000] "POST /wp-admin/admin-ajax.php HTTP/1.1" 200 64629 "http://localhost/wp-admin/plugin-install.php?s=mercado%20pago&tab=search&type=term" "Mozilla/5.0 (Windows NT 10.0; Win64; x64) AppleWebKit/537.36 (KHTML, like Gecko) Chrome/93.0.4577.63 Safari/537.36 Edg/93.0.961.38"
127.0.0.1 - - [09/Sep/2021:23:25:46 +0000] "POST /wp-cron.php?doing_wp_cron=1631229946.4852700233459472656250 HTTP/1.1" 200 192 "http://localhost/wp-cron.php?doing_wp_cron=1631229946.4852700233459472656250" "WordPress/5.8; http://localhost"
127.0.0.1 - - [09/Sep/2021:23:25:46 +0000] "POST /wp-admin/admin-ajax.php?action=mmdimo_load_donations&nonce=474371fae4 HTTP/1.1" 400 430 "http://localhost/wp-admin/admin-ajax.php?action=mmdimo_load_donations&nonce=474371fae4" "WordPress/5.8; http://localhost"
127.0.0.1 - - [09/Sep/2021:23:25:46 +0000] "POST /wp-cron.php?doing_wp_cron=1631229946.5972149372100830078125 HTTP/1.1" 200 192 "http://localhost/wp-cron.php?doing_wp_cron=1631229946.5972149372100830078125" "WordPress/5.8; http://localhost"
172.19.0.1 - - [09/Sep/2021:23:25:46 +0000] "POST /wp-admin/admin-ajax.php HTTP/1.1" 200 599 "http://localhost/wp-admin/plugin-install.php?s=mercado%20pago&tab=search&type=term" "Mozilla/5.0 (Windows NT 10.0; Win64; x64) AppleWebKit/537.36 (KHTML, like Gecko) Chrome/93.0.4577.63 Safari/537.36 Edg/93.0.961.38"
127.0.0.1 - - [09/Sep/2021:23:26:46 +0000] "POST /wp-admin/admin-ajax.php?action=mmdimo_load_donations&nonce=474371fae4 HTTP/1.1" 400 430 "http://localhost/wp-admin/admin-ajax.php?action=mmdimo_load_donations&nonce=474371fae4" "WordPress/5.8; http://localhost"
172.19.0.1 - - [09/Sep/2021:23:26:46 +0000] "POST /wp-admin/admin-ajax.php HTTP/1.1" 200 599 "http://localhost/wp-admin/plugin-install.php?s=mercado%20pago&tab=search&type=term" "Mozilla/5.0 (Windows NT 10.0; Win64; x64) AppleWebKit/537.36 (KHTML, like Gecko) Chrome/93.0.4577.63 Safari/537.36 Edg/93.0.961.38"
127.0.0.1 - - [09/Sep/2021:23:28:46 +0000] "POST /wp-cron.php?doing_wp_cron=1631230126.5141708850860595703125 HTTP/1.1" 200 192 "http://localhost/wp-cron.php?doing_wp_cron=1631230126.5141708850860595703125" "WordPress/5.8; http://localhost"
127.0.0.1 - - [09/Sep/2021:23:28:46 +0000] "POST /wp-admin/admin-ajax.php?action=mmdimo_load_donations&nonce=474371fae4 HTTP/1.1" 400 430 "http://localhost/wp-admin/admin-ajax.php?action=mmdimo_load_donations&nonce=474371fae4" "WordPress/5.8; http://localhost"
127.0.0.1 - - [09/Sep/2021:23:28:46 +0000] "POST /wp-cron.php?doing_wp_cron=1631230126.6386260986328125000000 HTTP/1.1" 200 192 "http://localhost/wp-cron.php?doing_wp_cron=1631230126.6386260986328125000000" "WordPress/5.8; http://localhost"
172.19.0.1 - - [09/Sep/2021:23:28:46 +0000] "POST /wp-admin/admin-ajax.php HTTP/1.1" 200 599 "http://localhost/wp-admin/plugin-install.php?s=mercado%20pago&tab=search&type=term" "Mozilla/5.0 (Windows NT 10.0; Win64; x64) AppleWebKit/537.36 (KHTML, like Gecko) Chrome/93.0.4577.63 Safari/537.36 Edg/93.0.961.38"
127.0.0.1 - - [09/Sep/2021:23:29:52 +0000] "POST /wp-cron.php?doing_wp_cron=1631230192.4334681034088134765625 HTTP/1.1" 200 192 "http://localhost/wp-cron.php?doing_wp_cron=1631230192.4334681034088134765625" "WordPress/5.8; http://localhost"
127.0.0.1 - - [09/Sep/2021:23:29:52 +0000] "POST /wp-admin/admin-ajax.php?action=mmdimo_load_donations&nonce=474371fae4 HTTP/1.1" 400 430 "http://localhost/wp-admin/admin-ajax.php?action=mmdimo_load_donations&nonce=474371fae4" "WordPress/5.8; http://localhost"
127.0.0.1 - - [09/Sep/2021:23:29:52 +0000] "POST /wp-cron.php?doing_wp_cron=1631230192.5876340866088867187500 HTTP/1.1" 200 192 "http://localhost/wp-cron.php?doing_wp_cron=1631230192.5876340866088867187500" "WordPress/5.8; http://localhost"
172.19.0.1 - - [09/Sep/2021:23:29:52 +0000] "POST /wp-admin/admin-ajax.php HTTP/1.1" 200 599 "http://localhost/wp-admin/plugin-install.php?s=mercado%20pago&tab=search&type=term" "Mozilla/5.0 (Windows NT 10.0; Win64; x64) AppleWebKit/537.36 (KHTML, like Gecko) Chrome/93.0.4577.63 Safari/537.36 Edg/93.0.961.38"
127.0.0.1 - - [09/Sep/2021:23:30:52 +0000] "POST /wp-cron.php?doing_wp_cron=1631230252.8718500137329101562500 HTTP/1.1" 200 192 "http://localhost/wp-cron.php?doing_wp_cron=1631230252.8718500137329101562500" "WordPress/5.8; http://localhost"
