127.0.0.1 - - [09/Sep/2021:23:30:52 +0000] "POST /wp-admin/admin-ajax.php?action=mmdimo_load_donations&nonce=474371fae4 HTTP/1.1" 400 430 "http://localhost/wp-admin/admin-ajax.php?action=mmdimo_load_donations&nonce=474371fae4" "WordPress/5.8; http://localhost"
127.0.0.1 - - [09/Sep/2021:23:30:53 +0000] "POST /wp-cron.php?doing_wp_cron=1631230253.1093559265136718750000 HTTP/1.1" 200 192 "http://localhost/wp-cron.php?doing_wp_cron=1631230253.1093559265136718750000" "WordPress/5.8; http://localhost"
172.19.0.1 - - [09/Sep/2021:23:30:52 +0000] "POST /wp-admin/admin-ajax.php HTTP/1.1" 200 599 "http://localhost/wp-admin/plugin-install.php?s=mercado%20pago&tab=search&type=term" "Mozilla/5.0 (Windows NT 10.0; Win64; x64) AppleWebKit/537.36 (KHTML, like Gecko) Chrome/93.0.4577.63 Safari/537.36 Edg/93.0.961.38"
127.0.0.1 - - [09/Sep/2021:23:32:54 +0000] "POST /wp-cron.php?doing_wp_cron=1631230374.0363249778747558593750 HTTP/1.1" 200 192 "http://localhost/wp-cron.php?doing_wp_cron=1631230374.0363249778747558593750" "WordPress/5.8; http://localhost"
127.0.0.1 - - [09/Sep/2021:23:32:53 +0000] "POST /wp-admin/admin-ajax.php?action=mmdimo_load_donations&nonce=474371fae4 HTTP/1.1" 400 430 "http://localhost/wp-admin/admin-ajax.php?action=mmdimo_load_donations&nonce=474371fae4" "WordPress/5.8; http://localhost"
127.0.0.1 - - [09/Sep/2021:23:32:54 +0000] "POST /wp-cron.php?doing_wp_cron=1631230374.2551209926605224609375 HTTP/1.1" 200 192 "http://localhost/wp-cron.php?doing_wp_cron=1631230374.2551209926605224609375" "WordPress/5.8; http://localhost"
172.19.0.1 - - [09/Sep/2021:23:32:53 +0000] "POST /wp-admin/admin-ajax.php HTTP/1.1" 200 599 "http://localhost/wp-admin/plugin-install.php?s=mercado%20pago&tab=search&type=term" "Mozilla/5.0 (Windows NT 10.0; Win64; x64) AppleWebKit/537.36 (KHTML, like Gecko) Chrome/93.0.4577.63 Safari/537.36 Edg/93.0.961.38"
127.0.0.1 - - [09/Sep/2021:23:34:54 +0000] "POST /wp-cron.php?doing_wp_cron=1631230494.9773828983306884765625 HTTP/1.1" 200 192 "http://localhost/wp-cron.php?doing_wp_cron=1631230494.9773828983306884765625" "WordPress/5.8; http://localhost"
127.0.0.1 - - [09/Sep/2021:23:34:54 +0000] "POST /wp-admin/admin-ajax.php?action=mmdimo_load_donations&nonce=474371fae4 HTTP/1.1" 400 430 "http://localhost/wp-admin/admin-ajax.php?action=mmdimo_load_donations&nonce=474371fae4" "WordPress/5.8; http://localhost"
127.0.0.1 - - [09/Sep/2021:23:34:55 +0000] "POST /wp-cron.php?doing_wp_cron=1631230495.1237480640411376953125 HTTP/1.1" 200 192 "http://localhost/wp-cron.php?doing_wp_cron=1631230495.1237480640411376953125" "WordPress/5.8; http://localhost"
172.19.0.1 - - [09/Sep/2021:23:34:54 +0000] "POST /wp-admin/admin-ajax.php HTTP/1.1" 200 599 "http://localhost/wp-admin/plugin-install.php?s=mercado%20pago&tab=search&type=term" "Mozilla/5.0 (Windows NT 10.0; Win64; x64) AppleWebKit/537.36 (KHTML, like Gecko) Chrome/93.0.4577.63 Safari/537.36 Edg/93.0.961.38"
127.0.0.1 - - [09/Sep/2021:23:36:56 +0000] "POST /wp-cron.php?doing_wp_cron=1631230616.0272250175476074218750 HTTP/1.1" 200 192 "http://localhost/wp-cron.php?doing_wp_cron=1631230616.0272250175476074218750" "WordPress/5.8; http://localhost"
127.0.0.1 - - [09/Sep/2021:23:36:55 +0000] "POST /wp-admin/admin-ajax.php?action=mmdimo_load_donations&nonce=474371fae4 HTTP/1.1" 400 430 "http://localhost/wp-admin/admin-ajax.php?action=mmdimo_load_donations&nonce=474371fae4" "WordPress/5.8; http://localhost"
127.0.0.1 - - [09/Sep/2021:23:36:56 +0000] "POST /wp-cron.php?doing_wp_cron=1631230616.2503960132598876953125 HTTP/1.1" 200 192 "http://localhost/wp-cron.php?doing_wp_cron=1631230616.2503960132598876953125" "WordPress/5.8; http://localhost"
172.19.0.1 - - [09/Sep/2021:23:36:55 +0000] "POST /wp-admin/admin-ajax.php HTTP/1.1" 200 599 "http://localhost/wp-admin/plugin-install.php?s=mercado%20pago&tab=search&type=term" "Mozilla/5.0 (Windows NT 10.0; Win64; x64) AppleWebKit/537.36 (KHTML, like Gecko) Chrome/93.0.4577.63 Safari/537.36 Edg/93.0.961.38"
127.0.0.1 - - [09/Sep/2021:23:38:57 +0000] "POST /wp-cron.php?doing_wp_cron=1631230737.0108380317687988281250 HTTP/1.1" 200 192 "http://localhost/wp-cron.php?doing_wp_cron=1631230737.0108380317687988281250" "WordPress/5.8; http://localhost"
127.0.0.1 - - [09/Sep/2021:23:38:56 +0000] "POST /wp-admin/admin-ajax.php?action=mmdimo_load_donations&nonce=474371fae4 HTTP/1.1" 400 430 "http://localhost/wp-admin/admin-ajax.php?action=mmdimo_load_donations&nonce=474371fae4" "WordPress/5.8; http://localhost"
127.0.0.1 - - [09/Sep/2021:23:38:57 +0000] "POST /wp-cron.php?doing_wp_cron=1631230737.1828188896179199218750 HTTP/1.1" 200 192 "http://localhost/wp-cron.php?doing_wp_cron=1631230737.1828188896179199218750" "WordPress/5.8; http://localhost"
172.19.0.1 - - [09/Sep/2021:23:38:56 +0000] "POST /wp-admin/admin-ajax.php HTTP/1.1" 200 599 "http://localhost/wp-admin/plugin-install.php?s=mercado%20pago&tab=search&type=term" "Mozilla/5.0 (Windows NT 10.0; Win64; x64) AppleWebKit/537.36 (KHTML, like Gecko) Chrome/93.0.4577.63 Safari/537.36 Edg/93.0.961.38"
127.0.0.1 - - [09/Sep/2021:23:40:33 +0000] "POST /wp-cron.php?doing_wp_cron=1631230833.5772080421447753906250 HTTP/1.1" 200 192 "http://localhost/wp-cron.php?doing_wp_cron=1631230833.5772080421447753906250" "WordPress/5.8; http://localhost"
127.0.0.1 - - [09/Sep/2021:23:40:33 +0000] "POST /wp-admin/admin-ajax.php?action=mmdimo_load_donations&nonce=474371fae4 HTTP/1.1" 400 430 "http://localhost/wp-admin/admin-ajax.php?action=mmdimo_load_donations&nonce=474371fae4" "WordPress/5.8; http://localhost"
127.0.0.1 - - [09/Sep/2021:23:40:33 +0000] "POST /wp-cron.php?doing_wp_cron=1631230833.7179710865020751953125 HTTP/1.1" 200 192 "http://localhost/wp-cron.php?doing_wp_cron=1631230833.7179710865020751953125" "WordPress/5.8; http://localhost"
172.19.0.1 - - [09/Sep/2021:23:40:33 +0000] "POST /wp-admin/admin-ajax.php HTTP/1.1" 200 599 "http://localhost/wp-admin/plugin-install.php?s=mercado%20pago&tab=search&type=term" "Mozilla/5.0 (Windows NT 10.0; Win64; x64) AppleWebKit/537.36 (KHTML, like Gecko) Chrome/93.0.4577.63 Safari/537.36 Edg/93.0.961.38"
127.0.0.1 - - [09/Sep/2021:23:40:44 +0000] "POST /wp-admin/admin-ajax.php?action=mmdimo_load_donations&nonce=474371fae4 HTTP/1.1" 400 430 "http://localhost/wp-admin/admin-ajax.php?action=mmdimo_load_donations&nonce=474371fae4" "WordPress/5.8; http://localhost"
172.19.0.1 - - [09/Sep/2021:23:40:44 +0000] "GET /wp-admin/options-general.php?page=mmdimo HTTP/1.1" 200 9234 "http://localhost/wp-admin/plugin-install.php?s=mercado%20pago&tab=search&type=term" "Mozilla/5.0 (Windows NT 10.0; Win64; x64) AppleWebKit/537.36 (KHTML, like Gecko) Chrome/93.0.4577.63 Safari/537.36 Edg/93.0.961.38"
172.19.0.1 - - [09/Sep/2021:23:40:44 +0000] "GET /wp-content/plugins/makemydonation-imo/css/mmdimo.options-form.css?ver=1.13.5 HTTP/1.1" 200 562 "http://localhost/wp-admin/options-general.php?page=mmdimo" "Mozilla/5.0 (Windows NT 10.0; Win64; x64) AppleWebKit/537.36 (KHTML, like Gecko) Chrome/93.0.4577.63 Safari/537.36 Edg/93.0.961.38"
172.19.0.1 - - [09/Sep/2021:23:40:44 +0000] "GET /wp-content/plugins/makemydonation-imo/js/mmdimo.options-form.js?ver=1.13.5 HTTP/1.1" 200 1137 "http://localhost/wp-admin/options-general.php?page=mmdimo" "Mozilla/5.0 (Windows NT 10.0; Win64; x64) AppleWebKit/537.36 (KHTML, like Gecko) Chrome/93.0.4577.63 Safari/537.36 Edg/93.0.961.38"
172.19.0.1 - - [09/Sep/2021:23:40:44 +0000] "GET /wp-content/plugins/makemydonation-imo/js/mmdimo.update-check.js?ver=1.13.5 HTTP/1.1" 200 684 "http://localhost/wp-admin/options-general.php?page=mmdimo" "Mozilla/5.0 (Windows NT 10.0; Win64; x64) AppleWebKit/537.36 (KHTML, like Gecko) Chrome/93.0.4577.63 Safari/537.36 Edg/93.0.961.38"
127.0.0.1 - - [09/Sep/2021:23:40:45 +0000] "POST /wp-admin/admin-ajax.php?action=mmdimo_load_donations&nonce=474371fae4 HTTP/1.1" 400 430 "http://localhost/wp-admin/admin-ajax.php?action=mmdimo_load_donations&nonce=474371fae4" "WordPress/5.8; http://localhost"
172.19.0.1 - - [09/Sep/2021:23:40:45 +0000] "GET /wp-admin/admin-ajax.php?action=mmdimo_check_update HTTP/1.1" 200 457 "http://localhost/wp-admin/options-general.php?page=mmdimo" "Mozilla/5.0 (Windows NT 10.0; Win64; x64) AppleWebKit/537.36 (KHTML, like Gecko) Chrome/93.0.4577.63 Safari/537.36 Edg/93.0.961.38"
127.0.0.1 - - [09/Sep/2021:23:41:45 +0000] "POST /wp-cron.php?doing_wp_cron=1631230905.4704060554504394531250 HTTP/1.1" 200 192 "http://localhost/wp-cron.php?doing_wp_cron=1631230905.4704060554504394531250" "WordPress/5.8; http://localhost"
127.0.0.1 - - [09/Sep/2021:23:41:45 +0000] "POST /wp-admin/admin-ajax.php?action=mmdimo_load_donations&nonce=474371fae4 HTTP/1.1" 400 430 "http://localhost/wp-admin/admin-ajax.php?action=mmdimo_load_donations&nonce=474371fae4" "WordPress/5.8; http://localhost"
127.0.0.1 - - [09/Sep/2021:23:41:45 +0000] "POST /wp-cron.php?doing_wp_cron=1631230905.6085588932037353515625 HTTP/1.1" 200 192 "http://localhost/wp-cron.php?doing_wp_cron=1631230905.6085588932037353515625" "WordPress/5.8; http://localhost"
172.19.0.1 - - [09/Sep/2021:23:41:45 +0000] "POST /wp-admin/admin-ajax.php HTTP/1.1" 200 599 "http://localhost/wp-admin/options-general.php?page=mmdimo" "Mozilla/5.0 (Windows NT 10.0; Win64; x64) AppleWebKit/537.36 (KHTML, like Gecko) Chrome/93.0.4577.63 Safari/537.36 Edg/93.0.961.38"
127.0.0.1 - - [09/Sep/2021:23:42:45 +0000] "POST /wp-cron.php?doing_wp_cron=1631230965.4054920673370361328125 HTTP/1.1" 200 192 "http://localhost/wp-cron.php?doing_wp_cron=1631230965.4054920673370361328125" "WordPress/5.8; http://localhost"
127.0.0.1 - - [09/Sep/2021:23:42:45 +0000] "POST /wp-admin/admin-ajax.php?action=mmdimo_load_donations&nonce=474371fae4 HTTP/1.1" 400 430 "http://localhost/wp-admin/admin-ajax.php?action=mmdimo_load_donations&nonce=474371fae4" "WordPress/5.8; http://localhost"
172.19.0.1 - - [09/Sep/2021:23:42:45 +0000] "POST /wp-admin/admin-ajax.php HTTP/1.1" 200 599 "http://localhost/wp-admin/options-general.php?page=mmdimo" "Mozilla/5.0 (Windows NT 10.0; Win64; x64) AppleWebKit/537.36 (KHTML, like Gecko) Chrome/93.0.4577.63 Safari/537.36 Edg/93.0.961.38"
127.0.0.1 - - [09/Sep/2021:23:43:45 +0000] "POST /wp-cron.php?doing_wp_cron=1631231025.4249711036682128906250 HTTP/1.1" 200 192 "http://localhost/wp-cron.php?doing_wp_cron=1631231025.4249711036682128906250" "WordPress/5.8; http://localhost"
127.0.0.1 - - [09/Sep/2021:23:43:45 +0000] "POST /wp-admin/admin-ajax.php?action=mmdimo_load_donations&nonce=474371fae4 HTTP/1.1" 400 430 "http://localhost/wp-admin/admin-ajax.php?action=mmdimo_load_donations&nonce=474371fae4" "WordPress/5.8; http://localhost"
127.0.0.1 - - [09/Sep/2021:23:43:45 +0000] "POST /wp-cron.php?doing_wp_cron=1631231025.5925168991088867187500 HTTP/1.1" 200 192 "http://localhost/wp-cron.php?doing_wp_cron=1631231025.5925168991088867187500" "WordPress/5.8; http://localhost"
172.19.0.1 - - [09/Sep/2021:23:43:45 +0000] "POST /wp-admin/admin-ajax.php HTTP/1.1" 200 599 "http://localhost/wp-admin/options-general.php?page=mmdimo" "Mozilla/5.0 (Windows NT 10.0; Win64; x64) AppleWebKit/537.36 (KHTML, like Gecko) Chrome/93.0.4577.63 Safari/537.36 Edg/93.0.961.38"
127.0.0.1 - - [09/Sep/2021:23:45:46 +0000] "POST /wp-cron.php?doing_wp_cron=1631231146.0367009639739990234375 HTTP/1.1" 200 192 "http://localhost/wp-cron.php?doing_wp_cron=1631231146.0367009639739990234375" "WordPress/5.8; http://localhost"
127.0.0.1 - - [09/Sep/2021:23:45:45 +0000] "POST /wp-admin/admin-ajax.php?action=mmdimo_load_donations&nonce=474371fae4 HTTP/1.1" 400 430 "http://localhost/wp-admin/admin-ajax.php?action=mmdimo_load_donations&nonce=474371fae4" "WordPress/5.8; http://localhost"
127.0.0.1 - - [09/Sep/2021:23:45:46 +0000] "POST /wp-cron.php?doing_wp_cron=1631231146.2276489734649658203125 HTTP/1.1" 200 192 "http://localhost/wp-cron.php?doing_wp_cron=1631231146.2276489734649658203125" "WordPress/5.8; http://localhost"
172.19.0.1 - - [09/Sep/2021:23:45:45 +0000] "POST /wp-admin/admin-ajax.php HTTP/1.1" 200 599 "http://localhost/wp-admin/options-general.php?page=mmdimo" "Mozilla/5.0 (Windows NT 10.0; Win64; x64) AppleWebKit/537.36 (KHTML, like Gecko) Chrome/93.0.4577.63 Safari/537.36 Edg/93.0.961.38"
127.0.0.1 - - [09/Sep/2021:23:47:46 +0000] "POST /wp-cron.php?doing_wp_cron=1631231266.8736391067504882812500 HTTP/1.1" 200 192 "http://localhost/wp-cron.php?doing_wp_cron=1631231266.8736391067504882812500" "WordPress/5.8; http://localhost"
127.0.0.1 - - [09/Sep/2021:23:47:46 +0000] "POST /wp-admin/admin-ajax.php?action=mmdimo_load_donations&nonce=474371fae4 HTTP/1.1" 400 430 "http://localhost/wp-admin/admin-ajax.php?action=mmdimo_load_donations&nonce=474371fae4" "WordPress/5.8; http://localhost"
127.0.0.1 - - [09/Sep/2021:23:47:47 +0000] "POST /wp-cron.php?doing_wp_cron=1631231267.0437378883361816406250 HTTP/1.1" 200 192 "http://localhost/wp-cron.php?doing_wp_cron=1631231267.0437378883361816406250" "WordPress/5.8; http://localhost"
172.19.0.1 - - [09/Sep/2021:23:47:46 +0000] "POST /wp-admin/admin-ajax.php HTTP/1.1" 200 599 "http://localhost/wp-admin/options-general.php?page=mmdimo" "Mozilla/5.0 (Windows NT 10.0; Win64; x64) AppleWebKit/537.36 (KHTML, like Gecko) Chrome/93.0.4577.63 Safari/537.36 Edg/93.0.961.38"
127.0.0.1 - - [09/Sep/2021:23:49:48 +0000] "POST /wp-cron.php?doing_wp_cron=1631231388.0628950595855712890625 HTTP/1.1" 200 192 "http://localhost/wp-cron.php?doing_wp_cron=1631231388.0628950595855712890625" "WordPress/5.8; http://localhost"
127.0.0.1 - - [09/Sep/2021:23:49:47 +0000] "POST /wp-admin/admin-ajax.php?action=mmdimo_load_donations&nonce=474371fae4 HTTP/1.1" 400 430 "http://localhost/wp-admin/admin-ajax.php?action=mmdimo_load_donations&nonce=474371fae4" "WordPress/5.8; http://localhost"
127.0.0.1 - - [09/Sep/2021:23:49:48 +0000] "POST /wp-cron.php?doing_wp_cron=1631231388.2497360706329345703125 HTTP/1.1" 200 192 "http://localhost/wp-cron.php?doing_wp_cron=1631231388.2497360706329345703125" "WordPress/5.8; http://localhost"
172.19.0.1 - - [09/Sep/2021:23:49:47 +0000] "POST /wp-admin/admin-ajax.php HTTP/1.1" 200 599 "http://localhost/wp-admin/options-general.php?page=mmdimo" "Mozilla/5.0 (Windows NT 10.0; Win64; x64) AppleWebKit/537.36 (KHTML, like Gecko) Chrome/93.0.4577.63 Safari/537.36 Edg/93.0.961.38"
127.0.0.1 - - [09/Sep/2021:23:51:25 +0000] "POST /wp-cron.php?doing_wp_cron=1631231485.4754750728607177734375 HTTP/1.1" 200 192 "http://localhost/wp-cron.php?doing_wp_cron=1631231485.4754750728607177734375" "WordPress/5.8; http://localhost"
127.0.0.1 - - [09/Sep/2021:23:51:25 +0000] "POST /wp-admin/admin-ajax.php?action=mmdimo_load_donations&nonce=474371fae4 HTTP/1.1" 400 430 "http://localhost/wp-admin/admin-ajax.php?action=mmdimo_load_donations&nonce=474371fae4" "WordPress/5.8; http://localhost"
127.0.0.1 - - [09/Sep/2021:23:51:25 +0000] "POST /wp-cron.php?doing_wp_cron=1631231485.5625989437103271484375 HTTP/1.1" 200 192 "http://localhost/wp-cron.php?doing_wp_cron=1631231485.5625989437103271484375" "WordPress/5.8; http://localhost"
172.19.0.1 - - [09/Sep/2021:23:51:25 +0000] "POST /wp-admin/admin-ajax.php HTTP/1.1" 200 599 "http://localhost/wp-admin/options-general.php?page=mmdimo" "Mozilla/5.0 (Windows NT 10.0; Win64; x64) AppleWebKit/537.36 (KHTML, like Gecko) Chrome/93.0.4577.63 Safari/537.36 Edg/93.0.961.38"
127.0.0.1 - - [09/Sep/2021:23:51:34 +0000] "POST /wp-admin/admin-ajax.php?action=mmdimo_load_donations&nonce=474371fae4 HTTP/1.1" 400 430 "http://localhost/wp-admin/admin-ajax.php?action=mmdimo_load_donations&nonce=474371fae4" "WordPress/5.8; http://localhost"
172.19.0.1 - - [09/Sep/2021:23:51:34 +0000] "GET /wp-admin/edit.php?post_type=page HTTP/1.1" 200 12845 "http://localhost/wp-admin/options-general.php?page=mmdimo" "Mozilla/5.0 (Windows NT 10.0; Win64; x64) AppleWebKit/537.36 (KHTML, like Gecko) Chrome/93.0.4577.63 Safari/537.36 Edg/93.0.961.38"
127.0.0.1 - - [09/Sep/2021:23:51:34 +0000] "POST /wp-admin/admin-ajax.php?action=mmdimo_load_donations&nonce=474371fae4 HTTP/1.1" 400 430 "http://localhost/wp-admin/admin-ajax.php?action=mmdimo_load_donations&nonce=474371fae4" "WordPress/5.8; http://localhost"
172.19.0.1 - - [09/Sep/2021:23:51:34 +0000] "POST /wp-admin/admin-ajax.php HTTP/1.1" 200 598 "http://localhost/wp-admin/edit.php?post_type=page" "Mozilla/5.0 (Windows NT 10.0; Win64; x64) AppleWebKit/537.36 (KHTML, like Gecko) Chrome/93.0.4577.63 Safari/537.36 Edg/93.0.961.38"
127.0.0.1 - - [09/Sep/2021:23:51:50 +0000] "POST /wp-admin/admin-ajax.php?action=mmdimo_load_donations&nonce=474371fae4 HTTP/1.1" 400 430 "http://localhost/wp-admin/admin-ajax.php?action=mmdimo_load_donations&nonce=474371fae4" "WordPress/5.8; http://localhost"
172.19.0.1 - - [09/Sep/2021:23:51:50 +0000] "POST /wp-admin/admin-ajax.php HTTP/1.1" 200 599 "http://localhost/wp-admin/edit.php?post_type=page" "Mozilla/5.0 (Windows NT 10.0; Win64; x64) AppleWebKit/537.36 (KHTML, like Gecko) Chrome/93.0.4577.63 Safari/537.36 Edg/93.0.961.38"
127.0.0.1 - - [09/Sep/2021:23:53:51 +0000] "POST /wp-cron.php?doing_wp_cron=1631231631.9852991104125976562500 HTTP/1.1" 200 192 "http://localhost/wp-cron.php?doing_wp_cron=1631231631.9852991104125976562500" "WordPress/5.8; http://localhost"
127.0.0.1 - - [09/Sep/2021:23:53:51 +0000] "POST /wp-admin/admin-ajax.php?action=mmdimo_load_donations&nonce=474371fae4 HTTP/1.1" 400 430 "http://localhost/wp-admin/admin-ajax.php?action=mmdimo_load_donations&nonce=474371fae4" "WordPress/5.8; http://localhost"
127.0.0.1 - - [09/Sep/2021:23:53:52 +0000] "POST /wp-cron.php?doing_wp_cron=1631231632.1284511089324951171875 HTTP/1.1" 200 192 "http://localhost/wp-cron.php?doing_wp_cron=1631231632.1284511089324951171875" "WordPress/5.8; http://localhost"
172.19.0.1 - - [09/Sep/2021:23:53:51 +0000] "POST /wp-admin/admin-ajax.php HTTP/1.1" 200 599 "http://localhost/wp-admin/edit.php?post_type=page" "Mozilla/5.0 (Windows NT 10.0; Win64; x64) AppleWebKit/537.36 (KHTML, like Gecko) Chrome/93.0.4577.63 Safari/537.36 Edg/93.0.961.38"
127.0.0.1 - - [09/Sep/2021:23:55:52 +0000] "POST /wp-cron.php?doing_wp_cron=1631231752.9157810211181640625000 HTTP/1.1" 200 192 "http://localhost/wp-cron.php?doing_wp_cron=1631231752.9157810211181640625000" "WordPress/5.8; http://localhost"
127.0.0.1 - - [09/Sep/2021:23:55:52 +0000] "POST /wp-admin/admin-ajax.php?action=mmdimo_load_donations&nonce=474371fae4 HTTP/1.1" 400 430 "http://localhost/wp-admin/admin-ajax.php?action=mmdimo_load_donations&nonce=474371fae4" "WordPress/5.8; http://localhost"
127.0.0.1 - - [09/Sep/2021:23:55:53 +0000] "POST /wp-cron.php?doing_wp_cron=1631231753.0486440658569335937500 HTTP/1.1" 200 192 "http://localhost/wp-cron.php?doing_wp_cron=1631231753.0486440658569335937500" "WordPress/5.8; http://localhost"
172.19.0.1 - - [09/Sep/2021:23:55:52 +0000] "POST /wp-admin/admin-ajax.php HTTP/1.1" 200 599 "http://localhost/wp-admin/edit.php?post_type=page" "Mozilla/5.0 (Windows NT 10.0; Win64; x64) AppleWebKit/537.36 (KHTML, like Gecko) Chrome/93.0.4577.63 Safari/537.36 Edg/93.0.961.38"
127.0.0.1 - - [09/Sep/2021:23:57:53 +0000] "POST /wp-cron.php?doing_wp_cron=1631231873.9563860893249511718750 HTTP/1.1" 200 192 "http://localhost/wp-cron.php?doing_wp_cron=1631231873.9563860893249511718750" "WordPress/5.8; http://localhost"
127.0.0.1 - - [09/Sep/2021:23:57:53 +0000] "POST /wp-admin/admin-ajax.php?action=mmdimo_load_donations&nonce=474371fae4 HTTP/1.1" 400 430 "http://localhost/wp-admin/admin-ajax.php?action=mmdimo_load_donations&nonce=474371fae4" "WordPress/5.8; http://localhost"
127.0.0.1 - - [09/Sep/2021:23:57:54 +0000] "POST /wp-cron.php?doing_wp_cron=1631231874.0987908840179443359375 HTTP/1.1" 200 192 "http://localhost/wp-cron.php?doing_wp_cron=1631231874.0987908840179443359375" "WordPress/5.8; http://localhost"
172.19.0.1 - - [09/Sep/2021:23:57:53 +0000] "POST /wp-admin/admin-ajax.php HTTP/1.1" 200 599 "http://localhost/wp-admin/edit.php?post_type=page" "Mozilla/5.0 (Windows NT 10.0; Win64; x64) AppleWebKit/537.36 (KHTML, like Gecko) Chrome/93.0.4577.63 Safari/537.36 Edg/93.0.961.38"
127.0.0.1 - - [09/Sep/2021:23:58:43 +0000] "POST /wp-admin/admin-ajax.php?action=mmdimo_load_donations&nonce=474371fae4 HTTP/1.1" 400 430 "http://localhost/wp-admin/admin-ajax.php?action=mmdimo_load_donations&nonce=474371fae4" "WordPress/5.8; http://localhost"
172.19.0.1 - - [09/Sep/2021:23:58:43 +0000] "POST /wp-admin/admin-ajax.php HTTP/1.1" 200 599 "http://localhost/wp-admin/edit.php?post_type=page" "Mozilla/5.0 (Windows NT 10.0; Win64; x64) AppleWebKit/537.36 (KHTML, like Gecko) Chrome/93.0.4577.63 Safari/537.36 Edg/93.0.961.38"
127.0.0.1 - - [09/Sep/2021:23:58:58 +0000] "POST /wp-cron.php?doing_wp_cron=1631231938.3374640941619873046875 HTTP/1.1" 200 192 "http://localhost/wp-cron.php?doing_wp_cron=1631231938.3374640941619873046875" "WordPress/5.8; http://localhost"
127.0.0.1 - - [09/Sep/2021:23:58:58 +0000] "POST /wp-admin/admin-ajax.php?action=mmdimo_load_donations&nonce=474371fae4 HTTP/1.1" 400 430 "http://localhost/wp-admin/admin-ajax.php?action=mmdimo_load_donations&nonce=474371fae4" "WordPress/5.8; http://localhost"
127.0.0.1 - - [09/Sep/2021:23:58:58 +0000] "POST /wp-cron.php?doing_wp_cron=1631231938.5389389991760253906250 HTTP/1.1" 200 192 "http://localhost/wp-cron.php?doing_wp_cron=1631231938.5389389991760253906250" "WordPress/5.8; http://localhost"
172.19.0.1 - - [09/Sep/2021:23:58:58 +0000] "POST /wp-admin/admin-ajax.php HTTP/1.1" 200 599 "http://localhost/wp-admin/edit.php?post_type=page" "Mozilla/5.0 (Windows NT 10.0; Win64; x64) AppleWebKit/537.36 (KHTML, like Gecko) Chrome/93.0.4577.63 Safari/537.36 Edg/93.0.961.38"
127.0.0.1 - - [09/Sep/2021:23:59:12 +0000] "POST /wp-admin/admin-ajax.php?action=mmdimo_load_donations&nonce=474371fae4 HTTP/1.1" 400 430 "http://localhost/wp-admin/admin-ajax.php?action=mmdimo_load_donations&nonce=474371fae4" "WordPress/5.8; http://localhost"
172.19.0.1 - - [09/Sep/2021:23:59:11 +0000] "GET /wp-admin/options-general.php?page=wp-rest-api-log-settings HTTP/1.1" 200 8718 "http://localhost/wp-admin/edit.php?post_type=page" "Mozilla/5.0 (Windows NT 10.0; Win64; x64) AppleWebKit/537.36 (KHTML, like Gecko) Chrome/93.0.4577.63 Safari/537.36 Edg/93.0.961.38"
127.0.0.1 - - [09/Sep/2021:23:59:12 +0000] "POST /wp-admin/admin-ajax.php?action=mmdimo_load_donations&nonce=474371fae4 HTTP/1.1" 400 430 "http://localhost/wp-admin/admin-ajax.php?action=mmdimo_load_donations&nonce=474371fae4" "WordPress/5.8; http://localhost"
127.0.0.1 - - [09/Sep/2021:23:59:12 +0000] "POST /wp-admin/admin-ajax.php?action=mmdimo_load_donations&nonce=474371fae4 HTTP/1.1" 400 430 "http://localhost/wp-admin/admin-ajax.php?action=mmdimo_load_donations&nonce=474371fae4" "WordPress/5.8; http://localhost"
172.19.0.1 - - [09/Sep/2021:23:59:12 +0000] "GET /wp-content/plugins/wp-rest-api-log-1.6.7/admin/js/wp-rest-api-log-admin.min.js?ver=1.6.6 HTTP/1.1" 404 18578 "http://localhost/wp-admin/options-general.php?page=wp-rest-api-log-settings" "Mozilla/5.0 (Windows NT 10.0; Win64; x64) AppleWebKit/537.36 (KHTML, like Gecko) Chrome/93.0.4577.63 Safari/537.36 Edg/93.0.961.38"
172.19.0.1 - - [09/Sep/2021:23:59:12 +0000] "GET /wp-content/plugins/wp-rest-api-log-1.6.7/admin/css/wp-rest-api-log-admin.min.css?ver=1.6.6 HTTP/1.1" 404 18579 "http://localhost/wp-admin/options-general.php?page=wp-rest-api-log-settings" "Mozilla/5.0 (Windows NT 10.0; Win64; x64) AppleWebKit/537.36 (KHTML, like Gecko) Chrome/93.0.4577.63 Safari/537.36 Edg/93.0.961.38"
127.0.0.1 - - [09/Sep/2021:23:59:29 +0000] "POST /wp-admin/admin-ajax.php?action=mmdimo_load_donations&nonce=474371fae4 HTTP/1.1" 400 430 "http://localhost/wp-admin/admin-ajax.php?action=mmdimo_load_donations&nonce=474371fae4" "WordPress/5.8; http://localhost"
172.19.0.1 - - [09/Sep/2021:23:59:28 +0000] "GET /wp-admin/options-general.php?page=wp-rest-api-log-settings&tab=wp-rest-api-log-settings-routes HTTP/1.1" 200 8727 "http://localhost/wp-admin/options-general.php?page=wp-rest-api-log-settings" "Mozilla/5.0 (Windows NT 10.0; Win64; x64) AppleWebKit/537.36 (KHTML, like Gecko) Chrome/93.0.4577.63 Safari/537.36 Edg/93.0.961.38"
127.0.0.1 - - [09/Sep/2021:23:59:29 +0000] "POST /wp-admin/admin-ajax.php?action=mmdimo_load_donations&nonce=474371fae4 HTTP/1.1" 400 430 "http://localhost/wp-admin/admin-ajax.php?action=mmdimo_load_donations&nonce=474371fae4" "WordPress/5.8; http://localhost"
127.0.0.1 - - [09/Sep/2021:23:59:29 +0000] "POST /wp-admin/admin-ajax.php?action=mmdimo_load_donations&nonce=474371fae4 HTTP/1.1" 400 430 "http://localhost/wp-admin/admin-ajax.php?action=mmdimo_load_donations&nonce=474371fae4" "WordPress/5.8; http://localhost"
172.19.0.1 - - [09/Sep/2021:23:59:29 +0000] "GET /wp-content/plugins/wp-rest-api-log-1.6.7/admin/js/wp-rest-api-log-admin.min.js?ver=1.6.6 HTTP/1.1" 404 18578 "http://localhost/wp-admin/options-general.php?page=wp-rest-api-log-settings&tab=wp-rest-api-log-settings-routes" "Mozilla/5.0 (Windows NT 10.0; Win64; x64) AppleWebKit/537.36 (KHTML, like Gecko) Chrome/93.0.4577.63 Safari/537.36 Edg/93.0.961.38"
172.19.0.1 - - [09/Sep/2021:23:59:29 +0000] "GET /wp-content/plugins/wp-rest-api-log-1.6.7/admin/css/wp-rest-api-log-admin.min.css?ver=1.6.6 HTTP/1.1" 404 18579 "http://localhost/wp-admin/options-general.php?page=wp-rest-api-log-settings&tab=wp-rest-api-log-settings-routes" "Mozilla/5.0 (Windows NT 10.0; Win64; x64) AppleWebKit/537.36 (KHTML, like Gecko) Chrome/93.0.4577.63 Safari/537.36 Edg/93.0.961.38"
127.0.0.1 - - [09/Sep/2021:23:59:35 +0000] "POST /wp-admin/admin-ajax.php?action=mmdimo_load_donations&nonce=474371fae4 HTTP/1.1" 400 430 "http://localhost/wp-admin/admin-ajax.php?action=mmdimo_load_donations&nonce=474371fae4" "WordPress/5.8; http://localhost"
172.19.0.1 - - [09/Sep/2021:23:59:34 +0000] "GET /wp-admin/options-general.php?page=wp-rest-api-log-settings&tab=wp-rest-api-log-settings-elasticpress HTTP/1.1" 200 8376 "http://localhost/wp-admin/options-general.php?page=wp-rest-api-log-settings&tab=wp-rest-api-log-settings-routes" "Mozilla/5.0 (Windows NT 10.0; Win64; x64) AppleWebKit/537.36 (KHTML, like Gecko) Chrome/93.0.4577.63 Safari/537.36 Edg/93.0.961.38"
127.0.0.1 - - [09/Sep/2021:23:59:35 +0000] "POST /wp-admin/admin-ajax.php?action=mmdimo_load_donations&nonce=474371fae4 HTTP/1.1" 400 430 "http://localhost/wp-admin/admin-ajax.php?action=mmdimo_load_donations&nonce=474371fae4" "WordPress/5.8; http://localhost"
127.0.0.1 - - [09/Sep/2021:23:59:35 +0000] "POST /wp-admin/admin-ajax.php?action=mmdimo_load_donations&nonce=474371fae4 HTTP/1.1" 400 430 "http://localhost/wp-admin/admin-ajax.php?action=mmdimo_load_donations&nonce=474371fae4" "WordPress/5.8; http://localhost"
172.19.0.1 - - [09/Sep/2021:23:59:35 +0000] "GET /wp-content/plugins/wp-rest-api-log-1.6.7/admin/js/wp-rest-api-log-admin.min.js?ver=1.6.6 HTTP/1.1" 404 18578 "http://localhost/wp-admin/options-general.php?page=wp-rest-api-log-settings&tab=wp-rest-api-log-settings-elasticpress" "Mozilla/5.0 (Windows NT 10.0; Win64; x64) AppleWebKit/537.36 (KHTML, like Gecko) Chrome/93.0.4577.63 Safari/537.36 Edg/93.0.961.38"
172.19.0.1 - - [09/Sep/2021:23:59:35 +0000] "GET /wp-content/plugins/wp-rest-api-log-1.6.7/admin/css/wp-rest-api-log-admin.min.css?ver=1.6.6 HTTP/1.1" 404 18579 "http://localhost/wp-admin/options-general.php?page=wp-rest-api-log-settings&tab=wp-rest-api-log-settings-elasticpress" "Mozilla/5.0 (Windows NT 10.0; Win64; x64) AppleWebKit/537.36 (KHTML, like Gecko) Chrome/93.0.4577.63 Safari/537.36 Edg/93.0.961.38"
127.0.0.1 - - [09/Sep/2021:23:59:35 +0000] "POST /wp-admin/admin-ajax.php?action=mmdimo_load_donations&nonce=474371fae4 HTTP/1.1" 400 430 "http://localhost/wp-admin/admin-ajax.php?action=mmdimo_load_donations&nonce=474371fae4" "WordPress/5.8; http://localhost"
172.19.0.1 - - [09/Sep/2021:23:59:35 +0000] "GET /wp-content/plugins/wp-rest-api-log-1.6.7/admin/js/wp-rest-api-log-admin.min.js?ver=1.6.6 HTTP/1.1" 404 18578 "http://localhost/wp-admin/options-general.php?page=wp-rest-api-log-settings&tab=wp-rest-api-log-settings-elasticpress" "Mozilla/5.0 (Windows NT 10.0; Win64; x64) AppleWebKit/537.36 (KHTML, like Gecko) Chrome/93.0.4577.63 Safari/537.36 Edg/93.0.961.38"
127.0.0.1 - - [09/Sep/2021:23:59:38 +0000] "POST /wp-admin/admin-ajax.php?action=mmdimo_load_donations&nonce=474371fae4 HTTP/1.1" 400 430 "http://localhost/wp-admin/admin-ajax.php?action=mmdimo_load_donations&nonce=474371fae4" "WordPress/5.8; http://localhost"
172.19.0.1 - - [09/Sep/2021:23:59:38 +0000] "GET /wp-admin/options-general.php?page=wp-rest-api-log-settings&tab=wp-rest-api-log-settings-help HTTP/1.1" 200 8309 "http://localhost/wp-admin/options-general.php?page=wp-rest-api-log-settings&tab=wp-rest-api-log-settings-elasticpress" "Mozilla/5.0 (Windows NT 10.0; Win64; x64) AppleWebKit/537.36 (KHTML, like Gecko) Chrome/93.0.4577.63 Safari/537.36 Edg/93.0.961.38"
127.0.0.1 - - [09/Sep/2021:23:59:38 +0000] "POST /wp-admin/admin-ajax.php?action=mmdimo_load_donations&nonce=474371fae4 HTTP/1.1" 400 430 "http://localhost/wp-admin/admin-ajax.php?action=mmdimo_load_donations&nonce=474371fae4" "WordPress/5.8; http://localhost"
127.0.0.1 - - [09/Sep/2021:23:59:38 +0000] "POST /wp-admin/admin-ajax.php?action=mmdimo_load_donations&nonce=474371fae4 HTTP/1.1" 400 430 "http://localhost/wp-admin/admin-ajax.php?action=mmdimo_load_donations&nonce=474371fae4" "WordPress/5.8; http://localhost"
172.19.0.1 - - [09/Sep/2021:23:59:38 +0000] "GET /wp-content/plugins/wp-rest-api-log-1.6.7/admin/js/wp-rest-api-log-admin.min.js?ver=1.6.6 HTTP/1.1" 404 18578 "http://localhost/wp-admin/options-general.php?page=wp-rest-api-log-settings&tab=wp-rest-api-log-settings-help" "Mozilla/5.0 (Windows NT 10.0; Win64; x64) AppleWebKit/537.36 (KHTML, like Gecko) Chrome/93.0.4577.63 Safari/537.36 Edg/93.0.961.38"
172.19.0.1 - - [09/Sep/2021:23:59:38 +0000] "GET /wp-content/plugins/wp-rest-api-log-1.6.7/admin/css/wp-rest-api-log-admin.min.css?ver=1.6.6 HTTP/1.1" 404 18579 "http://localhost/wp-admin/options-general.php?page=wp-rest-api-log-settings&tab=wp-rest-api-log-settings-help" "Mozilla/5.0 (Windows NT 10.0; Win64; x64) AppleWebKit/537.36 (KHTML, like Gecko) Chrome/93.0.4577.63 Safari/537.36 Edg/93.0.961.38"
127.0.0.1 - - [09/Sep/2021:23:59:38 +0000] "POST /wp-admin/admin-ajax.php?action=mmdimo_load_donations&nonce=474371fae4 HTTP/1.1" 400 430 "http://localhost/wp-admin/admin-ajax.php?action=mmdimo_load_donations&nonce=474371fae4" "WordPress/5.8; http://localhost"
172.19.0.1 - - [09/Sep/2021:23:59:38 +0000] "GET /wp-content/plugins/wp-rest-api-log-1.6.7/admin/js/wp-rest-api-log-admin.min.js?ver=1.6.6 HTTP/1.1" 404 18578 "http://localhost/wp-admin/options-general.php?page=wp-rest-api-log-settings&tab=wp-rest-api-log-settings-help" "Mozilla/5.0 (Windows NT 10.0; Win64; x64) AppleWebKit/537.36 (KHTML, like Gecko) Chrome/93.0.4577.63 Safari/537.36 Edg/93.0.961.38"
127.0.0.1 - - [09/Sep/2021:23:59:40 +0000] "POST /wp-admin/admin-ajax.php?action=mmdimo_load_donations&nonce=474371fae4 HTTP/1.1" 400 430 "http://localhost/wp-admin/admin-ajax.php?action=mmdimo_load_donations&nonce=474371fae4" "WordPress/5.8; http://localhost"
172.19.0.1 - - [09/Sep/2021:23:59:39 +0000] "GET /wp-admin/options-general.php?page=wp-rest-api-log-settings&tab=wp-rest-api-log-settings-routes HTTP/1.1" 200 8722 "http://localhost/wp-admin/options-general.php?page=wp-rest-api-log-settings&tab=wp-rest-api-log-settings-help" "Mozilla/5.0 (Windows NT 10.0; Win64; x64) AppleWebKit/537.36 (KHTML, like Gecko) Chrome/93.0.4577.63 Safari/537.36 Edg/93.0.961.38"
127.0.0.1 - - [09/Sep/2021:23:59:40 +0000] "POST /wp-admin/admin-ajax.php?action=mmdimo_load_donations&nonce=474371fae4 HTTP/1.1" 400 430 "http://localhost/wp-admin/admin-ajax.php?action=mmdimo_load_donations&nonce=474371fae4" "WordPress/5.8; http://localhost"
127.0.0.1 - - [09/Sep/2021:23:59:40 +0000] "POST /wp-admin/admin-ajax.php?action=mmdimo_load_donations&nonce=474371fae4 HTTP/1.1" 400 430 "http://localhost/wp-admin/admin-ajax.php?action=mmdimo_load_donations&nonce=474371fae4" "WordPress/5.8; http://localhost"
172.19.0.1 - - [09/Sep/2021:23:59:40 +0000] "GET /wp-content/plugins/wp-rest-api-log-1.6.7/admin/js/wp-rest-api-log-admin.min.js?ver=1.6.6 HTTP/1.1" 404 18578 "http://localhost/wp-admin/options-general.php?page=wp-rest-api-log-settings&tab=wp-rest-api-log-settings-routes" "Mozilla/5.0 (Windows NT 10.0; Win64; x64) AppleWebKit/537.36 (KHTML, like Gecko) Chrome/93.0.4577.63 Safari/537.36 Edg/93.0.961.38"
172.19.0.1 - - [09/Sep/2021:23:59:40 +0000] "GET /wp-content/plugins/wp-rest-api-log-1.6.7/admin/css/wp-rest-api-log-admin.min.css?ver=1.6.6 HTTP/1.1" 404 18579 "http://localhost/wp-admin/options-general.php?page=wp-rest-api-log-settings&tab=wp-rest-api-log-settings-routes" "Mozilla/5.0 (Windows NT 10.0; Win64; x64) AppleWebKit/537.36 (KHTML, like Gecko) Chrome/93.0.4577.63 Safari/537.36 Edg/93.0.961.38"
127.0.0.1 - - [09/Sep/2021:23:59:40 +0000] "POST /wp-admin/admin-ajax.php?action=mmdimo_load_donations&nonce=474371fae4 HTTP/1.1" 400 430 "http://localhost/wp-admin/admin-ajax.php?action=mmdimo_load_donations&nonce=474371fae4" "WordPress/5.8; http://localhost"
172.19.0.1 - - [09/Sep/2021:23:59:40 +0000] "GET /wp-content/plugins/wp-rest-api-log-1.6.7/admin/js/wp-rest-api-log-admin.min.js?ver=1.6.6 HTTP/1.1" 404 18578 "http://localhost/wp-admin/options-general.php?page=wp-rest-api-log-settings&tab=wp-rest-api-log-settings-routes" "Mozilla/5.0 (Windows NT 10.0; Win64; x64) AppleWebKit/537.36 (KHTML, like Gecko) Chrome/93.0.4577.63 Safari/537.36 Edg/93.0.961.38"
127.0.0.1 - - [09/Sep/2021:23:59:52 +0000] "POST /wp-admin/admin-ajax.php?action=mmdimo_load_donations&nonce=474371fae4 HTTP/1.1" 400 430 "http://localhost/wp-admin/admin-ajax.php?action=mmdimo_load_donations&nonce=474371fae4" "WordPress/5.8; http://localhost"
172.19.0.1 - - [09/Sep/2021:23:59:52 +0000] "GET /wp-admin/options-general.php?page=wp-rest-api-log-settings&tab=wp-rest-api-log-settings-general HTTP/1.1" 200 8730 "http://localhost/wp-admin/options-general.php?page=wp-rest-api-log-settings&tab=wp-rest-api-log-settings-routes" "Mozilla/5.0 (Windows NT 10.0; Win64; x64) AppleWebKit/537.36 (KHTML, like Gecko) Chrome/93.0.4577.63 Safari/537.36 Edg/93.0.961.38"
127.0.0.1 - - [09/Sep/2021:23:59:53 +0000] "POST /wp-admin/admin-ajax.php?action=mmdimo_load_donations&nonce=474371fae4 HTTP/1.1" 400 430 "http://localhost/wp-admin/admin-ajax.php?action=mmdimo_load_donations&nonce=474371fae4" "WordPress/5.8; http://localhost"
127.0.0.1 - - [09/Sep/2021:23:59:53 +0000] "POST /wp-admin/admin-ajax.php?action=mmdimo_load_donations&nonce=474371fae4 HTTP/1.1" 400 430 "http://localhost/wp-admin/admin-ajax.php?action=mmdimo_load_donations&nonce=474371fae4" "WordPress/5.8; http://localhost"
172.19.0.1 - - [09/Sep/2021:23:59:53 +0000] "GET /wp-content/plugins/wp-rest-api-log-1.6.7/admin/js/wp-rest-api-log-admin.min.js?ver=1.6.6 HTTP/1.1" 404 18578 "http://localhost/wp-admin/options-general.php?page=wp-rest-api-log-settings&tab=wp-rest-api-log-settings-general" "Mozilla/5.0 (Windows NT 10.0; Win64; x64) AppleWebKit/537.36 (KHTML, like Gecko) Chrome/93.0.4577.63 Safari/537.36 Edg/93.0.961.38"
172.19.0.1 - - [09/Sep/2021:23:59:53 +0000] "GET /wp-content/plugins/wp-rest-api-log-1.6.7/admin/css/wp-rest-api-log-admin.min.css?ver=1.6.6 HTTP/1.1" 404 18579 "http://localhost/wp-admin/options-general.php?page=wp-rest-api-log-settings&tab=wp-rest-api-log-settings-general" "Mozilla/5.0 (Windows NT 10.0; Win64; x64) AppleWebKit/537.36 (KHTML, like Gecko) Chrome/93.0.4577.63 Safari/537.36 Edg/93.0.961.38"
127.0.0.1 - - [10/Sep/2021:00:00:01 +0000] "POST /wp-cron.php?doing_wp_cron=1631232001.1145889759063720703125 HTTP/1.1" 200 192 "http://localhost/wp-cron.php?doing_wp_cron=1631232001.1145889759063720703125" "WordPress/5.8; http://localhost"
127.0.0.1 - - [10/Sep/2021:00:00:01 +0000] "POST /wp-admin/admin-ajax.php?action=mmdimo_load_donations&nonce=cb2b426b60 HTTP/1.1" 400 430 "http://localhost/wp-admin/admin-ajax.php?action=mmdimo_load_donations&nonce=cb2b426b60" "WordPress/5.8; http://localhost"
127.0.0.1 - - [10/Sep/2021:00:00:01 +0000] "POST /wp-cron.php?doing_wp_cron=1631232001.2440209388732910156250 HTTP/1.1" 200 192 "http://localhost/wp-cron.php?doing_wp_cron=1631232001.2440209388732910156250" "WordPress/5.8; http://localhost"
172.19.0.1 - - [10/Sep/2021:00:00:00 +0000] "GET /wp-admin/plugins.php HTTP/1.1" 200 16970 "http://localhost/wp-admin/options-general.php?page=wp-rest-api-log-settings&tab=wp-rest-api-log-settings-general" "Mozilla/5.0 (Windows NT 10.0; Win64; x64) AppleWebKit/537.36 (KHTML, like Gecko) Chrome/93.0.4577.63 Safari/537.36 Edg/93.0.961.38"
127.0.0.1 - - [10/Sep/2021:00:00:04 +0000] "POST /wp-admin/admin-ajax.php?action=mmdimo_load_donations&nonce=cb2b426b60 HTTP/1.1" 400 430 "http://localhost/wp-admin/admin-ajax.php?action=mmdimo_load_donations&nonce=cb2b426b60" "WordPress/5.8; http://localhost"
172.19.0.1 - - [10/Sep/2021:00:00:04 +0000] "GET /wp-admin/plugins.php?action=deactivate&plugin=makemydonation-imo%2Fmmdimo.php&plugin_status=all&paged=1&s&_wpnonce=2be9a898d3 HTTP/1.1" 302 523 "http://localhost/wp-admin/plugins.php" "Mozilla/5.0 (Windows NT 10.0; Win64; x64) AppleWebKit/537.36 (KHTML, like Gecko) Chrome/93.0.4577.63 Safari/537.36 Edg/93.0.961.38"
172.19.0.1 - - [10/Sep/2021:00:00:04 +0000] "GET /wp-admin/plugins.php?deactivate=true&plugin_status=all&paged=1&s= HTTP/1.1" 200 17041 "http://localhost/wp-admin/plugins.php" "Mozilla/5.0 (Windows NT 10.0; Win64; x64) AppleWebKit/537.36 (KHTML, like Gecko) Chrome/93.0.4577.63 Safari/537.36 Edg/93.0.961.38"
172.19.0.1 - - [10/Sep/2021:00:00:07 +0000] "GET /wp-admin/plugins.php?action=activate&plugin=donorbox-donation-form%2Fdonorbox_embed_campaign.php&plugin_status=all&paged=1&s&_wpnonce=5d1a3b2863 HTTP/1.1" 302 521 "http://localhost/wp-admin/plugins.php?plugin_status=all&paged=1&s" "Mozilla/5.0 (Windows NT 10.0; Win64; x64) AppleWebKit/537.36 (KHTML, like Gecko) Chrome/93.0.4577.63 Safari/537.36 Edg/93.0.961.38"
172.19.0.1 - - [10/Sep/2021:00:00:07 +0000] "GET /wp-admin/plugins.php?activate=true&plugin_status=all&paged=1&s= HTTP/1.1" 200 17046 "http://localhost/wp-admin/plugins.php?plugin_status=all&paged=1&s" "Mozilla/5.0 (Windows NT 10.0; Win64; x64) AppleWebKit/537.36 (KHTML, like Gecko) Chrome/93.0.4577.63 Safari/537.36 Edg/93.0.961.38"
172.19.0.1 - - [10/Sep/2021:00:00:12 +0000] "GET /wp-admin/options-general.php?page=donorbox-donation-form/donorbox_embed_campaign.php HTTP/1.1" 200 8036 "http://localhost/wp-admin/plugins.php?plugin_status=all&paged=1&s" "Mozilla/5.0 (Windows NT 10.0; Win64; x64) AppleWebKit/537.36 (KHTML, like Gecko) Chrome/93.0.4577.63 Safari/537.36 Edg/93.0.961.38"
172.19.0.1 - - [10/Sep/2021:00:00:53 +0000] "-" 408 0 "-" "-"
127.0.0.1 - - [10/Sep/2021:00:01:12 +0000] "POST /wp-cron.php?doing_wp_cron=1631232072.7107191085815429687500 HTTP/1.1" 200 192 "http://localhost/wp-cron.php?doing_wp_cron=1631232072.7107191085815429687500" "WordPress/5.8; http://localhost"
172.19.0.1 - - [10/Sep/2021:00:01:12 +0000] "POST /wp-admin/admin-ajax.php HTTP/1.1" 200 599 "http://localhost/wp-admin/options-general.php?page=donorbox-donation-form%2Fdonorbox_embed_campaign.php" "Mozilla/5.0 (Windows NT 10.0; Win64; x64) AppleWebKit/537.36 (KHTML, like Gecko) Chrome/93.0.4577.63 Safari/537.36 Edg/93.0.961.38"
172.19.0.1 - - [10/Sep/2021:00:02:12 +0000] "POST /wp-admin/admin-ajax.php HTTP/1.1" 200 599 "http://localhost/wp-admin/options-general.php?page=donorbox-donation-form%2Fdonorbox_embed_campaign.php" "Mozilla/5.0 (Windows NT 10.0; Win64; x64) AppleWebKit/537.36 (KHTML, like Gecko) Chrome/93.0.4577.63 Safari/537.36 Edg/93.0.961.38"
172.19.0.1 - - [10/Sep/2021:00:03:30 +0000] "POST /wp-admin/admin-ajax.php HTTP/1.1" 200 599 "http://localhost/wp-admin/options-general.php?page=donorbox-donation-form%2Fdonorbox_embed_campaign.php" "Mozilla/5.0 (Windows NT 10.0; Win64; x64) AppleWebKit/537.36 (KHTML, like Gecko) Chrome/93.0.4577.63 Safari/537.36 Edg/93.0.961.38"
172.19.0.1 - - [10/Sep/2021:00:04:30 +0000] "POST /wp-admin/admin-ajax.php HTTP/1.1" 200 599 "http://localhost/wp-admin/options-general.php?page=donorbox-donation-form%2Fdonorbox_embed_campaign.php" "Mozilla/5.0 (Windows NT 10.0; Win64; x64) AppleWebKit/537.36 (KHTML, like Gecko) Chrome/93.0.4577.63 Safari/537.36 Edg/93.0.961.38"
172.19.0.1 - - [10/Sep/2021:00:05:31 +0000] "POST /wp-admin/admin-ajax.php HTTP/1.1" 200 599 "http://localhost/wp-admin/options-general.php?page=donorbox-donation-form%2Fdonorbox_embed_campaign.php" "Mozilla/5.0 (Windows NT 10.0; Win64; x64) AppleWebKit/537.36 (KHTML, like Gecko) Chrome/93.0.4577.63 Safari/537.36 Edg/93.0.961.38"
172.19.0.1 - - [10/Sep/2021:00:07:12 +0000] "POST /wp-admin/admin-ajax.php HTTP/1.1" 200 599 "http://localhost/wp-admin/options-general.php?page=donorbox-donation-form%2Fdonorbox_embed_campaign.php" "Mozilla/5.0 (Windows NT 10.0; Win64; x64) AppleWebKit/537.36 (KHTML, like Gecko) Chrome/93.0.4577.63 Safari/537.36 Edg/93.0.961.38"
172.19.0.1 - - [10/Sep/2021:00:07:14 +0000] "GET /wp-admin/plugins.php HTTP/1.1" 200 17000 "http://localhost/wp-admin/options-general.php?page=donorbox-donation-form%2Fdonorbox_embed_campaign.php" "Mozilla/5.0 (Windows NT 10.0; Win64; x64) AppleWebKit/537.36 (KHTML, like Gecko) Chrome/93.0.4577.63 Safari/537.36 Edg/93.0.961.38"
172.19.0.1 - - [10/Sep/2021:00:07:19 +0000] "POST /wp-admin/admin-ajax.php HTTP/1.1" 200 7656 "http://localhost/wp-admin/plugins.php?s=woo&plugin_status=all" "Mozilla/5.0 (Windows NT 10.0; Win64; x64) AppleWebKit/537.36 (KHTML, like Gecko) Chrome/93.0.4577.63 Safari/537.36 Edg/93.0.961.38"
172.19.0.1 - - [10/Sep/2021:00:07:23 +0000] "POST /wp-admin/admin-ajax.php HTTP/1.1" 200 4670 "http://localhost/wp-admin/plugins.php?s=woocome&plugin_status=all" "Mozilla/5.0 (Windows NT 10.0; Win64; x64) AppleWebKit/537.36 (KHTML, like Gecko) Chrome/93.0.4577.63 Safari/537.36 Edg/93.0.961.38"
172.19.0.1 - - [10/Sep/2021:00:07:25 +0000] "POST /wp-admin/admin-ajax.php HTTP/1.1" 200 7672 "http://localhost/wp-admin/plugins.php?s=woocommerce&plugin_status=all" "Mozilla/5.0 (Windows NT 10.0; Win64; x64) AppleWebKit/537.36 (KHTML, like Gecko) Chrome/93.0.4577.63 Safari/537.36 Edg/93.0.961.38"
172.19.0.1 - - [10/Sep/2021:00:07:26 +0000] "GET /wp-admin/plugin-install.php HTTP/1.1" 200 17709 "http://localhost/wp-admin/plugins.php?s=woocommerce&plugin_status=all" "Mozilla/5.0 (Windows NT 10.0; Win64; x64) AppleWebKit/537.36 (KHTML, like Gecko) Chrome/93.0.4577.63 Safari/537.36 Edg/93.0.961.38"
172.19.0.1 - - [10/Sep/2021:00:07:33 +0000] "GET /wp-admin/plugin-install.php?tab=plugin-information&plugin=classic-editor& HTTP/1.1" 200 11487 "http://localhost/wp-admin/plugin-install.php" "Mozilla/5.0 (Windows NT 10.0; Win64; x64) AppleWebKit/537.36 (KHTML, like Gecko) Chrome/93.0.4577.63 Safari/537.36 Edg/93.0.961.38"
172.19.0.1 - - [10/Sep/2021:00:08:28 +0000] "POST /wp-admin/admin-ajax.php HTTP/1.1" 200 599 "http://localhost/wp-admin/plugin-install.php" "Mozilla/5.0 (Windows NT 10.0; Win64; x64) AppleWebKit/537.36 (KHTML, like Gecko) Chrome/93.0.4577.63 Safari/537.36 Edg/93.0.961.38"
172.19.0.1 - - [10/Sep/2021:00:09:44 +0000] "POST /wp-admin/admin-ajax.php HTTP/1.1" 200 599 "http://localhost/wp-admin/plugin-install.php" "Mozilla/5.0 (Windows NT 10.0; Win64; x64) AppleWebKit/537.36 (KHTML, like Gecko) Chrome/93.0.4577.63 Safari/537.36 Edg/93.0.961.38"
172.19.0.1 - - [10/Sep/2021:00:09:51 +0000] "GET /wp-admin/edit.php?post_type=wp-rest-api-log HTTP/1.1" 200 13396 "http://localhost/wp-admin/plugin-install.php" "Mozilla/5.0 (Windows NT 10.0; Win64; x64) AppleWebKit/537.36 (KHTML, like Gecko) Chrome/93.0.4577.63 Safari/537.36 Edg/93.0.961.38"
172.19.0.1 - - [10/Sep/2021:00:09:51 +0000] "GET /wp-content/plugins/wp-rest-api-log-1.6.7/admin/css/wp-rest-api-log-admin.min.css?ver=1.6.6 HTTP/1.1" 404 18411 "http://localhost/wp-admin/edit.php?post_type=wp-rest-api-log" "Mozilla/5.0 (Windows NT 10.0; Win64; x64) AppleWebKit/537.36 (KHTML, like Gecko) Chrome/93.0.4577.63 Safari/537.36 Edg/93.0.961.38"
172.19.0.1 - - [10/Sep/2021:00:09:51 +0000] "GET /wp-content/plugins/wp-rest-api-log-1.6.7/admin/js/wp-rest-api-log-admin.min.js?ver=1.6.6 HTTP/1.1" 404 18410 "http://localhost/wp-admin/edit.php?post_type=wp-rest-api-log" "Mozilla/5.0 (Windows NT 10.0; Win64; x64) AppleWebKit/537.36 (KHTML, like Gecko) Chrome/93.0.4577.63 Safari/537.36 Edg/93.0.961.38"
172.19.0.1 - - [10/Sep/2021:00:09:52 +0000] "GET /wp-content/plugins/wp-rest-api-log-1.6.7/admin/js/wp-rest-api-log-admin.min.js?ver=1.6.6 HTTP/1.1" 404 18409 "http://localhost/wp-admin/edit.php?post_type=wp-rest-api-log" "Mozilla/5.0 (Windows NT 10.0; Win64; x64) AppleWebKit/537.36 (KHTML, like Gecko) Chrome/93.0.4577.63 Safari/537.36 Edg/93.0.961.38"
172.19.0.1 - - [10/Sep/2021:00:09:52 +0000] "POST /wp-admin/admin-ajax.php HTTP/1.1" 200 599 "http://localhost/wp-admin/edit.php?post_type=wp-rest-api-log" "Mozilla/5.0 (Windows NT 10.0; Win64; x64) AppleWebKit/537.36 (KHTML, like Gecko) Chrome/93.0.4577.63 Safari/537.36 Edg/93.0.961.38"
172.19.0.1 - - [10/Sep/2021:00:09:59 +0000] "GET /wp-admin/tools.php?page=wp-rest-api-log-view-entry&id=17 HTTP/1.1" 200 9838 "http://localhost/wp-admin/edit.php?post_type=wp-rest-api-log" "Mozilla/5.0 (Windows NT 10.0; Win64; x64) AppleWebKit/537.36 (KHTML, like Gecko) Chrome/93.0.4577.63 Safari/537.36 Edg/93.0.961.38"
172.19.0.1 - - [10/Sep/2021:00:09:59 +0000] "GET /wp-content/plugins/wp-rest-api-log-1.6.7/admin/css/wp-rest-api-log-admin.min.css?ver=1.6.6 HTTP/1.1" 404 18411 "http://localhost/wp-admin/tools.php?page=wp-rest-api-log-view-entry&id=17" "Mozilla/5.0 (Windows NT 10.0; Win64; x64) AppleWebKit/537.36 (KHTML, like Gecko) Chrome/93.0.4577.63 Safari/537.36 Edg/93.0.961.38"
172.19.0.1 - - [10/Sep/2021:00:09:59 +0000] "GET /wp-content/plugins/wp-rest-api-log-1.6.7/admin/js/wp-rest-api-log-admin.min.js?ver=1.6.6 HTTP/1.1" 404 18410 "http://localhost/wp-admin/tools.php?page=wp-rest-api-log-view-entry&id=17" "Mozilla/5.0 (Windows NT 10.0; Win64; x64) AppleWebKit/537.36 (KHTML, like Gecko) Chrome/93.0.4577.63 Safari/537.36 Edg/93.0.961.38"
172.19.0.1 - - [10/Sep/2021:00:09:59 +0000] "GET /wp-content/plugins/wp-rest-api-log-1.6.7/admin/js/wp-rest-api-log-admin.min.js?ver=1.6.6 HTTP/1.1" 404 18409 "http://localhost/wp-admin/tools.php?page=wp-rest-api-log-view-entry&id=17" "Mozilla/5.0 (Windows NT 10.0; Win64; x64) AppleWebKit/537.36 (KHTML, like Gecko) Chrome/93.0.4577.63 Safari/537.36 Edg/93.0.961.38"
172.19.0.1 - - [10/Sep/2021:00:10:08 +0000] "GET /wp-content/plugins/wp-rest-api-log-1.6.7/admin/js/wp-rest-api-log-admin.min.js?ver=1.6.6 HTTP/1.1" 404 18410 "http://localhost/wp-admin/edit.php?post_type=wp-rest-api-log" "Mozilla/5.0 (Windows NT 10.0; Win64; x64) AppleWebKit/537.36 (KHTML, like Gecko) Chrome/93.0.4577.63 Safari/537.36 Edg/93.0.961.38"
172.19.0.1 - - [10/Sep/2021:00:10:08 +0000] "POST /wp-admin/admin-ajax.php HTTP/1.1" 200 598 "http://localhost/wp-admin/edit.php?post_type=wp-rest-api-log" "Mozilla/5.0 (Windows NT 10.0; Win64; x64) AppleWebKit/537.36 (KHTML, like Gecko) Chrome/93.0.4577.63 Safari/537.36 Edg/93.0.961.38"
172.19.0.1 - - [10/Sep/2021:00:10:23 +0000] "POST /wp-admin/admin-ajax.php HTTP/1.1" 200 599 "http://localhost/wp-admin/edit.php?post_type=wp-rest-api-log" "Mozilla/5.0 (Windows NT 10.0; Win64; x64) AppleWebKit/537.36 (KHTML, like Gecko) Chrome/93.0.4577.63 Safari/537.36 Edg/93.0.961.38"
172.19.0.1 - - [10/Sep/2021:00:10:38 +0000] "POST /wp-admin/admin-ajax.php HTTP/1.1" 200 599 "http://localhost/wp-admin/edit.php?post_type=wp-rest-api-log" "Mozilla/5.0 (Windows NT 10.0; Win64; x64) AppleWebKit/537.36 (KHTML, like Gecko) Chrome/93.0.4577.63 Safari/537.36 Edg/93.0.961.38"
172.19.0.1 - - [10/Sep/2021:00:10:53 +0000] "POST /wp-admin/admin-ajax.php HTTP/1.1" 200 599 "http://localhost/wp-admin/edit.php?post_type=wp-rest-api-log" "Mozilla/5.0 (Windows NT 10.0; Win64; x64) AppleWebKit/537.36 (KHTML, like Gecko) Chrome/93.0.4577.63 Safari/537.36 Edg/93.0.961.38"
172.19.0.1 - - [10/Sep/2021:00:11:16 +0000] "POST /wp-admin/admin-ajax.php HTTP/1.1" 200 599 "http://localhost/wp-admin/edit.php?post_type=wp-rest-api-log" "Mozilla/5.0 (Windows NT 10.0; Win64; x64) AppleWebKit/537.36 (KHTML, like Gecko) Chrome/93.0.4577.63 Safari/537.36 Edg/93.0.961.38"
172.19.0.1 - - [10/Sep/2021:00:11:32 +0000] "POST /wp-admin/admin-ajax.php HTTP/1.1" 200 599 "http://localhost/wp-admin/edit.php?post_type=wp-rest-api-log" "Mozilla/5.0 (Windows NT 10.0; Win64; x64) AppleWebKit/537.36 (KHTML, like Gecko) Chrome/93.0.4577.63 Safari/537.36 Edg/93.0.961.38"
172.19.0.1 - - [10/Sep/2021:00:12:04 +0000] "POST /wp-admin/admin-ajax.php HTTP/1.1" 200 599 "http://localhost/wp-admin/edit.php?post_type=wp-rest-api-log" "Mozilla/5.0 (Windows NT 10.0; Win64; x64) AppleWebKit/537.36 (KHTML, like Gecko) Chrome/93.0.4577.63 Safari/537.36 Edg/93.0.961.38"
172.19.0.1 - - [10/Sep/2021:00:12:09 +0000] "GET /wp-admin/options-general.php HTTP/1.1" 200 16362 "http://localhost/wp-admin/edit.php?post_type=wp-rest-api-log" "Mozilla/5.0 (Windows NT 10.0; Win64; x64) AppleWebKit/537.36 (KHTML, like Gecko) Chrome/93.0.4577.63 Safari/537.36 Edg/93.0.961.38"
172.19.0.1 - - [10/Sep/2021:00:12:16 +0000] "GET /wp-admin/plugins.php HTTP/1.1" 200 16992 "http://localhost/wp-admin/options-general.php" "Mozilla/5.0 (Windows NT 10.0; Win64; x64) AppleWebKit/537.36 (KHTML, like Gecko) Chrome/93.0.4577.63 Safari/537.36 Edg/93.0.961.38"
172.19.0.1 - - [10/Sep/2021:00:13:08 +0000] "-" 408 0 "-" "-"
172.19.0.1 - - [10/Sep/2021:00:13:17 +0000] "POST /wp-admin/admin-ajax.php HTTP/1.1" 200 599 "http://localhost/wp-admin/plugins.php" "Mozilla/5.0 (Windows NT 10.0; Win64; x64) AppleWebKit/537.36 (KHTML, like Gecko) Chrome/93.0.4577.63 Safari/537.36 Edg/93.0.961.38"
127.0.0.1 - - [10/Sep/2021:00:14:17 +0000] "POST /wp-cron.php?doing_wp_cron=1631232857.8569319248199462890625 HTTP/1.1" 200 192 "http://localhost/wp-cron.php?doing_wp_cron=1631232857.8569319248199462890625" "WordPress/5.8; http://localhost"
